[01]    4.7s  Q: 这个游戏怎么赢？
      A: 这个游戏的胜负在终局计分完成后判定，比的是成功点数，谁的分数最高谁赢。如果成功点数并列，就看谁的模组升级数更多；还并列的话，就按座次顺序，从起始玩家顺时针先到的人获胜。

[02]    5.2s  Q: 部落有哪几种状态？
      A: 部落只有两种状态：站立和躺倒。站立也叫强壮，躺倒也叫虚弱。只有站立状态的部落可以迁徙，躺倒的部落在喂养阶段如果没被喂饱就会死亡。

[03]    7.3s  Q: 营地是什么？有什么用？
      A: 营地在游戏里就是大陆上放部落的圆形位置。部落待在营地里，喂养阶段每个只要一份食物；不在营地里的部落则要两份。部分营地印着人数标记，人少的局会用阻挡标记盖住用不到的营地；另外还有种特殊的篝火营地，部落落定上去能立刻获得上面印的分数。

[04]    4.6s  Q: 大陆上有哪几种地形？
      A: 大陆上一共有七种地形：森林、草原、丘陵、沼泽、山脉、沙漠，还有海洋。每块领地都归为这七种之一，生产什么材料也由地形决定。

[05]    6.8s  Q: 什么叫领地？两个同色相邻的区域算同一个吗？
      A: 领地就是大陆上的一片具体土地，每块领地由它所在的大陆板块决定地形，可能是森林、草原、丘陵、沼泽、山脉、沙漠或海洋七种之一。即使两块相邻领地是同一地形类型，规则上也算两个不同的领地，不会合并成一块。

[06]   13.3s  Q: 我的人口标记是干嘛的？
      A: 你说的应该是你的部落米宝，也就是你的人口的代表。它们是你在大陆上的存在基础，行动都靠它们：迁徙、建聚落、繁育、上船都离不开。同时人口本身也是计分项——时代计分时，大陆上每有一个人口，你就按当前时代计分板块上的人口分数得一次分；终局计分时人口类别也按同样方式结算，所以人口越多，每次计分赚的分越多。另外记得喂养阶段要喂饱它们，躺倒的部落喂不饱就会死亡。

[07]   10.6s  Q: 游戏一共有几个阶段？按什么顺序进行？
      A: 游戏总共进行四个时代，每个时代内部有八个阶段，按顺序是：阶段一新卡牌，翻开本时代的事件牌和研究牌；阶段二新目标，大家轮流拿目标芯片；阶段三额外收获，每人按自己部落所在区域拿一份材料；阶段四行动阶段，这是核心阶段，大家轮流激活模组或执行重置；阶段五地点阶段，结算狼谷、冰川、神秘橡树这些地点的效果；阶段六喂养阶段，喂饱部落，强壮部落得分；阶段七事件阶段，结算天气和事件牌、按本时代类别计分、换起始玩家；阶段八收入阶段，获得收入、雕像计分、回收狩猎标记、补满重置列。前三时代结束后回到阶段一开启新时代，第四时代结束后直接进入终局计分。

[08]    5.5s  Q: 阶段一干什么？
      A: 阶段一是"新的卡牌"。先翻开事件牌堆顶部一张，盖住上一时代的事件牌，告诉大家这一时代的天气变化方向和事件效果。然后从五个背面朝下的研究牌堆各翻一张，放到对应的正面朝上牌堆上，第一时代是新建，之后就是盖住上一时代的牌。

[09]    6.9s  Q: 阶段二每个人都要拿目标芯片吗？
      A: 不是的。阶段二每位玩家可以选择拿，也可以跳过。从起始玩家开始顺时针轮流，轮到你时可以从展示区拿一枚目标芯片放进自己的目标区，也可以放弃不拿；等所有人都选完，再把展示区补满。

[10]    7.1s  Q: 额外收获是什么意思？我该怎么做？
      A: 额外收获是每个时代第三个阶段的行动，按座次从起始玩家开始，每人做一次。做法很简单：挑一块至少有你一个部落的陆地，从供应堆拿一个你的八角柱，放到自己仓库里、和那块地地形类型对应的那一列存储格上。记住只看地的地形类型，跟材料板块上印的图案没关系。

[11]    8.3s  Q: 行动阶段我要做什么？
      A: 行动阶段从起始玩家开始，大家按顺时针轮流转，每个人轮到自己的回合时必须二选一：要么激活一个模组，支付两颗点数对应的白骰子，然后执行这个模组当前等级的效果；要么执行重置，前提是你当前骰子区的白骰子不超过三颗。重置分三步走，第一步把阶段标记沿黄色箭头推到下一个重置格，第二步把用过的骰子全部收回来重掷，第三步把最左边那颗重置标记放到创意格或食物格里。行动阶段会一直这样一轮一轮转下去，直到有人重置时把阶段标记推到红色结束格，那之后再完整转一圈，行动阶段就结束了。

[12]   10.7s  Q: 地点阶段会发生什么？
      A: 地点阶段是阶段五，按固定顺序依次结算三种已经翻开的地点的效果，先狼谷，再冰川，最后神秘橡树；没翻开的地点直接跳过。

狼谷：每块狼谷独立结算，相邻领地里有你部落的玩家，食物格里要是有食物就失去一个食物，没食物就没事。

冰川：同样每块独立结算，相邻领地里有强壮部落的玩家，必须把其中一个强壮部落躺倒变虚弱；已经弱的不受影响，没有强壮部落就豁免。

神秘橡树：每块橡树独立计分，相邻且有你的部落的区域里，海洋、沼泽、沙漠各得两分，森林、草原、丘陵、山脉各得一分。

三种地点结算完，阶段标记就推进到阶段六的喂养阶段。

[13]    9.4s  Q: 喂养阶段怎么喂？
      A: 喂养阶段分两步。第一步喂部落，每个玩家看自己大陆上每个部落的饭量：待在营地里或者船上的部落吃一个食物，待在野外的部落吃两个食物。如果你在自己农场所在的领地里，营地上的部落直接算吃饱不用喂，野外的部落也只要一个食物。喂的时候从你控制台的食物格里把对应数量的食物放回供应堆就行。第二步是强壮部落得分。

没喂饱的部落，站着的会躺倒变虚弱，已经躺倒的直接死亡，这时可以用机械降神救它。

[14]    5.9s  Q: 事件阶段干什么？
      A: 事件阶段一共有四步。第一步，先看事件牌右上角的天气趋势，把天气标记往热端或冷端移动一到两步，然后所有玩家按座次顺位结算天气标记所在格的效果，正面效果可以放弃，负面效果必须执行。第二步，结算事件牌下半部分的事件效果，条件成立就给对应文明发奖励，多个文明按座次顺位依次拿。第三步，按当前时代的计分板块类别计分，每人算自己的得分，算完把这块计分板块移出游戏。第四步，刚在该类别得分最高的玩家成为新的起始玩家，拿到起始纪念碑，平局时从现任起始玩家起按座次传给下一个平局者。

[15]    6.8s  Q: 收入阶段做什么？
      A: 收入阶段按顺序做四件事。第一，获得收入：从起始玩家开始按座次轮流，每位玩家把自己控制台上所有已安装的收入芯片各激活一次，激活顺序自己定。第二，雕像计分：每座在大陆上的雕像，按阿格拉恩惠轨上你圆盘位置上方印的分数得分。第三，回收大陆上所有狩猎指示物放回狩猎标记展示区。第四，每位玩家把空的重置列从供应堆补满。前三时代做完这些就把阶段标记移回阶段一开新时代；第四时代跳过第三第四步，直接把阶段标记放到终局计分区，进入终局计分。

[16]    6.0s  Q: 怎么激活模组？
      A: 激活模组分三步。第一步，选一个自己的模组，主模组或特征模组都行。第二步，支付费用，恰好两颗点数匹配的激活骰，把骰子从激活骰子区付到你的保留区。支付前可以先用创意标记调整骰子点数，一个标记加减一点，一点和六点算相邻。计划标记能顶替对应点数的激活骰，焦点标记能顶替任意点数。第三步，执行这个模组当前等级印的效果。

[17]    7.3s  Q: 重置是什么？怎么操作？
      A: 重置是你在自己回合可以执行的一个行动，前提是你激活骰子区里剩下的骰子不超过三颗。操作方法是把重置列里最靠左的重置标记沿着列往下推三步：第一步推动阶段标记前进到下一个重置格，如果推到红色格就会触发行动阶段结束；第二步把用过的激活骰全部回收重掷放回点数格；第三步把这个标记放进你的创意格或食物格。就算四列都空了也还能重置，只是第三步改成从供应堆拿一个普通标记放进去。

[18]    6.1s  Q: 什么时候能重置？
      A: 重置这个行动的前提是，你的激活骰子区里剩下的骰子不超过三颗，也就是你这一轮已经用掉了至少三颗骰子的时候就能重置。执行时把最左边重置列里的标记往下推三步，A 步推进阶段标记，B 步把所有用过的骰子收回来重掷，C 步把这个标记放到你的创意格或食物格。就算四列重置标记都用完了也还能重置，只是最后一步改成从供应堆拿一个通用标记来放。

[19]    6.4s  Q: 怎么狩猎？
      A: 狩猎很简单，四步。先选一个有自己部落、而且这个时代还没被猎过的区域。然后把你所有的粉色命运骰全掷了，挑一个点数，可以用创意标记改点数，一个标记加减一点，一和六是相连的。接着按进程版图上的狩猎表查这个区域的地形配合骰子点数能拿多少食物，从供应堆拿对应数量的食物放到自己控制台的食物格上。最后放一个狩猎指示物到那个区域上，表示这个时代谁都不能再去那里狩猎了。

[20]    9.9s  Q: 怎么迁徙？
      A: 迁徙是你的主模组行动之一。激活时要支付一颗点数一的激活骰和一颗点数三的激活骰。一级效果执行一次迁徙，二级升级后先过恩惠检定，通过能迁徙两次，没通过只能一次。

一次迁徙就是把你一个站着的部落移到相邻领地，移完你要决定是落定还是继续走。落定的话会结算三件事：如果目的地营地有别的部落就把它赶到荒野，然后你的部落变虚弱；如果落定在篝火营地就立刻得营地的分；如果目的地从没被开发过，就翻开它的材料板块并放一个原材料标记。选择继续走就是穿越，什么都不结算，但同一回合里这个部落还能再迁徙一次。另外，部落也可以移到自己相邻水域里有空位的船上，每艘船最多装两个部落。

[21]    6.4s  Q: 怎么生产原材料？
      A: 生产原材料的做法是：选一个至少有你一个部落的区域，从供应堆拿一个八角柱放到那个区域，它就变成该区域材料板块上标的那种原材料。如果你的船上有部落而且船的中央凹槽空着，也可以在船上生产。注意原材料本身不能直接用，要等运回仓库变成仓库材料后才能用来建造或付卡牌费用。

[22]    8.7s  Q: 原材料怎么变成能用的东西？
      A: 原材料生产出来之后本身还不能用，你要把它运到控制台的仓库里。一旦进了仓库，它就变成可用的仓库材料，可以用来建造聚落和雕像，或者支付研究牌的费用。

[23]   12.9s  Q: 怎么建造？能建什么？
      A: 建造是控制台上的一个主模组，激活时要同时付一个点数四和一个点数六的激活骰，然后从四种建造项目里选一种执行，或者从手牌安装一张建造牌。

能建四种东西。农场免费，放在有你部落的陆地上，最多三个，建完立刻拿一个创意标记。船也免费，放在和你有部落区域相邻的水域，最多两艘，建完还能把一个站着的部落迁到船上。

雕像和聚落都建在建造点上。雕像要从仓库花掉建造点上列出的其中一种材料，建完可以推进任意一条进程轨一格，之后每个收入阶段按阿格拉恩惠轨计分。聚落要付建造点上的材料费用，建完立刻获得一个收入芯片并触发效果，每人最多四个，建第四个时还可以翻面一个层级板块。

[24]    6.6s  Q: 怎么运输材料？
      A: 运输材料有两种情况。陆地上的原材料，你直接选大陆上任一个自己的原材料标记，按它所在区域板块的材料类型，放进对应类型的仓库格就行，不需要那个区域有你的部落。船上的原材料则是选一个船载标记，按船所在河道相邻的已开发区域的材料类型放进仓库格。原材料只有运进仓库才真正能用。

[25]    9.9s  Q: 怎么获得研究牌？
      A: 想拿研究牌，主要靠你的主模组研究。激活它要支付一颗点数一的激活骰和一颗点数二的激活骰，然后二选一：直接从明面的研究牌堆里拿一张，或者从背面牌堆抽两张、挑一张留下，剩下放回。研究模组升级到二级后还是同样的费用，但抽牌选项变成抽四张选一张；升到三级可以拿两次研究牌，或者抽四张选两张。另外有些研究牌自带的即时奖励也能给你研究牌，但主渠道就是研究模组。

[26]   11.5s  Q: 研究牌怎么安装？有什么限制？
      A: 研究牌从手牌打出，装到控制台的层级分区里。装的时候先确定列和层级：五种类型各占一列，同一列里只能装同一类型的研究牌；如果这一类型还没装过，就选一个空列或者只有收入芯片的列。每列必须从底层往上一层一层连续装，不能跳空。

安装要满足费用格：牌上共有五格费用，装到第几层就至少满足前几格里所有非空格，也可以自愿多满足到更高格，每满足一格就拿到该格下方印的成功点数，全部加总推上计分轨。费用格分两种，支付型是把材料从仓库退回供应堆，持有型是只要手里有够数量就行、不消耗。

装完结算牌下方的即时奖励，不想结算可以放弃。最后把牌插进去，只露出上三分之一的能力区，能力从此持续生效。要注意最左边一列被层级四和层级五的板块挡住不能装，而层级四和层级五本身要建第四个聚落才会激活。

![研究牌](http://localhost:5000/games/civolution/media/components/research_card.png)

[27]    8.0s  Q: 激活骰和命运骰有什么区别？
      A: 两种骰子颜色和用途都不一样。激活骰是白色的，点数一到六，用来支付激活模组的费用，激活模组时从公共展示区拿一颗，掷出后按点数放到控制台上对应的点数格里。命运骰是粉色的，每位玩家开局就有一颗放在控制台旁边，用来做恩惠检定、狩猎和幸运收获，投掷后按点数对照对应表结算。简单说，激活骰是干活付账用的，命运骰是碰运气搏收益用的。

[28]    5.5s  Q: 创意标记是干什么的？
      A: 创意标记是你放在自己控制台创意格上的小标记，作用是调整骰子点数。每花掉一个创意标记，就能把你手上任意一颗激活骰或命运骰的点数加一或减一，一颗就能让一点变成六点、六点变成一点。比如狩猎或幸运收获掷骰时觉得点数不满意，就可以用创意标记来改。想获得创意标记，最常见的方式是建造农场，建一个农场立刻拿一个。

[29]    5.6s  Q: 计划标记怎么用？
      A: 计划标记是从供应堆拿的标记，要全部放在你控制台同一个骰子格上，不能分散。它的作用是：激活模组时，如果那个模组要求某个点数的激活骰，你可以把对应点数格上的计划标记放回供应堆，当作那个点数的白骰子来支付费用。要注意它只能替代激活骰，不能替代命运骰，而且用掉后放回供应堆，不会进你的保留区。另外还有一种特殊的焦点标记，可以当作任意点数的计划标记来用。

[30]    8.9s  Q: 焦点标记有什么用？
      A: 焦点标记是个特殊的计划标记，可以当作任意点数的计划标记来用。激活模组的时候，如果缺某个特定点数的激活骰，你可以把自己焦点格上的焦点标记放回供应堆，来代替那个点数的骰子支付费用。

[31]    6.7s  Q: 1和6算相连吗？
      A: 是的，一和六算相连。具体来说，用创意标记调整骰子点数时，骰子是按环形来算的，六的下一格就是一，所以一个创意标记就可以把一改成六，或者把六改成一。

[32]    8.8s  Q: 骰子点数不够怎么办？
      A: 骰子点数不够有两种办法。第一种，花创意标记调点数：每个创意标记可以把一颗自己手上的激活骰或命运骰的点数加减一，一颗标记就能在一和六之间互改，相当于一圈是连着的。第二种，如果你激活骰子区剩下的骰子不超过三颗，也可以直接选择执行重置，把手头用过的骰子全部收回来重掷。

[33]    8.1s  Q: 喂不饱部落会怎样？
      A: 喂养阶段没喂饱的部落分两种情况：站着的强壮部落会躺倒变虚弱；已经躺倒的虚弱部落会直接死亡，从大陆上移回你的供应堆，除非你用机械降神救它。

[34]    8.2s  Q: 什么叫机械降神？什么时候能用？
      A: 机械降神是个救命行动。当你的部落即将死亡，也就是部落死亡结算马上要开始的那一刻，你可以用它来改写结果：原本要移除部落，改为把你阿格拉恩惠轨上的标记往后移一步。条件是你的恩惠标记不在轨的最左格，如果在最左格就不能用。部落死亡主要发生在两种时候，一种是喂养阶段没喂饱的躺倒部落，一种是事件阶段被负面效果指定移除的部落，这两种时刻你都能用机械降神。

[35]    5.7s  Q: 机械降神用了会怎样？
      A: 机械降神是一个保命行动。当你的某个部落即将死亡时，你可以发动它：部落不用移除，改为把你阿格拉恩惠轨上的标记往后移一步。注意，如果你的恩惠标记已经在轨道最左边，就不能用了。

[36]    5.4s  Q: 狼谷是什么效果？
      A: 狼谷是效果地点，一共两块。在地点阶段结算，每块各自独立结算一次。只要你的部落站在与狼谷相邻的领地上，而且你食物格里有食物，就要失去一个食物；要是你本来就没有食物，就免了。

[37]    4.6s  Q: 冰川会怎样？
      A: 冰川是一种效果地点，游戏里一共两块，各自独立结算。在地点阶段结算时，只要你在相邻领地里有站立的强壮部落，就得把其中一个强壮部落放倒变虚弱；躺倒的弱部落不受影响，如果你相邻领地没有强壮部落就完全没事。

[38]    4.3s  Q: 神秘橡树怎么计分？
      A: 神秘橡树一共三块，在地点阶段逐块独立结算。每块橡树算的是和你部落相邻的区域：水、沼泽、沙漠每个两分，森林、草原、丘陵、山脉每个一分。

[39]    8.1s  Q: 地点怎么翻开？
      A: 地点是通过探索来翻开的。你在自己回合选择探索行动，挑一块大陆上背面朝上的地点，把它翻到正面，立刻获得它正面左上角印的分数，然后结算这个地点的效果。翻开后地点一直保持正面朝上，持续生效到游戏结束。

[40]   13.0s  Q: 目标芯片怎么获得？有什么用？
      A: ![目标芯片](http://localhost:5000/games/civolution/media/components/goal_chip.png)

目标芯片是蓝色的小方块，大小只有收入芯片和属性芯片的一半。

获得方式很简单：从进程版图上的目标芯片展示区直接拿一枚，正面朝上放进自己控制台左上角的目标区，目标区一共三格，三格都满了就叠在已有的芯片上。每拿一枚，就从深蓝袋子里随机抽一枚把展示区补满。

目标芯片的用处是安装：从目标区把它装到控制台的目标列上，翻到背面，选左半侧或右半侧，放到最低的空位，安装前要满足芯片上印的费用条件。把目标区同一格的一叠目标芯片全部装完，就能升级一个主模组，有些芯片装上去还会揭开额外的升级奖励。

[41]    8.2s  Q: 收入芯片怎么获得？什么时候激活？
      A: 收入芯片的获得方式有三种。第一，游戏开始时你会从展示区选一张初始芯片塞进控制台，作为你的第一个收入芯片。第二，之后可以从进程版图上的收入芯片展示区拿取。第三，每建造一个聚落，就获得一个收入芯片并立即执行效果。

激活时机要记住：安装芯片本身不触发效果。它只在三类时机被激活，一是收入阶段，每位玩家对每个已安装的收入芯片各激活一次，顺序自己定；二是走到天气轨温暖格或拿到进程轨奖励时，可以选一个已安装的收入芯片激活；三是刚说的，建造聚落获得芯片时立刻执行。

[42]    8.4s  Q: 属性芯片是干嘛的？
      A: 属性芯片是黄色的芯片，从进程版图的展示区拿取。芯片左侧印的是安装费用，右侧印的是一个条件效果。你把它装到自己控制台的属性列上之后，它就给你提供持续效果。同一列已经有芯片就顺着往下装，没有就挑一个空列开始。到了终局计分，每个已激活层级里每装一枚芯片都能拿到该层级标示的分数。

![属性芯片](http://localhost:5000/games/civolution/assets/components/page-04/attribute_chip.png)

[43]    4.4s  Q: 事件牌有什么作用？
      A: 事件牌每个时代翻开一张，决定本时代的天气变化和事件奖励。它带两个效果：右上角的天气趋势决定天气标记往热端还是冷端移动几步，在事件阶段的第一步结算；下半部分的事件效果在事件阶段第二步结算，条件成立时给符合条件的文明发放奖励，条件不成立就作废。少数事件还会移除场上已有的农场或船。

![事件牌](http://localhost:5000/games/civolution/media/components/event_card.png)

[44]    9.5s  Q: 模组可以升级吗？怎么升？
      A: 可以升级。主要途径是进程轨的奖励：你的进程标记在推进过程中越过轨上的奖励线时，其中一种奖励就是升级一个主模组。升级条件是，你选的模组两个激活骰费用点数里，有一个要和这条轨道对应的骰子点数一致。升级的物理操作是：从一级升到二级就把模组板块翻面，从二级升到三级就把板块放回游戏盒，然后控制台上这个槽位底部的三级效果就激活了。另外开局轮抽初始芯片牌时，牌上记录的那个模组会直接升到二级，这是你的第一个升级模组。

[45]    5.9s  Q: 睡眠模组是什么？
      A: 睡眠模组是二十二个模组里唯一的一个睡眠类型模组，它固定不变、不能升级。激活时先支付任意两颗激活骰，点数不限；然后二选一：拿一个焦点标记放到自己控制台的焦点格，或者拿两个创意标记放到创意格。

[46]    9.4s  Q: 模组激活要什么骰子？
      A: 激活模组要支付两颗白色激活骰，也就是控制台骰子区里的白骰子。每块模组板块的左下角和右下角各标了一个点数，你需要付两颗点数正好对应的骰子，特征模组则要求两颗点数相同。如果你在某个点数格上放了计划标记，它也可以顶替对应点数的骰子来支付。

![模组板块](http://localhost:5000/games/civolution/assets/components/page-05/module_tile.png)

[47]    6.6s  Q: 阿格拉恩惠轨是干嘛的？
      A: 阿格拉恩惠轨是流程版图上大家共用的一条轨，一共六格，代表阿格拉对你这位神祇的青睐程度。它管三件事：第一是恩惠检定，就是你投命运骰时，只要任意一颗骰子点数小于等于轨上的位置就算通过，轨越高越好过；第二是雕像在收入阶段按轨的位置计分；第三是终局计分时也会看它。推进它主要靠进程轨奖励，轨上标记推到顶之后也常见推进到一的说法，具体看当时效果。

[48]    4.3s  Q: 恩惠检定是什么？
      A: 恩惠检定就是你投掷自己所有的粉色命运骰，只要有任何一颗骰子的点数落在阿格拉恩惠轨当前数字的范围内，也就是从一到那个数字之间，就算通过。掷完之后你还可以花创意标记调整骰子点数，一个创意标记让任意一颗骰子加减一，一点和六点是连在一起的。

[49]   11.3s  Q: 游戏什么时候结束？
      A: 游戏一共进行四个时代，每个时代有八个阶段。第四时代的收入阶段做完收入和雕像计分后，就不再回收狩猎标记和补重置列，直接把阶段标记放到终局计分区最左格，进入终局计分。终局计分沿终局轨逐格推进，依次结算科技、声望、知识、建设、文化、演化、繁荣、人口、扩张九个类别，最后是控制台 A 和控制台 B 两格，一共十一格。全部走完后比较总分，最高者获胜；如果平分，就比谁的模组升级多，还一样的话按座次顺序，先到者赢。

[50]   10.1s  Q: 终局怎么计分？
      A: 终局计分分三段说。第四时代收入阶段做完收入和雕像计分后就跳过后面步骤，直接进入终局计分。把黄色阶段标记放到进程版图终局计分轨最左的科技格，然后一格一格往右推，一共十一格，顺序是科技、声望、知识、建设、文化、演化、繁荣、人口、扩张、控制台甲、控制台乙。前九格是类别计分：科技到文化这五格按你圆盘所在轨道的步数乘以该格分值，演化按你的特征标记数，繁荣按活跃钻石数，人口按你在版图上的部落数，扩张按你有部落的区域数。每格的分值印在格子下方，开局时抽三张计分板块会盖掉对应格子的分值，被盖住的格按板块上的分数算。第十格控制台甲按已激活层级结算，每个层级每装一张研究牌或芯片就得该层标示的分；第十一格控制台乙把所有研究牌上印的分数奖励加总。走完十一格后比总分，最高者赢，平手时先比成功点数，再比模组升级数，还平就按座次顺序。

[51]   17.4s  Q: 贵族怎么获得？
      A: 我查了一下规则，游戏里没有叫“贵族”的东西。你说的可能是“恩惠标记”，就是放在阿格拉恩惠轨上、用来做恩惠检定和雕像收入的那个标记；也可能是“声望轨”，就是五条进程轨里对应骰子点数二的那条。你具体想问的是哪一个？

[52]   10.0s  Q: 什么时候游戏结束？
      A: 游戏一共进行四个时代，每个时代有八个阶段。打完第四个时代的收入阶段后，游戏进入终局计分：把阶段标记放到终局计分轨最左边，从科技、声望、知识、建设、文化、演化、繁荣、人口、扩张，再到控制台两格，一共十一格，一格一格往右推，每格结算对应的分数。走完全部十一格后，总分最高的人获胜；如果平手，先比升级过的模组数量，还平手就按座次顺序决定。

============================================================
共 52 题，总耗时 411.4s，平均 7.9s
慢于 15s 的 1 题：[51]
