[01]    6.5s  Q: 这个游戏怎么赢？
      A: 赢的办法很简单：游戏一共打四个时代，每个时代八个阶段，走完第四时代就进入终局计分。终局计分沿着一条十一格的轨道一格一格推进，每格结算一类分数，走完全轨后比总分，分数最高的玩家获胜。

如果出现平局，先比谁的模组升级数量更多，再多的话就看座次顺序，从起始玩家顺时针数，排在前面的人赢。平时你能看到的分数就是成功点数，也叫分数，通过时代计分、雕像计分、地点计分等各种方式累积。

[02]    6.4s  Q: 部落有哪几种状态？
      A: 部落只有两种状态：站立和躺倒。站立就是健康，能迁徙、能得分；躺倒就是虚弱，不能迁徙，而且在喂养阶段要是没喂饱就会直接死亡。

[03]    3.2s  Q: 营地是什么？有什么用？
      A: 营地就是大陆上用来放部落的圆形位置，是个空位标记点。它本身没有额外功能，就是给部落立足用的，比如开局的初始部落就要放到营地上。营地里有一部分带人数标记，三人以上局才用到带三的，四人局才用到带四的，人少的时候那些用不到的营地会用阻挡标记盖住。另外大陆上有的营地还对应狩猎指示物的图标，设置时也会按人数盖掉一部分。

[04]    4.3s  Q: 大陆上有哪几种地形？
      A: 大陆上一共有七种地形：森林、草原、丘陵、沼泽、山脉、沙漠、海洋。每种地形对应不同的材料产出，比如森林出木头和蜂蜡，山脉出石头和铁矿，沙漠出沙子和铜矿。

[05]    3.1s  Q: 什么叫领地？两个同色相邻的区域算同一个吗？
      A: 领地就是大陆上的一片具体土地，每块领地的地形由它所在的大陆板块决定。关键一点：就算两块相邻领地的地形类型一样，它们在规则上仍然是两个不同的领地，不会合成一个。

[06]   11.2s  Q: 我的人口标记是干嘛的？
      A: 人口是个计分类别，跟你在大陆上的部落挂钩。每到时代计分或者终局计分走到人口这一项时，你在大陆上每有 1 个部落就得到对应的分值，记到分轨上。所以它本身不是拿来用的，而是看你有多少部落待在大陆上得分。

[07]    3.6s  Q: 游戏一共有几个阶段？按什么顺序进行？
      A: 游戏分两个大阶段：先做设置，然后进入时代循环。整个游戏总共进行四个时代，每个时代固定有八个阶段，按顺序依次是：一、翻开新的卡牌；二、拿新的目标；三、额外收获；四、行动阶段；五、地点阶段；六、喂养阶段；七、事件阶段；八、收入阶段。前三时代结束后回到阶段一开新的一轮，第四时代走完收入阶段后就进入终局计分，最后比较总分定胜负。

[08]    3.6s  Q: 阶段一干什么？
      A: 阶段一是新的卡牌，做两件事：先翻开事件牌堆顶上一张，盖住上一时代的事件牌，右上角显示本时代天气往热或冷移动几步以及事件效果；然后五个研究牌堆各翻一张，放到对应的正面朝上研究牌堆上，第一时代是新建堆，之后是盖住上一张。做完就把阶段标记推进到阶段二。

[09]    4.9s  Q: 阶段二每个人都要拿目标芯片吗？
      A: 不用，阶段二里每位玩家只是可以选择拿一枚目标芯片，也可以选择跳过。所有人选完后再补满展示区的空位。

[10]    3.0s  Q: 额外收获是什么意思？我该怎么做？
      A: 额外收获是一个行动：选一个你有至少一个部落站着的领地，从供应堆拿一个标记，放到自己仓库区里跟那个领地地形类型对应的存储格。选哪个存储格任你挑，只要是该地形的三个格子之一就行。注意只看领地地形，跟材料板块上印的具体材料无关。

[11]    5.2s  Q: 行动阶段我要做什么？
      A: 行动阶段里，从起始玩家开始按顺时针轮流，轮到你的回合必须二选一：一是激活一个模组，支付恰好两个对应点数的激活骰子，执行那个模组当前等级的效果；二是执行重置，前提是你激活骰子区剩下的骰子不超过三个。重置分三步，推动阶段标记、回收并重掷所有用过的骰子、再把最左侧的重置标记放进创意格或食物格。

[12]    3.3s  Q: 地点阶段会发生什么？
      A: 地点阶段是第五阶段，按顺序结算三张已翻开的地点：先是狼谷，然后是冰川，最后是神秘橡树。没翻开的地点直接跳过。

狼谷会让和它相邻且有自己部落的玩家失去一个食物，没食物就没事。冰川会让相邻有站立部落的玩家把其中一个站立部落放倒变虚弱。神秘橡树则是给每个部落旁边的区域加分：水、沼泽、沙漠各两分，森林、草原、丘陵、山脉各一分。

三样结算完就进入下一阶段，也就是喂养阶段。

[13]    4.1s  Q: 喂养阶段怎么喂？
      A: 喂养阶段分两步。第一步喂部落，你先看自己每个部落的喂食成本：待在营地里或船上的部落要一个食物，待在野外营地铁栏外的部落要两个食物；如果你自己的农场和这个部落同在一个领地，营地铁栏内的部落直接算喂饱不用花食物，野外的也只要一个食物，研究牌还能再减免。支付就是把对应数量的食物从自己的食物格里放回供应堆。没喂饱的部落，站着的会躺倒变虚弱，已经躺倒虚弱的会直接死掉，这时可以用机械降神救它。所有玩家都喂完后进入第二步，你每有一个还站着的强壮部落就得一分。

[14]    5.0s  Q: 事件阶段干什么？
      A: 事件阶段按顺序做四件事。第一步先按本时代事件牌右上角标的方向和步数移动天气标记，然后按座次逐人结算天气轨当前格的效果。第二步结算事件牌下半部分的事件奖励，条件满足就发奖励。第三步按当前时代计分板块显示的类别给大家计分，比如科技、人口、繁荣这类，计完把板块拿走。第四步由刚在这个类别得分最高的玩家当新起始玩家，接过起始纪念碑。

[15]    4.5s  Q: 收入阶段做什么？
      A: 收入阶段是每个时代的最后一个阶段，按顺序做四件事：先每人轮流结算自己所有已安装的收入芯片效果一次，顺序自己定；然后每座大陆上的雕像按恩惠轨自己圆盘上方印的分数得分；接着把大陆上所有狩猎指示物收回到展示区；最后每个人从供应堆把空的重置列各补一个重置标记。前三时代做完就移回阶段一开新时代，第四时代则跳过回收和补列，直接进入终局计分。

[16]    4.1s  Q: 怎么激活模组？
      A: 激活模组就是选一个自己的模组，付恰好两颗点数相符的激活骰作为费用，然后执行它当前等级的效果。可升级模组和特征模组都能这样激活，特征模组激活后你会拿到对应的特征标记。费用如果点数不够，还可以在支付前消耗创意标记把激活骰的点数调成你需要的值，一个创意标记等于正负一，一和六首尾相连。

[17]    4.1s  Q: 重置是什么？怎么操作？
      A: 重置是一个行动。当你激活骰子区里剩下的激活骰不超过三颗时，就可以执行重置。操作分三步：A 步把重置列里最靠左的重置标记往下推一格，同时推动阶段标记往前走一格；B 步把用过的激活骰全部收回来重掷，按点数放回；C 步把这个重置标记放到你的创意格或者食物格里，二选一。如果四个重置列全空了，C 步就从供应堆拿一个八角柱放过去。

[18]    4.7s  Q: 什么时候能重置？
      A: 重置行动随时都能执行，只要满足前提：你的激活骰子区里剩余点数骰不超过三颗。执行时把你四条重置列里最靠左的那枚重置标记往下推，分三步走——先推动阶段标记前进一格，再回收所有已用的激活骰重掷放回，最后把这枚标记放进创意格或食物格。要是四条列都空了，照样能执行重置，只是最后一步改成从供应堆拿一个八角柱放下去。

[19]    3.6s  Q: 怎么狩猎？
      A: 狩猎是一个行动。先选一个你自己有部落、且还没有狩猎指示物的领地，然后掷你全部的粉色命运骰，挑一个点数，用领地的地形类型和这个点数去查狩猎表，就能得到食物数量。如果愿意，你可以用创意标记把骰子点数加一或减一，每个标记调一点。最后从供应堆拿对应数量的食物放到你面前的食物格，再放一个狩猎指示物到那块领地上——本时代内谁都不能再在那块领地狩猎了。

[20]    3.3s  Q: 怎么迁徙？
      A: 迁徙是这样：你选一个站立的部落，把它移动到相邻的领地，移动完之后要做一个选择——是落定还是继续旅程。

落定的话，就正常结算这次迁徙的触发效果；继续旅程的话，这个部落本回合还会再迁徙一次，但这次穿越不结算任何触发、不进营地、不得篝火分、也不开发领地。落定时如果目的地营地被别人占了，就把对方赶到荒野，然后你自己变虚弱；如果目的地是篝火营地，当场拿到上面的分；如果目的地没开发过且不是水域，就翻开材料板块并放一个原材料标记。

[21]    4.5s  Q: 怎么生产原材料？
      A: 生产原材料是个行动：选一个有你部落的领地，从供应堆拿一个八角柱标记放上去，它就成为该领地材料板块对应类型的原材料。另外，如果你的船上有部落、中央凹槽空着，也能在船上生产，但船上原材料的类型要到运输时才确定。注意，原材料本身不能直接用，得先运输到仓库区变成仓库材料，才能用来建造或付牌费。

[22]    5.3s  Q: 原材料怎么变成能用的东西？
      A: 原材料放在大陆或船上的时候只是一块没用的标记，本身不能直接使用。要让它变有用，得通过运输这个行动把它运回自己的仓库区——陆地材料按它所在领地决定变成哪一种仓库材料，船上的材料按船旁已开发的相邻领地决定。一旦进了仓库区，它就成了可以拿来建造聚落、雕像或者支付研究牌费用的可用的仓库材料。

[23]    8.0s  Q: 怎么建造？能建什么？
      A: 能建四种东西，每次做建造行动时从里面选一种执行：建造农场、建造船、建造雕像、建造聚落。

聚落和雕像要放在建造点上，每个建造点最多放两个建筑，其中最多一个聚落。聚落要支付仓库材料费用，放下去立刻拿一个收入芯片并触发，第 4 个聚落还能翻面激活一个层级板块；雕像也是从建造点印的仓库材料里选一种支付，放好后可立刻推进任意进程轨一格，之后每到收入阶段按恩惠轨位置给你加分。

农场是放在一个有自己部落的陆地领地上，免费，放下去立刻拿一个创意标记，最多三个。船是放在和你有部落的领地相邻的水域上，免费，放下去立刻把相邻领地的一个站立部落迁到船上，最多两艘。农场和船都不能主动拆。

[24]    3.2s  Q: 怎么运输材料？
      A: 运输是一个主模组。你得先激活它：从激活骰子区支付一颗点数一的激活骰和一颗点数五的激活骰，都放到你的保留区。激活后按等级结算——一级运三个原材料到仓库，二级运六个，三级把大陆上所有原材料都运到仓库，船载的还能放到任意仓库格。想运得更多就把它升级。

[25]    5.8s  Q: 怎么获得研究牌？
      A: 获得研究牌就是选一种类型，建造、洞悉、突变、成就、发明，从这一类型的正面朝上堆顶拿一张，或者盲抽背面朝下堆的顶牌。拿完之后如果正面堆空了，自动从背面堆翻一张补上。这张牌拿到手牌里，之后可以安装到控制台上。

[26]   12.2s  Q: 研究牌怎么安装？有什么限制？
      A: 研究牌安装就是把一张手牌插到你面前控制台的层级分区里。步骤是：先定列和层级，再满足费用格，结算成功点数，结算即时奖励，最后插进去，只有上边三分之一的能力露在外面持续生效。

规则上这样限制：五种类型的研究牌各自独占一列，同一列只能装同类型的。没有同类型的话，你可以任选一个空列，或者选一个只装了收入芯片的列。装哪一层由该列最低的空位决定，装在第几层就要满足这张牌前几个费用格里的非空格子，格子分支付型、持有型和空格，空格自动算满足；你也可以自愿多满足到更高层的费用格，每多满足一格就拿它下面印的成功点数。满足的费用格下方的分数加起来推进你的计分轨。层级四是五需要先造出第四个聚落翻面板激活才能装，六级以上装不了。

[27]    3.8s  Q: 激活骰和命运骰有什么区别？
      A: 两者都是六面骰，但用途完全不同。激活骰是白色的，专门用来支付模组激活的费用——你激活一个模组时，要按模组左下角和右下角的点数各交出一颗对应点数的激活骰。命运骰是粉色的，只用来掷骰看结果，用在恩惠检定、狩猎和幸运收获这类行动上，掷出的点数决定你通过检定还是拿到多少食物或材料。简单说，激活骰是拿来花掉的，命运骰是拿来掷的。

![激活骰](http://localhost:5000/games/civolution/assets/components/page-04/activation_die.png)

![命运骰](http://localhost:5000/games/civolution/assets/components/page-04/fate_die.png)

[28]    3.3s  Q: 创意标记是干什么的？
      A: 创意标记放在你控制台的创意格上，作用是修改骰子点数。每消耗一个创意标记，可以把任意一颗激活骰或命运骰的点数加减一，而且一点和六点算相邻，可以循环调整。

[29]    3.3s  Q: 计划标记怎么用？
      A: 计划标记是放在骰子区上的一种标记，激活模组时用它顶替一颗点数相符的激活骰来支付费用，只用它替代激活骰，命运骰不能替代。它用来付费用时直接放回供应堆，不进你的保留区。

[30]    4.1s  Q: 焦点标记有什么用？
      A: 焦点标记是一种特殊的计划标记，可以当作任意点数的激活骰来用。激活模组支付费用时，如果需要一个特定点数的激活骰，你可以把焦点格上的焦点标记放回供应堆来顶替那个点数。它放在控制台左半边的焦点格里，那个位置一次只能放一个。

[31]    7.5s  Q: 1和6算相连吗？
      A: 你说的"1"和"6"是指哪里的编号？是大陆上某两块编号的地块，还是哪条轨道或者棋盘上的位置？我这边没有当前的游戏局面，需要你说清楚是哪个区域上的两个编号，我才能告诉你们算不算相连。

[32]    5.9s  Q: 骰子点数不够怎么办？
      A: 两种办法。一是用创意标记调点数：每花一个创意标记，就能把自己一颗激活骰或命运骰的点数加一或减一，1 和 6 是连着的，所以一个标记就能在 1 和 6 之间互改。二是直接执行重置，重置会把所有用过的骰子回收重掷，重新放进激活骰子区，点数自然就变了。

[33]    5.3s  Q: 喂不饱部落会怎样？
      A: 在喂养阶段，如果某个部落没喂饱：站着的强壮部落会躺倒变成虚弱，而本来就躺倒的虚弱部落会直接死亡。死亡就是把这个部落从大陆上拿掉，送回你的供应堆。不过部落死掉的那一刻你可以用机械降神来救它。

[34]    3.0s  Q: 什么叫机械降神？什么时候能用？
      A: 机械降神是个保命行动。当你自己的一个部落即将死亡的时候，可以不用让这个部落被移除，改成把自己的恩惠标记在阿格拉恩惠轨上往回退一格。注意你的恩惠标记不能已经在轨最左边，那样就用不了。死亡的来源不管是喂养阶段没喂饱还是事件阶段被负面效果指定移除，都能触发。

[35]    4.7s  Q: 机械降神用了会怎样？
      A: 机械降神是一个补救行动：当你自己的一个部落快要死的时候，可以发动它。正常死亡结算会把部落放回供应堆，用机械降神则改为不动部落，改成把你恩惠轨上的恩惠标记往回退一步。注意，如果你恩惠标记已经在轨最左格，就不能用这招。

[36]    3.1s  Q: 狼谷是什么效果？
      A: 狼谷是效果地点，一共两块，各自独立结算。在地点阶段，如果你的部落待在和狼谷相邻的领地里，而且你手边的食物格里有食物，就要失去一个食物；要是你根本没食物，就不受影响。

[37]    3.4s  Q: 冰川会怎样？
      A: 冰川是张地点牌，共两块，各自独立结算。在第五阶段地点阶段轮到它时：如果你有一个站着的部落在它相邻的领地里，就把其中一个站着的部落放倒变成躺倒状态，也就是虚弱掉；弱部落不受影响，要是旁边没有站着的部落就完全没事。

[38]    2.8s  Q: 神秘橡树怎么计分？
      A: 神秘橡树在第五阶段地点阶段结算，一共三块各自独立算分。对每一块橡树，看你相邻且有自己的部落的区域：水、沼泽、沙漠每个得两分，森林、草原、丘陵、山脉每个得一分。

[39]    4.3s  Q: 地点怎么翻开？
      A: 地点是通过探索来翻开的。有两种方式：一是探索地点，直接选一块背面朝上的地点翻过来；二是探索相邻地点，选一块你至少有一个部落的领地，把它相邻所有还没翻开的地点一并翻开。每翻开一块地点，翻开的人立刻拿到它正面左上角印着的分数，然后结算这块地点的效果，翻过之后这块地点保持正面朝上持续生效。

[40]    3.7s  Q: 目标芯片怎么获得？有什么用？
      A: 目标芯片是蓝色的正方形小板块，在进程版图上的目标芯片展示区里正面朝上摆着，玩家从那里拿取，然后安装到自己控制台的目标列上。安装它要满足芯片上印的费用条件，有的要付材料，有的只要满足状态条件。它的作用有两个：一是安装后可能揭示升级奖励，二是当你把目标列某一层级的左右两枚目标芯片都装完（凑成一叠），就能获得一次升级主模组的机会，把模组从一级升到二级或从二级升到三级。

[41]    3.6s  Q: 收入芯片怎么获得？什么时候激活？
      A: 收入芯片是装在控制台上的白色芯片。它的效果在安装时不触发，只有被激活时才算——激活的时机有三个：收入阶段里你每个收入芯片结算一次；天气计上暖位给的奖励；还有进程轨的奖励。获得方式是通过完成建造项目里的聚落，支付材料后得收入芯片。

[42]    2.9s  Q: 属性芯片是干嘛的？
      A: 属性芯片就是那种黄色的小芯片。芯片左侧标着安装它要付的费用，右侧标着一个条件效果——满足条件就触发一次。中间那个属性图标只是装饰，规则上不作数。简单说，它就是个花钱装上、到条件满足时给你触发一次效果的小零件。

[43]    3.0s  Q: 事件牌有什么作用？
      A: 事件牌每个时代翻开一张，决定本时代两件事：一是天气变化，就是右上角标着天气标记要往热还是往冷移动几步；二是事件效果，就是牌下半部分写的一个条件奖励，在事件阶段只要条件成立就结算给相应文明。

[44]   11.0s  Q: 模组可以升级吗？怎么升？
      A: 可以升级，但只有主模组能升，一共十五个。特征是六个特征模组和睡眠模组是不能升级的。

升级靠的是进程轨奖励：当你在某条进程轨上推进、越过了第一格或第五格的奖励线时，会触发一个轨道奖励，其中有一种奖励就是升级主模组。触发时，你选一个激活费用里包含该轨道对应点数的主模组来升级——那个点数得和你推进的这条轨对应的骰子点数一致。

具体效果：一级升二级是把板块翻到反面；二级升三级是把板块放回游戏盒，模组槽底部印的三级效果就激活了。一次升级就提升一级，每触发一次这个奖励只能升一个模组一级。

[45]    6.1s  Q: 睡眠模组是什么？
      A: 睡眠模组是唯一一个不能升级的模组，激活它要支付任意两颗激活骰，点数不限。激活后二选一：要么从供应堆拿一个焦点标记放到自己的焦点格，要么拿两个创意标记放到自己的创意格。睡眠模组自己不会升级，效果是固定的。

[46]    5.7s  Q: 模组激活要什么骰子？
      A: 激活一个模组要支付两颗激活骰。激活骰是白色六面骰，点数一到六，玩家激活模组时从自己控制台的激活骰子区取用。

[47]    6.7s  Q: 阿格拉恩惠轨是干嘛的？
      A: 阿格拉恩惠轨是流程版图中间的一条轨，共六格，用来记录你这位考生在主考官阿格拉那里的受宠程度。它在三处起作用：恩惠检定掷骰时，只要你任意一颗骰子的点数落在从一到你标记所在位置这个区间内就算通过，所以位置越高越容易过；每座雕像计分时，按你标记上方印的分数得，通常位置越高分越高；终局计分也会被它影响。简单说就是一条越推越高、越高越划算的收益轨。

[48]    3.1s  Q: 恩惠检定是什么？
      A: 恩惠检定就是投掷你手里全部的命运骰，也就是那种粉色六面骰，看能不能出一个小点数。你手里每一颗骰子都要投，只要有一颗的点数落在从一到阿格拉恩惠轨当前点数这个闭区间里就算通过。投之前还可以选择花创意标记来调点数，每花一个可以让任意一颗骰子加减一点，一点和六点首尾相连。

[49]    3.7s  Q: 游戏什么时候结束？
      A: 游戏总共进行四个时代，每个时代包含八个阶段。前三时代走完第八阶段收入阶段后会回到阶段一开启新时代；第四时代结束时，阶段标记会推进到终局计分区，逐格结算终局计分。终局计分轨共有十一个格，对应九个计分类别加上控制台的两个格，走完全轨后比较总分，分数最高的玩家获胜。如果出现平分，先比升级的模组数量，仍平分就按座次顺序判定。

[50]    4.8s  Q: 终局怎么计分？
      A: 终局计分发生在第四时代的收入阶段之后，跳过补牌那些步骤。你的阶段标记会移到终局计分区最左边，然后沿一条十一格的轨道一格一格往右走，每走到一格就结算那一格。前九格各对应一个计分类别：科技、声望、知识、建设、文化、演化、繁荣、人口、扩张。每一格都是你在这条对应轨道上的进度数或对应物品数，乘以这一格下方印的分值，如果这格被计分板块盖住了就取板块的分数。比如科技格就是你科技轨上圆盘所在格的数字乘这一格的分值，进化格是特征标记数，人口格是大路上部落数，扩张格是你有部落的区域数。剩下两格，控制台 A 结算层级分区，每张研究牌或每枚芯片按所在激活层级的分数给分；控制台 B 结算所有研究牌上印的分数奖励。走完全轨后比总分，先比成功点数，并列比模组升级数，再并列就按座次先后定胜负。

[51]   12.5s  Q: 贵族怎么获得？
      A: 我查了一下规则，这个游戏里没有叫"贵族"的东西，可能你把它跟别的概念混了。你说的贵族是想问声望轨怎么往上推，还是恩惠标记怎么获得？告诉我具体指哪个，我给你讲清楚。

[52]    3.4s  Q: 什么时候游戏结束？
      A: 游戏一共进行四个时代，每个时代按八个阶段走一轮。第四时代结束后进入终局计分，在终局计分轨上逐格结算九个类别加控制台的计分，走完全轨后比较总分，最高者获胜；如果总分平手，再比较谁升级的模组多，还平手就按座次顺序，从起始玩家往后的第一个人赢。

============================================================
共 52 题，总耗时 255.3s，平均 4.9s
慢于 15s 的 0 题：[]
