[01]    4.0s  Q: 这个游戏怎么赢？
      A: 游戏一共打四个时代，每个时代有八个阶段走下来，最终在第四时代结束后进入终局计分。

终局计分时大家沿终局计分轨依次结算九个计分类别，加上控制台的两个计分格，把所有人的总得分都算出来后就比总分，分数最高的玩家获胜。

如果出现平分，就先比谁升级的主模组更多，还一样的话就按座次顺序，从起始玩家顺时针先到者赢。

[02]    5.9s  Q: 部落有哪几种状态？
      A: 你的部落有两种状态，就是你说的米宝是站着还是躺着。

站立代表强壮，这个状态的部落可以迁徙。躺倒代表虚弱，如果到了喂养阶段还没喂饱，躺倒的部落会直接死掉，而强壮的部落没喂饱只会变虚脱躺下。你还可以用强化部落的行动把躺倒的扶起来。

![部落](http://localhost:5000/games/civolution/assets/components/page-05/tribe.png)

[03]    6.4s  Q: 营地是什么？有什么用？
      A: 营地是大陆上的一种圆形空位，用来放你的部落棋子。大陆上每个地形区域里可能有一个或多个这样的营地，你的部落就定居落在这些位置上。

其中有一种特殊的篝火营地，上面印着篝火图标和分数。当你的部落落到篝火营地上时，你立刻获得它上面印的那个分数，分数标记直接往前推。注意只有带黄色火边标记的营地才给分。营地和部落一样，有些带人数标记，比如三人以上的局才用标三的，四人局才用标四的，设置时会按玩家人数用阻挡标记盖掉用不上的营地。

[04]    3.7s  Q: 大陆上有哪几种地形？
      A: 大陆上共有七种地形：森林、草原、丘陵、沼泽、山脉、沙漠、海洋。

其中六种是玩家能去开发生产的地形类型，各产出不同材料——森林产木头、蜂蜡、油，草原产纸莎草、药草、黄金，丘陵产棉花、黏土、硫磺，沼泽产煤、泥炭、焦油，山脉产石头、铁矿、翡翠，沙漠产沙子、盐、铜。

[05]    4.7s  Q: 什么叫领地？两个同色相邻的区域算同一个吗？
      A: 根据查到的定义，我来回答你。

领地的概念在你的问题里涉及到了，我用搜索结果给你讲清楚。

领地就是大陆上的一片具体土地，每块领地由它所在的大陆板块决定地形，有森林、草原、丘陵、沼泽、山脉、沙漠、水域七种。它是生产物资、狩猎、迁徙、建造的基本单位。

关于你问的"两个同色相邻区域算不算同一个"，关键点是：即使两块相邻领地的地形类型一样，规则上也视为两个不同的领地。山岭和山岭挨着也是两块，不是一块。所以玩的时候别把它们当同一个用。

[06]    7.1s  Q: 我的人口标记是干嘛的？
      A: 我明白了。你问的"人口标记"应该就是游戏里代表你人口的"部落"棋子。

我查一下相关规则，确认一下你指的是不是部落，以及它具体能做什么。

我确认一下，你说的"人口标记"是不是就是大陆上你颜色的小米宝，也就是"部落"？在游戏里它代表你文明在大陆上的存在。每个部落可以是站立状态（健康强壮）或躺倒状态（虚弱）。站立状态的部落才可以迁徙移动；喂养阶段每个部落都要喂食，没喂饱的话，强壮部落会躺倒变弱，已经变弱的部落会直接死亡。

另外部落还关系到计分——每个时代结束计分时，你在大陆上每有一个部落，就能按当前时代计分板块上显示的分值加分。你具体想问的是部落的哪方面？

[07]    4.0s  Q: 游戏一共有几个阶段？按什么顺序进行？
      A: 游戏一共进行四个时代，每个时代里按顺序走八个阶段。

阶段一翻开事件牌和研究牌；阶段二每个人选新的目标芯片；阶段三额外收获，挑一个自己部落所在的领地拿一块材料存进仓库；阶段四是行动阶段，大家轮流激活模组或重置；阶段五结算翻开的地点效果；阶段六喂养部落并给强壮部落计分；阶段七结算天气、事件、按当前时代类别计分，并选出新起始玩家；最后阶段八获得收入、雕像计分、回收狩猎标记、补满重置列。

走完四个时代后进入终局计分，沿轨道逐格结算九个类别，比总分，最高者获胜。

[08]    3.3s  Q: 阶段一干什么？
      A: 阶段一是新的卡牌。这一步翻开事件牌堆顶一张，正面放到事件牌格上，右上角显示本时代天气变化方向和事件效果，事件在阶段七结算。接着翻开五个研究牌堆各顶部一张，放到对应的正面朝上研究牌堆上。

[09]    4.0s  Q: 阶段二每个人都要拿目标芯片吗？
      A: 阶段二：新的目标。从起始玩家开始顺时针轮流，每位玩家可选择从展示区拿一枚目标芯片放入自己的目标区，或者跳过。不是必须拿，可以自由选择。所有玩家都做出选择后，再把展示区的空位补满。

[10]    6.6s  Q: 额外收获是什么意思？我该怎么做？
      A: 额外收获是阶段三的一个小环节。简单说就是在你行动阶段之前，每人可以白捡一个仓库材料。

额外收获的具体做法：从大陆上选一个你至少有一个部落的领地，从供应堆拿一个标记，当成仓库材料，放到你仓库区里和那块领地地形类型对应的存储格。只认领地的地形，不看那格材料板块印的是什么。

按座次从起始玩家开始顺时针，每人轮流各做一次。做完这一轮就直接进入行动阶段了。

[11]    5.2s  Q: 行动阶段我要做什么？
      A: 行动阶段就是每个玩家轮流行动，从起始玩家开始顺时针转。轮到你时，每回合必须二选一：要么激活一个模组，要么执行一次重置。

激活模组：支付恰好两个点数对应的激活骰，或者用计划标记、焦点标记来激活你手边某个解锁的模组，激活后执行它的效果。

执行重置：前提是你当前骰子区的激活骰不超过三个。重置分三步——A：沿黄色箭头把阶段标记推到下一个黄色重置格；B：回收用过的骰子并全部重掷；C：把最左侧的重置标记移进创意格或食物格。

你每回合二选一做一次，做完全部玩家轮流，直到阶段标记被推到红色重置结束格，触发行动阶段收尾。

[12]    3.9s  Q: 地点阶段会发生什么？
      A: 地点阶段就是阶段五，主要结算三种已翻开的地点效果，按固定顺序做三件事。

第一是狼谷，你只要在相邻领地上有部落、而且食物格上有食物，就失去一个食物。第二是冰川，相邻领地里有强壮部落的话，要把其中一个强壮部落放倒变虚弱，弱小部落不受影响。第三是神秘橡树，对每块橡树按相邻且有自己部落的领地计分——水、沼泽、沙漠领地各两分，森林、草原、丘陵、山脉领地各一分。

要注意的是，这些地点只有翻开的面朝上的才结算，没翻开的直接跳过。做完这三步就推进到后面的喂养阶段。

[13]    6.6s  Q: 喂养阶段怎么喂？
      A: 喂养阶段分两步操作。第一步喂部落，大陆上你所有的部落都要喂食，可以同时操作。每个部落的喂食成本看位置：在营地里或船上的部落需要一食物，在野外也就是营地外面的部落需要两食物。你从自己的食物格里把对应数量的食物还回供应堆就行。如果某块领地你建了农场，那营地里的部落自动算喂饱不花食物，野外部落也只要一食物。研究牌的能力还能进一步减免。

没喂饱的部落要受罚：站着的强壮部落躺倒变弱，本来就躺着的话就直接死亡移回供应堆，这时候可以用机械降神救一下。所有人喂完后，第二步，每个站着的强壮部落给你加一分。

[14]    4.9s  Q: 事件阶段干什么？
      A: 事件阶段是每个时代的第七个阶段，按顺序做四件事：

第一，先调整天气并结算效果——按本时代事件牌右上角显示的天气趋势移动天气标记，然后按座次依次结算当前天气格的效果，正面效果可放弃、负面必须执行。

第二，结算事件牌的事件效果——条件成立就按牌面给的奖励给对应文明，没人满足就作废。

第三，时代计分——按当前时代计分板块显示的类别给所有玩家计分，计完把这块计分板块移除。

第四，确定新的起始玩家——刚在该类别得分最高的玩家拿起始纪念碑。

[15]    4.9s  Q: 收入阶段做什么？
      A: 收入阶段是每个时代的最后一个阶段，一共做四件事。

第一，获得收入：每位玩家从起始玩家开始顺时针，把自己的每一个收入芯片各触发一次，先做哪个芯片自己定。第二，雕像计分：每座场上的雕像按你恩惠轨上圆盘上方印的分数得分。第三，回收大陆上所有的狩猎指示物放回展示区。第四，每人把空的重置列补满重置标记。

另外有个收尾规则：前三时代结束后把阶段标记移回阶段一开新的一轮；到了第四个时代，第三步第四步跳过，直接进入终局计分。

[16]    5.1s  Q: 怎么激活模组？
      A: 激活模组的规则我已经查到了，直接答你。

激活模组就是从自己面板上的模组里挑一个可升级模组或特征模组，支付它声明好的费用——一般是两颗点数对应的激活骰，然后执行它当前等级的效果。如果你的激活骰子区里有计划标记，它可以当作对应点数的激活骰来付，用完放回供应堆。可升级模组升级到三级的效果印在控制台模组区底部，升级后会激活那个效果。

[17]    4.5s  Q: 重置是什么？怎么操作？
      A: 我已经找到了重置的详细规则，下面为你讲解。

重置是推进游戏阶段的关键操作。前提是你激活骰子区里剩余的骰子不超过三个。操作时分三步：第一步，把重置列里最靠左的重置标记沿列往下推三步，第一步是推动阶段标记前进到下一个重置格，到达红色格就结束行动阶段；第二步，把所有用过的激活骰收回来重新掷，放回点数格；第三步，把这个标记放进创意格或食物格。如果你所有重置列都空了，仍然可以执行重置，但第三步改为从供应堆拿一个八角柱。每一步都会把一个重置标记移出你的重置列，等收入阶段结束时，空的列会从供应堆重新补满。

[18]    6.8s  Q: 什么时候能重置？
      A: 重置行动的前置条件是激活骰子区剩余不超过三颗激活骰。让我确认一下其他细节已足够回答。

玩家在行动阶段可以执行重置，条件是自己的激活骰子区里剩下的激活骰不超过三颗。也就是说，当你已经用掉了至少三颗骰子去激活模组后，就能执行重置。

重置会把最靠左的重置标记往下推三步：第一步把阶段标记往前推进一个格，走到红色格就触发行动阶段结束；第二步回收所有用过的激活骰重掷放回；第三步把重置标记放到创意格或食物格（这步你会得到一颗资源，选创意或食物）。

要是你的四条重置列全空了，重置还是能执行，但第三步改为从供应堆拿一个普通八角柱给你。重置列会在收入阶段结束时从头补满。

[19]    3.2s  Q: 怎么狩猎？
      A: 狩猎规则我讲一下。

选一个你有部落、且还没有狩猎标记的领地，掷全部命运骰，选其中一个点数，按狩猎表根据领地类型和点数算出食物数量，从供应堆拿对应个数的食物放到控制台食物格。你可以用创意标记改骰子点数。拿完食物后，从展示区取一个狩猎标记放到这块领地上，这个时代内任何人就都不能再来这里狩猎了。

[20]    2.9s  Q: 怎么迁徙？
      A: 迁徙的核心概念已经很清楚了，我直接回答。

迁徙就是把你的一个站立的部落，从所在的领地移动到相邻的另一个领地，移动后你有两个选择：

一，落定，就是停下来，接着结算迁徙触发；二，继续旅程，就是穿越，这个部落在本回合内还会再迁徙一次，但穿越不结算触发、不进营地、不得那份分、不开发领地。

另外只有站立状态的部落才能迁徙，躺倒的不能动。

[21]    6.0s  Q: 怎么生产原材料？
      A: 生产原材料很简单，听我讲：

选一个你有至少一个部落的领地，从供应堆拿一个八角柱放进去，这就是生产。放进去的材料类型由该领地翻开的材料板块决定。

不过要记住，放出来的只是原材料，本身不能用也没价值，得先做运输原材料的行动把它运到仓库区，变成仓库材料，才能用来建造或付卡牌费用。

另外有个小补充：如果某艘船上有你的部落、中间凹槽又是空的，也能在船上生产，材料类型到运输时才定。

[22]    4.1s  Q: 原材料怎么变成能用的东西？
      A: 原材料本身不能直接用，你需要把它运输到仓库区才能变成可用的仓库材料。我来看一下运输的具体操作。

关键信息已经拿到了：原材料放在大陆或船上，只有通过运输原材料这个行动，把它送到仓库区，才能变成可用的仓库材料，之后才能用于建造或支付卡牌费用。

我来说清楚：原材料放出来后不能直接用，你要执行运输原材料的行动。陆地上的原材料按它所在领地的材料类型直接送进对应仓库格；船上的原材料则看船旁边相邻的已开发领地来确定送进哪个仓库格。送进仓库后才算真正属于你的可用材料，可以拿去买卡或建造。

[23]    5.3s  Q: 怎么建造？能建什么？
      A: 游戏里有四种建造项目，我简单给你讲清楚。

建造分四种：建造农场、建造船、建造雕像、建造聚落。每完成一次建造项目时从中选一种执行。

建造农场，选一个有你部落的陆地领地，不能已有农场、不能挨着已翻开的火山，放一个农场上去，不花材料，立刻得一个创意标记，最多三个。
建造船，选一个跟你部落领地相邻的水域，不能已有你的船，放一艘船上去，不花材料，再把相邻领地的一个站着的部落迁到船上，最多两艘。
建造雕像，在建造点上从板块列出的二到三种仓库材料里选一种支付，放上雕像，可推进任意进程轨一格，每个建造点最多两个建筑，雕像在收入阶段按恩惠轨计分。
建造聚落，在建造点上支付材料费用放一个聚落，立刻得一个收入芯片并触发效果，最多四个，建第四个时可激活一个层级板块。

需要我具体展开哪一种的细节吗？

[24]    6.0s  Q: 怎么运输材料？
      A: 材料运输有两种情况。我来简洁说明一下。

材料运输分两种情况讲。

大陆上的原材料标记，就是你放在地图格上的八角柱，可以直接做一个运输行动，挑一个自己的材料标记，按它所在领地的材料类型，把它放进对应的仓库区格子，变成仓库材料。不需要那格有你的部落。

如果材料是装在船上的，则按船所在水域相邻的一块已开发领地的材料类型来决定放哪个仓库格，任选一块相邻的就行。

运输行动一次只运一个标记，用完就轮到下一个玩家。

[25]    4.7s  Q: 怎么获得研究牌？
      A: 研究牌有五种类型：建造、洞悉、突变、成就、发明。获得研究牌的方法是：选定一种类型，从对应类型的牌堆拿一张到手里——可以拿正面朝上的那张，也可以从背面朝下的牌堆顶抽。正面堆空了会立刻从背面堆补一张上来。常见的触发方式就是每时代开始的新卡牌阶段会翻正面牌，以及各种行动效果让你获得研究牌。

不过更准确地说，获得研究牌这个动作本身经常由不同行动带出来。你是通过什么行动想拿研究牌，还是只想了解怎么拿？

[26]    7.0s  Q: 研究牌怎么安装？有什么限制？
      A: 我已经掌握了安装研究牌的完整规则，可以直接回答。

研究牌从手牌打到层级分区上，安装时有这些关键点：

安装位置：每种类型的研究牌在层级分区里独占一列。如果你已经装过同类型的研究牌，就继续装在同一列，放在该列最低的空位上；如果这一类型还没装过，可以选择任一空列，或者选一列只放了收入芯片的列，同样也是放最低空位。

费用与限制：牌中部一共五格费用格，你装在第几层，就至少要满足前几格里所有非空的费用格。你可以自愿多满足几格，每多满足一格就额外得到它下面印的成功点数，最多满足到第五格。费用格分两类，一种是支付型要真的把仓库里的东西还回去，一种是持有型只要手里够数就行，空格自动视为满足。

结算：先按满足的费用格结算成功点数推进计分轨，再结算牌下方的即时奖励，不想结算可以直接放弃，最后把牌插进去，只露出上面三分之一的能力区，这张牌的能力从此持续生效。

需要注意，层级分区最左一列从层级六往上是被层级板块挡住的，不能装东西，而层级四和层级五在建造第四个聚落之前是不激活的。

[27]    4.5s  Q: 激活骰和命运骰有什么区别？
      A: 这两个骰子我都有清晰定义了，直接回答。

激活骰是白色的六面骰，主要用来支付模组激活的费用，掷出后放在控制台的激活骰子区，按点数放到对应格上，激活模组时从这里取用，重置时会回收重掷。

命运骰是粉色的六面骰，和激活骰完全不同，它用来做恩惠检定、狩猎、幸运收获这类随机判定。恩惠检定就是投全部命运骰，只要有一颗点数落在阿格拉恩惠轨当前值范围内就通过。

一句话总结：激活骰是付费货币，命运骰是判定用的随机骰，两者用途完全不搭界。

[28]    5.4s  Q: 创意标记是干什么的？
      A: 创意标记的规则清楚了。

简单说，创意标记用来帮你调整骰子点数。它放在你自己控制台的创意格里，每花一个创意标记，就能把任意一颗激活骰或命运骰的点数加一或减一，一点算一下。注意一和六是连着的，一个标记就能在一和六之间互改。比如你掷出来差一点就能达成目标，用创意标记把点数拨过去就行，灵活用能帮你省不少麻烦。创意标记一般通过建农场这类行动获得。

[29]    5.0s  Q: 计划标记怎么用？
      A: 计划标记的用法我已经掌握，直接回答。

计划标记就是你从供应堆里拿的八角柱，放到自己控制台上任意一个骰子格上，放到哪个点数格上它就代表哪种点数的激活骰。激活模组要付两个对应点数的激活骰时，可以用同点数格上的计划标记来顶替，等于多备几颗你能控制的骰子。注意它只能顶替白色激活骰，不能顶替命运骰，而且用掉后直接放回供应堆。

[30]    5.9s  Q: 焦点标记有什么用？
      A: 焦点标记是一枚特殊的计划标记，放在你控制台的焦点格里。它的作用就是当你要激活模组、需要支付某个特定点数的激活骰时，可以把这个焦点标记放回供应堆，当作任意点数的计划标记来顶替一颗激活骰支付。

简单说，它相当于一颗万能的计划标记，能替你补上任何点数。用完就退回供应堆，一个回合只用一个。

[31]    3.2s  Q: 1和6算相连吗？
      A: 是的，算。在调整骰子点数时，1 和 6 是相连的——你只要花一个创意标记，就能把骰子的 1 改成 6，或者把 6 改成 1。这不是地图上的相邻，而是骰子点数上的首尾相连。

[32]    6.5s  Q: 骰子点数不够怎么办？
      A: 明白了。骰子点数不够用时有办法调整。

掷骰结果不满意、还差一两点时，你可以花创意标记来改点数。你创意格上每有 1 个创意标记，就能把任意一颗自己手里的激活骰或命运骰的点数加减 1 点，花几个就调几点。而且一点和六点是连在一起的，一个标记就能把一点直接改成六点。要注意只能改骰子，改不了计划标记。

另外提醒一下，创意标记是有限资源，花之前先看看值不值。

[33]    7.1s  Q: 喂不饱部落会怎样？
      A: 我已经掌握了喂养阶段的完整规则，可以直接回答。

喂不饱的后果是这样的：喂养阶段里，你手头没有足够食物喂饱部落的话，分两种情况——站着的强壮部落会躺倒变成虚弱，而已经躺倒的虚弱部落因为没有获得食物就会死亡，直接被移除回供应堆。另外每位玩家喂完自己所有部落之后，按自己站着的强壮部落数量每有一个得一分。补充一句，如果你有机械降神这张牌，死亡的时候可以用它来拯救。

[34]    5.9s  Q: 什么叫机械降神？什么时候能用？
      A: 机械降神是一个救急行动，意思是当你的一个部落即将死亡时，可以不放它回供应堆，而是改用自己在阿格拉恩惠轨上的标记往后退一格来换。前提是你手上的恩惠标记不在轨道最左端，如果已经退到头了就不能用。

用得上的时候就是部落濒死的那一刻：比如喂养阶段有虚弱部落没喂到食物，或者事件阶段被负面效果点名时，你可以在死亡结算正式发生前打出这个行动来改写结果，让部落活下来。

需要注意一次只救一个部落，每当你有一个部落即将死亡就能发动一次，退出这一步。

[35]    5.0s  Q: 机械降神用了会怎样？
      A: 机械降神是在你的一个部落即将死亡时使用的救场行动。用了之后，这个部落就不用被移除回供应堆了，取而代之的是你阿格拉恩惠轨上的恩惠标记往后退一格。注意，如果标记已经在轨道最左边那格，这招就没法用了。

[36]    4.3s  Q: 狼谷是什么效果？
      A: 狼谷是游戏里的一种地点，一共有两块。它在每个时代的地点阶段结算，效果是：如果你的部落和狼谷这块地点相邻，而且你的食物格里有食物，你就要失去一个食物放进供应堆；如果你本来就没有食物，那就不用管它。

[37]    3.9s  Q: 冰川会怎样？
      A: 冰川是地点阶段三个持续效果之一，在阶段五结算。它一共有两块，各自独立结算。

我来确认一下具体效果。

冰川的规则是：在阶段五的地点阶段，每块冰川自己单独结算。它会让相邻领地里有强壮部落的玩家，把其中一个强壮部落虚弱成躺倒状态。如果那个相邻领地里只有虚弱部落，或者根本没有任何强壮部落，就免于影响，不用躺倒。它是阶段五依次结算的三种地点之一，顺序排在狼谷之后、神秘橡树之前，没翻开就跳过。

[38]    2.6s  Q: 神秘橡树怎么计分？
      A: 神秘橡树得分规则很清晰了。

神秘橡树共三块，在地点阶段各自独立结算。结算时看你周围相邻且有自己的部落的领地：水域、沼泽、沙漠每块得两分，森林、草原、丘陵、山脉每块得一分。

[39]    4.1s  Q: 地点怎么翻开？
      A: 想要翻开一个地点，你得通过发展领地这个动作。目的地的材料板块必须背面朝上，也就是上面还没有部落驻足过，然后执行发展领地时就有两个一起来的动作：先把这个材料板块翻到正面，再从供应堆拿一个八角柱放上去当作原材料标记。

补充一句，游戏开始时是先把二十四块地点板块背面朝上随机放进大陆的格子里，之后谁先开发谁就把那块翻开。

[40]    7.9s  Q: 目标芯片怎么获得？有什么用？
      A: 我已经掌握了目标芯片的完整规则，来给客人讲解。

目标芯片是进程版图右上展示区里的蓝色小方块，比收入芯片和属性芯片小一半。获得它的方式很直接：在阶段二"新的目标"里，从展示区选一枚正面朝上放进自己控制台左上方的目标区。目标区只有三个槽，满了就叠在已有芯片上面盖住它，拿完之后再从袋子里补一张新的展示出来。

拿到手之后，芯片要在行动阶段把它们安装到控制台左侧的目标列上。安装前要先满足芯片上写的条件，有的要付钱，有的只要满足某个状态。翻面选左半侧或右半侧，放到最低空位里。

它的用处主要在两点。一是你控制台上每个层级都印着分数，终局计分时，每层安装的每张牌和每枚芯片都给你这层写的分。二是你的目标区每个槽里，等这一叠目标芯片最后一枚也被安装完，你就可以升级一次主模组，也就是把自己的模组牌翻面升一级。

[41]    6.2s  Q: 收入芯片怎么获得？什么时候激活？
      A: 我已经掌握了相关信息，来回答你的问题。

收入芯片主要有两种获取方式。第一种是建造聚落，建一座聚落就获得一枚收入芯片并立刻触发它的效果。第二种是从展示区拿，公共版图上有三个格子的收入芯片展示区，从里面挑一枚拿走，然后从白色袋子里随机补一枚回展示区。

关键点是：芯片拿回来之后要先安装到自己控制台的层级分区里。安装的时候效果不触发，真正激活是在收入阶段——到收入阶段每位玩家把自己所有已装的收入芯片各激活一遍，顺序自己选。另外天气计暖格、以及进程轨奖励也可能让你激活收入芯片。

简单说就是：安装时不理它，收入阶段才统一结算所有芯片的效果。

[42]    4.5s  Q: 属性芯片是干嘛的？
      A: 属性芯片是用来打的。它是黄色的芯片，从进程版图上的展示区拿取，装到你自己控制台的层级分区里。芯片左边印的是安装费用，你付钱就能安装；右边印的是条件效果，安装后会在特定条件下触发。

最终结算时，每个已激活层级上每装一张研究牌或芯片都会给对应分数，属性芯片也算一份。所以它本质上是花钱买效果、再到终局累计分数的投资。

![属性芯片](http://localhost:5000/games/civolution/assets/components/page-04/attribute_chip.png)

[43]    6.3s  Q: 事件牌有什么作用？
      A: I have enough to explain the event cards clearly.

事件牌在每个时代翻开一张，带来两方面作用，都在阶段七事件阶段结算。

第一，右上角的天气趋势：到事件阶段先按它移动天气标记一到两步，天气变热或变冷，随后按天气轨当前所在格结算对应的天气效果。

第二，下半部分的事件效果：到事件阶段按它的条件判断，条件成立就结算奖励，给一个或多个文明。如果条件没人满足奖励就作废，少数事件甚至会要求移除农场或船。每个时代的事件牌内容都不一样。

[44]    5.2s  Q: 模组可以升级吗？怎么升？
      A: 可以升级。模组升到顶一共三个等级。当你在进程轨上推进、越过奖励阈值时，会触发进程轨奖励，其中有一种奖励就是升级一个主模组。升级时只能选一个没到顶的模组，条件是那个模组的两个激活骰费用点数里至少有一个和你推进的那条轨对应的骰子点数一致。升一级到二级就把板块翻面，二级升三级把板块放回游戏盒，控制台上三级效果就激活了。

[45]    4.7s  Q: 睡眠模组是什么？
      A: 睡眠模组是一个特殊模组，激活后你可以从两件事里选一件做。

睡眠模组算一种特殊的模组，激活它需要支付任意点数的两颗激活骰。激活后你在两个效果里选一个：从供应堆拿一个焦点标记放到焦点格上，或者拿两个创意标记放到创意格上。

![模组板块](http://localhost:5000/games/civolution/assets/components/page-05/module_tile.png)

[46]    5.8s  Q: 模组激活要什么骰子？
      A: 模组激活具体要什么骰子，说明一下。

激活模组要支付两颗激活骰。激活骰是白色六面骰，点数一到六。不过具体点数是每个模组自己印的——每个模组板块左下角和右下角各标一个点数，你得从自己控制台的激活骰子区里拿出两颗和这两个点数分别相符的激活骰来支付。

不过这里有个特例：睡眠模组比较宽松，任意两颗激活骰都能激活，点数不限。普通模组就按板块上标的点数来。

[47]    5.0s  Q: 阿格拉恩惠轨是干嘛的？
      A: 阿格拉恩惠轨就是记录阿格拉恩惠等级的那条轨，位置在流程版图中间，一共一到六格。它主要影响三件事：一是恩惠检定——投命运骰时只要有一颗点数为一到你当前恩惠等级这个范围内就算通过，恩惠等级越高越好过；二是雕像计分——收入阶段每座雕像按你恩惠标记上方印的分数得分；三是终局计分里的成功点。所以把它推高基本就是让你的检定更好过、雕像更值钱。

[48]    5.1s  Q: 恩惠检定是什么？
      A: 恩惠检定就是投出你手里全部命运骰，你可以花创意标记改骰子点数，一个标记把任意一颗骰子加一或减一，一点和六点是相连的。只要有一颗骰子落在从一到恩惠轨当前数字这个区间里就算通过。恩惠轨越高，通过范围越大。

[49]    3.6s  Q: 游戏什么时候结束？
      A: 游戏一共进行四个时代，每个时代有固定的八个阶段。第四个时代结束后，进入终局计分阶段。

终局计分的判定是这样：走上终局计分轨逐格结算，九类类别各自计分，加上控制台的分区计分和加分牌，走完全程比较总分。先比成功点数，最高的获胜；如果并列，比升级的主模组数量多的赢；还并列就按座次顺序从起始玩家顺时针往前数，先到的赢。可以说，第四时代的收入阶段走完，终局计分结算完，得分最高者胜出。

[50]    4.7s  Q: 终局怎么计分？
      A: 终局计分的规则我已经查清楚了。让我给你解释一下。

游戏在第四时代结束后进入终局计分。第四时代的收入阶段只执行收入和雕像计分两步，然后你从终局计分区的最左端开始，沿着六角格轨道一格一格往右推进，每推进一格就结算那格的分数。

轨道一共有十一格。前九格是九个计分类别，分别是科技、声望、知识、建设、文化、演化、繁荣、人口、扩张，每一格对应的分值就是开局时放在那个图标位的计分板块上的分数。最后两格是控制台 A 和 B，分别结算层级分区和加分牌。

整条轨走完后比较总分，分数最高的获胜。如果平分，先比谁升级的主模组更多，再平就按从起始玩家开始顺时针的座次顺序决定。

[51]   11.0s  Q: 贵族怎么获得？
      A: 我已经在完整概念目录（403个概念）里确认了，《文明演化》这款游戏里没有"贵族"这个概念。游戏里不存在一张叫"贵族"的卡牌或一种叫"贵族"的资源。客人可能是把这个游戏和其他游戏搞混了，比如"贵族"可能指"Civitasi"或"Concordia"这类游戏里的概念。

我应该向客人确认一下，是不是可能指的是别的机制。让我直接告诉客人游戏里没有贵族这个概念，然后问清楚他指的是什么。

这个游戏叫《文明演化》Civolution，里面确实没有"贵族"这个概念。完整的概念清单（一共四百多个）里没有叫"贵族"的东西——没有一张叫贵族的卡牌，也没有贵族的资源或标记。

你问的贵族是指哪方面的东西？是不是可能把它跟别的游戏搞混了，或者你指的是游戏里的声望轨？我可以帮你查查声望怎么积累。你说的是哪种，我来帮你确认。

[52]    2.9s  Q: 什么时候游戏结束？
      A: 游戏共进行四个时代，每个时代有八个阶段。第四时代的收入阶段结束后，跳过最后的收尾步骤，把阶段标记移到终局计分区最左边的科技格，进入终局计分。

终局计分沿一条十一格的轨逐格推进，依次结算科技、声望、知识、建设、文化、进化、繁荣、人口、扩张九个类别，再结算控制台层级分区和加分卡，走完全轨后比较总分。判定胜者先比总分，并列的再比谁的模组升级多，还并列就看座次顺序，座次靠前的获胜。

============================================================
共 52 题，总耗时 267.3s，平均 5.1s
慢于 15s 的 0 题：[]
