[01]    8.3s  Q: 这个游戏怎么赢？
      A: 游戏结束时先比较所有人的成功点数，点数最高的人获胜。如果有点数并列，就比谁升级的模组更多；还是并列的话，按座次顺序从起始玩家顺时针数，先到的人获胜。

[02]    4.9s  Q: 部落有哪几种状态？
      A: 部落一共就两种状态：站立和躺倒。站立也叫强壮状态，躺倒也叫虚弱状态。只有站立的部落能迁徙；躺倒的部落在喂食阶段如果没被喂饱就会死亡。

[03]    8.8s  Q: 营地是什么？有什么用？
      A: 营地就是大陆领地上一圈圈圆形标记的位置，用来放你的部落。部落待在营地上，喂养阶段每人只消耗一份食物，比待在野外的两份要省。另外有种特殊的篝火营地，上面印着分数，你的部落一定居上去就立刻拿到那个分数。设置游戏时会按玩家人数用阻挡标记盖住一部分用不到的营地。

[04]    4.2s  Q: 大陆上有哪几种地形？
      A: 大陆上一共有七种地形：森林、草原、丘陵、沼泽、山脉、沙漠，还有海洋。每片领地都属于其中一种地形。

[05]    5.9s  Q: 什么叫领地？两个同色相邻的区域算同一个吗？
      A: 领地就是大陆上的一块具体土地，它的地形由所在的大陆板块决定，有森林、草原、丘陵、沼泽、山脉、沙漠和海洋七种。每个领地是生产、狩猎、迁徙、建造这些行动的基本单位。就算两块相邻的领地地形完全相同，规则上也当作两个不同的领地，所以两个同色相邻的区域不算同一个领地。

[06]   10.3s  Q: 我的人口标记是干嘛的？
      A: 你问的人口标记，就是游戏里你那几个小人形状的部落米宝。它们代表你的人口，平时放在大陆上，可以移动、繁育、喂食。人口相关的计分规则是：每当结算人口这项得分时，你在大陆上每有一个部落，就得对应计分板块上印的那个分数。另外喂食阶段如果部落没吃饱，站着的会躺倒，躺倒的会直接死亡，所以要记得照顾它们。

[07]    8.2s  Q: 游戏一共有几个阶段？按什么顺序进行？
      A: 游戏一共进行四个时代，每个时代包含八个阶段。按顺序是：阶段一翻新牌，翻开事件牌和五张研究牌；阶段二拿目标芯片；阶段三额外收获，从供应堆拿一块材料存进仓库；阶段四是行动阶段，大家轮流激活模组或执行重置；阶段五地点阶段，结算狼谷、冰川、神秘橡树的效果；阶段六喂养阶段，喂部落然后强壮部落得分；阶段七事件阶段，调天气、结算事件、按时代计分、换起始玩家；阶段八收入阶段，拿收入、雕像计分、回收狩猎标记、补满重置列。前三时代结束后回到阶段一开启新时代，第四时代结束后进入终局计分。

[08]    6.5s  Q: 阶段一干什么？
      A: 阶段一叫新的卡牌，做两件事。第一，翻开事件牌堆顶上一张，盖住上一时代的事件牌，这张牌的右上角写着本时代天气往热还是往冷移动几步，事件效果留到阶段七结算。第二，五个研究牌堆各翻开顶上一张，放到对应的正面朝上牌堆上，第一时代是新建堆，后面时代直接盖在上一张上面。做完就进入阶段二。

[09]    5.7s  Q: 阶段二每个人都要拿目标芯片吗？
      A: 不用，阶段二里每位玩家轮到自己时可以选拿一枚目标芯片放进自己的目标区，也可以选择跳过。从起始玩家开始顺时针轮流，所有人都选完后补满展示区。

[10]    9.4s  Q: 额外收获是什么意思？我该怎么做？
      A: 额外收获是每个时代第三阶段要做的事。按座次从起始玩家开始，每人选一个至少有自己一个部落的陆地区域，从供应堆拿一个标记当材料，放到自己仓库里对应地形的那一列存储格。注意只按区域的地形类型匹配，跟材料板块上印的具体材料没关系。所有人做完这轮就进入行动阶段。

[11]    5.7s  Q: 行动阶段我要做什么？
      A: 行动阶段从起始玩家开始顺时针轮流，轮到你时二选一：要么激活一个模组，支付恰好两个对应点数的白骰子，或者用计划标记和焦点标记来付；要么执行重置，条件是当前骰子区剩下的白骰子不超过三个。重置会推阶段标记、回收重掷骰子，再把最左侧的重置标记放进创意格或食物格。每轮只能做这两件事中的一件。

[12]    8.8s  Q: 地点阶段会发生什么？
      A: 地点阶段按顺序依次结算三种已翻开的地点。先结算狼谷：只要你的部落与狼谷相邻，而且食物格里有食物，就失去一个食物，没食物就没事。接着结算冰川：与冰川相邻的领地里有站着的强壮部落，就要躺倒其中一个，弱部落不受影响。最后结算神秘橡树：每块橡树按你相邻且有部落的区域计分，海洋、沼泽、沙漠各得两分，森林、草原、丘陵、山脉各得一分。没翻开的地点类型直接跳过，结算完就进入喂养阶段。

[13]    6.2s  Q: 喂养阶段怎么喂？
      A: 喂养阶段分两步。第一步喂部落，大陆上所有部落都要喂，大家同时进行。每个部落的饭钱是：待在营地或船上的部落吃一份食物，在野外也就是营地外的部落吃两份。如果你有农场，农场所在领地的营地部落自动算吃饱，野外部落也只要一份。付饭钱就是把食物格里的食物放回供应堆。没喂饱的部落，站着的会躺倒，本来就躺着的会直接死掉。第二步是得分，所有人都喂完后，你每一个站着的强壮部落得一分。

[14]    6.7s  Q: 事件阶段干什么？
      A: 事件阶段一共做四件事。第一，按事件牌右上角的天气趋势移动天气标记，然后所有玩家按座次结算当前天气格的效果。第二，结算事件牌下半部分的事件效果，满足条件的文明拿奖励。第三，按本时代计分板块的类别计分，计完把板块移走。第四，把起始纪念碑交给刚才计分最高的玩家，平局就按座次传给下一个平局者。

[15]    6.1s  Q: 收入阶段做什么？
      A: 收入阶段一共做四件事，按顺序来。第一，获得收入，每位玩家把自己控制台上每个已安装的收入芯片各激活一次，顺序自己定。第二，雕像计分，每座雕像按阿格拉恩惠轨上圆盘位置对应的分数得分。第三，回收大陆上所有的狩猎指示物，放回展示区。第四，每位玩家把自己空掉的重置列从供应堆补满。

收尾时注意，前三时代做完这四步后，把阶段标记移回阶段一，开启新时代。第四时代则跳过第三和第四步，直接把阶段标记放到终局计分轨最左边，进入终局计分。

[16]    7.3s  Q: 怎么激活模组？
      A: 激活模组分三步。先选自己面前的一个模组，主模组或者特征模组都行。然后支付费用，一般是两颗点数符合要求的白色激活骰。如果点数对不上，可以在支付前花创意标记把骰子点数加减一，一点和六点算相邻。支付时也能用计划标记替代对应点数的骰子，焦点标记则当任意点数用。最后执行这个模组当前等级的效果就行。

[17]    6.7s  Q: 重置是什么？怎么操作？
      A: 重置是你在行动阶段可以做的一个行动，前提是你的激活骰子区里剩下的骰子不超过三颗。操作方法是把自己控制台上最靠左的重置标记沿重置列往下推三步：第一步把阶段标记沿黄色箭头推到下一个重置格，如果推到红色格，行动阶段就结束；第二步把所有用过的激活骰收回来重掷，按点数放回对应格；第三步由你选择，把这个标记放进创意格或者食物格。如果你四列重置标记都已经用光了，仍然可以执行重置，第三步改成从供应堆拿一个普通标记来放。

[18]    6.5s  Q: 什么时候能重置？
      A: 重置这个行动，只要你自己控制台上激活骰子区里剩下的激活骰不超过三个，随时都可以执行。执行的时候会把最靠左的重置标记沿列往下推三步：推阶段标记、收回所有用过的骰子重掷、再把标记放进创意格或食物格。

[19]    6.5s  Q: 怎么狩猎？
      A: 狩猎的流程是这样的：先选一个至少有你一个部落、而且还没有放过狩猎指示物的领地。然后掷全部粉骰，挑一颗骰子的点数，对照进程版图上的狩猎表，用地形类型乘点数得出食物数量，从供应堆拿对应数量的食物放到自己控制台的食物格里。如果你有创意标记，还可以用它修改骰子点数。最后从狩猎标记展示区拿一个狩猎指示物放到这个领地上，本时代内谁都不能再在这里狩猎了。

[20]    7.6s  Q: 怎么迁徙？
      A: 迁徙是个主模组，激活时要支付一个点数一的激活骰和一个点数三的激活骰，各等级的效果不太一样：一级就是执行一次迁徙。一次迁徙指的是把一个站立的部落移动到相邻领地，然后你要决定是落定还是继续旅程。落定就会结算迁徙触发，比如把那个营地里别的部落赶去荒野、要是篝火营地就得分、还有翻开新领地；继续旅程的话这一路只是穿越，什么都不结算。到了二三级，迁徙前要先过恩惠检定，过了就能多迁几次。

[21]    6.2s  Q: 怎么生产原材料？
      A: 生产原材料很简单：选一个有你的部落站着的区域，从供应堆拿一个八角柱放到那个区域上，它就变成该区域材料板块上标的那种原材料。另外，如果你的船上有部落、而且船的中央凹槽空着，也可以在船上生产，只不过船上产的料要等运输时才确定是什么类型。要注意，原材料本身还不能用，得先运到仓库变成仓库材料，才能用来建造或者付卡牌费用。

[22]    5.6s  Q: 原材料怎么变成能用的东西？
      A: 原材料本身是不能直接用的。你得先通过生产行动，把原材料标记放到大陆或船上，然后再执行运输行动，把它运回自己手边的仓库里，变成仓库材料。仓库材料才是真正能用的东西，可以用来建造聚落和雕像、支付研究牌的费用，或者卖掉换钱。

[23]   11.5s  Q: 怎么建造？能建什么？
      A: 建造要通过建造模组来执行：激活时要同时交一个点数四和一个点数六的激活骰，然后从四种建造里选一种。能建的是农场、船、雕像和聚落。农场免费，放在有你部落的陆地上，建完得一个创意标记，最多三个；船也免费，放在与你部落相邻的水域里，并要把一个站立部落迁上船，最多两艘；雕像和聚落都建在建造点上，雕像要付建造点印的其中一种材料、建完推任意进程轨一格，聚落要付材料费、建完立刻拿一个收入芯片并触发，每个建造点最多放两个建筑，其中至多一个聚落。

[24]    7.9s  Q: 怎么运输材料？
      A: 运输就是把材料从大陆或船上挪进你自己的仓库，变成能用的仓库材料，这是一个回合行动。放在大陆上的原材料，直接按它所在区域材料板块的类型放进对应仓库格，不需要那个区域有你的部落；放在船上的原材料，则按船旁边已经开发的区域选一个，放进对应类型的仓库格，如果用运输模组三级还能放宽到任意仓库格。

[25]    9.9s  Q: 怎么获得研究牌？
      A: 获得研究牌时，你先从建造、洞悉、突变、成就、发明这五种类型里选一种，然后从对应类型的正面朝上牌堆顶拿一张，也可以选择从背面朝下的牌堆顶盲抽一张，拿到手牌。正面堆被拿空后会立刻从背面堆翻一张补上。另外游戏开局时每人会从五个牌堆各抽两张、每种类型留一张作为初始手牌。

[26]   10.2s  Q: 研究牌怎么安装？有什么限制？
      A: 研究牌安装分几步：先从手牌选一张，确定装在哪一列，再满足费用格，结算成功点数和即时奖励，最后插进层级分区。插好后只露出上面三分之一的能力区，这个能力从此刻起持续生效。

限制有三条。第一，同一列里只能装同一类型的研究牌，比如建造牌只能跟着建造牌往上摞；你第一次装某种类型时，可以选一个空列或者只有收入芯片的列来开新列。第二，每列必须从最低层开始连续往上装，不能跳着留空。第三，层级分区最左边一列被层级四和层级五的板块挡住，不能装牌，实际能用的有九列。

费用的规则是：装到第几层，就要满足这张牌前几个费用格的条件。费用格有支付型，就是交材料回供应堆，也有持有型，只要手里够数就行，不用消耗。你也可以自愿多满足更高的费用格，每多满足一格，就多拿那格下面印的成功点数。

[27]    8.2s  Q: 激活骰和命运骰有什么区别？
      A: 这两种骰子用途完全不同。激活骰是白色的六面骰，点数一到六，用来支付激活模组的费用，掷完按点数放在自己控制台的骰子格上，计划标记可以替代它。命运骰是粉色的六面骰，用来做恩惠检定、狩猎和幸运收获，放在控制台旁边，计划标记不能替代它。简单说，激活骰是拿来花钱的，命运骰是拿来赌运气的。

![激活骰](http://localhost:5000/games/civolution/assets/components/page-04/activation_die.png)
![命运骰](http://localhost:5000/games/civolution/assets/components/page-04/fate_die.png)

[28]    5.7s  Q: 创意标记是干什么的？
      A: 创意标记放在你控制台的创意格上，作用是改骰子点数。每花一个创意标记，就可以把任意一颗激活骰或命运骰的点数加减一，一和六是连着的，也就是说一个标记就能把一改成六。比如建农场会立刻送你一个创意标记，狩猎、幸运收获这些掷骰的时候都能用它来调整结果。

[29]    6.0s  Q: 计划标记怎么用？
      A: 计划标记就是放在你控制台骰子格上的八角柱。使用时先从这个行动的供应堆取若干标记，全部放到同一个骰子格上，不能分散。之后激活模组时，如果费用需要某个点数的白骰子，你可以从对应点数的骰子格上拿计划标记来代替它支付，付完放回供应堆。注意它只能替代激活骰，就是白骰子，不能替代命运骰。

[30]    5.1s  Q: 焦点标记有什么用？
      A: 焦点标记是特殊的计划标记，可以当成任意点数的计划标记来用。激活模组需要某个点数的骰子时，你可以把焦点格上的焦点标记放回供应堆，代替那个点数的激活骰来支付费用。简单说，它就是个万能点数的计划标记，用来补齐你缺的点数。

[31]    5.6s  Q: 1和6算相连吗？
      A: 算。用创意标记调整骰子点数时，一点和六点视为相连，所以花一个创意标记就能把一点改成六点，或把六点改回一点。

[32]    8.4s  Q: 骰子点数不够怎么办？
      A: 骰子点数不够的时候，可以花创意标记来调整点数。每消耗一个创意标记，就能把任意一颗自己手里的骰子点数加一或减一，而且一点和六点是连着的，所以一个标记就能把六改成一点。比如做恩惠检定的时候，要求至少有一颗骰子的点数不超过恩惠轨上的位置，如果掷出来的点数太大，就花创意标记把它降下来就能通过了。

[33]    6.0s  Q: 喂不饱部落会怎样？
      A: 喂养阶段时每个部落都要喂食，营地或船上的部落花一个食物，野外的花两个。喂不饱的话，站着的部落会躺倒，已经躺倒的部落会直接死亡，死亡时可以触发机械降神来拯救它。

[34]    6.2s  Q: 什么叫机械降神？什么时候能用？
      A: 机械降神是一个救急行动。当你的某个部落即将死亡时，比如喂养阶段没喂饱的虚弱部落，或者被事件负面效果点名要移除的部落，你可以在它被移除之前改用这个行动：部落不用拿回供应堆，改成把你阿格拉恩惠轨上的标记往后移一步。注意，如果你的恩惠标记已经在轨道最左边，就不能用这个行动了。

[35]    5.9s  Q: 机械降神用了会怎样？
      A: 机械降神是在你的一个部落即将死亡时触发的补救行动。正常部落死亡会被移除，但用了机械降神，部落就不用移除，改成把你放在阿格拉恩惠轨上的标记往后退一格。注意，如果你的标记已经在轨的最左边一格，就不能用这个行动了。

[36]    3.7s  Q: 狼谷是什么效果？
      A: 狼谷是一张地点牌，一共两块。在每轮的地点阶段结算：只要狼谷相邻的领地上有你的部落，而你的食物格里又有食物，你就要失去一个食物；要是食物格里没有食物，就可以免掉这次损失。

[37]    4.9s  Q: 冰川会怎样？
      A: 冰川是地点，一共有两块，在阶段五的地点阶段各自结算。效果是：如果冰川相邻的领地里有玩家站着不倒的强壮部落，那位玩家就要把自己的一个强壮部落躺倒变成虚弱；已经躺倒的弱部落不受影响，如果旁边根本没有强壮部落就什么事都不会发生。

[38]    4.1s  Q: 神秘橡树怎么计分？
      A: 神秘橡树一共三块，各自独立结算。在地点阶段，每块橡树看你周围相邻且有自己的部落的区域，海洋、沼泽、沙漠每个得两分，森林、草原、丘陵、山脉每个得一分。

[39]    9.0s  Q: 地点怎么翻开？
      A: 地点要靠探索行动来翻开。探索模组激活需要同时支付一个点数一的激活骰和一个点数四的激活骰，然后选一个有自己部落的领地，把它相邻的所有背面朝上的地点全部翻开。每翻开一块，你立刻获得它正面左上角标的分，再结算这块地点自己的效果。等级更高的探索还能额外翻任意一处地点或者多拿分，玩法会写在模组板上。

[40]   10.4s  Q: 目标芯片怎么获得？有什么用？
      A: 目标芯片主要在阶段二「新的目标」获得：从起始玩家开始顺时针轮流，每人可以从进程版图的展示区拿一枚目标芯片放进自己控制台的目标区，也可以跳过，大家都选完后再从深蓝袋子补满展示区。另外设置阶段选初始芯片时也会顺便带一枚。

目标芯片的用处是安装：把它翻到背面，选左右半侧，装到自己控制台目标列的最低空位，安装时要满足芯片上写的条件。装上后可能揭示升级奖励，而且当目标区某一叠目标芯片全部装完，你就可以升级一个主模组。

![目标芯片](http://localhost:5000/games/civolution/media/components/goal_chip.png)

[41]   17.0s  Q: 收入芯片怎么获得？什么时候激活？
      A: 收入芯片有三个主要来源。设置时你的初始芯片牌就是第一枚收入芯片。平时从进程版图上的收入芯片展示区拿取，那里固定展示三枚，拿走一张就从白色袋子里补一张。建造聚落也会奖励你一枚收入芯片，并且当场立即执行它的效果。

激活时机分几种：拿到的瞬间效果先结算一次。之后每个时代的收入阶段，你所有已安装的收入芯片会各激活一次，顺序自己定。另外，天气轨的温暖格、进程轨奖励，还有阿格拉恩惠或收入芯片奖励这类效果，都能让你选一枚已安装的收入芯片执行。平时安装芯片本身不会触发效果，只有被选中激活时才结算。

[42]    8.8s  Q: 属性芯片是干嘛的？
      A: ![属性芯片](http://localhost:5000/games/civolution/assets/components/page-04/attribute_chip.png)

属性芯片是黄色的芯片，从进程版图的展示区拿，安装到自己控制台的层级分区里。芯片左侧是安装费用，右侧是它的效果，装上去之后会持续提供好处，比如满足某个条件时就给你资源或分数。另外到游戏结束时，每个已激活层级里装的芯片还能按层级标示的分数帮你计分。

[43]    4.5s  Q: 事件牌有什么作用？
      A: 事件牌每个时代翻开一张，决定这个时代的天气变化和事件奖励。它带两个效果：右上角的天气趋势，在事件阶段第一步结算，让天气标记沿天气轨移动一到两步并触发天气效果；下半部分的事件效果，在事件阶段第二步结算，条件成立时给符合条件的文明发奖励，没有文明满足就作废。少数事件还会要求移除农场或船。

[44]   15.5s  Q: 模组可以升级吗？怎么升？
      A: 模组可以升级。游戏里有十五个主模组可以升，总共三级，特征模组和睡眠模组不能升。升级一次就是等级加一：从一级升到二级把板块翻面，从二级升到三级把板块放回游戏盒，控制台上印的三级效果就激活了。至于什么时候能升，主要是两种时机：你推进进程轨越过奖励线时，如果这个模组的激活费用里有这条轨道对应的骰子点数，就能升级它；另外每装完一叠目标芯片，也可以升级一个模组。

[45]    4.9s  Q: 睡眠模组是什么？
      A: 睡眠模组是二十二个模组里唯一一个固定的特殊模组，不需要升级。激活它的费用是支付任意点数的两颗激活骰，然后二选一：要么从供应堆拿一个焦点标记放到自己的焦点格，要么拿两个创意标记放到自己的创意格。简单说就是个换资源的模组，把用掉的骰子换成标记。

[46]    7.2s  Q: 模组激活要什么骰子？
      A: 激活模组要支付两颗白色激活骰。每颗骰子需要的点数印在模组板块的左下角和右下角，凑齐这两个点数就能激活。另外也可以用计划标记替代对应点数的激活骰来支付。

[47]    7.2s  Q: 阿格拉恩惠轨是干嘛的？
      A: 阿格拉恩惠轨是流程版图中间那条一到六的轨，记录主考官阿格拉对你的恩惠等级，会影响三件事。第一，做恩惠检定的时候，只要命运骰任意一颗骰出一点到当前恩惠等级这个范围内的点数就算通过，等级越高越容易过。第二，收入阶段雕像计分时，你的每座雕像按这条轨上你圆盘上方印的分数得分。第三，它还会影响终局计分。所以推进这条轨，就等于同时提高检定成功率、雕像收入和终局得分。

[48]    6.3s  Q: 恩惠检定是什么？
      A: 恩惠检定就是投掷你手上所有的命运骰，也就是那些粉色骰子，然后看有没有一颗骰子的点数落在阿格拉恩惠轨当前数字以内。比如恩惠轨在四，那你掷出一点到四点之间就算通过。掷完后你还可以花创意标记来调整骰子点数，每花一个就能把任意一颗骰子加减一点，一点和六点是连着的，也就是说花一个标记就能把六改成一点。只要最后有一颗骰子落在范围里，检定就算通过。

[49]    7.5s  Q: 游戏什么时候结束？
      A: 游戏一共进行四个时代，每个时代有八个阶段。第四个时代的收入阶段结束后，游戏进入终局计分，把阶段标记放到终局计分轨上，从科技格开始一格一格往右推，一共十一格，每格结算一个类别的分数，包括科技、声望、知识、建设、文化、进化、繁荣、人口、扩张，还有控制台分区和加分牌。走完全部十一格后比较总分，分数最高的玩家获胜。

[50]    9.8s  Q: 终局怎么计分？
      A: 终局计分在第四时代收入阶段做完收入和雕像计分之后开始。把黄色阶段标记放到终局计分轨最左边，一路往右推，一共十一格：先算九个类别，科技、声望、知识、建设、文化、演化、繁荣、人口、扩张，每个类别都是你在这方面的数量乘以该格印的分值，被随机抽到的计分板块盖住的格就用板块上的分数。接着控制台 A 格按每个已激活层级上装的研究牌和芯片给分，控制台 B 格把你装的所有带分数奖励的研究牌加起来。走完全轨后比总分，最高的赢，平局先比成功点数，再比模组升级数，还平就比座次顺序。

[51]   15.8s  Q: 贵族怎么获得？
      A: 我查了一下《文明演化》的规则库，这个游戏里并没有贵族这个机制或概念，规则里找不到任何叫贵族的东西。你可能是把它和别的文明题材游戏记混了。如果你问的是阿格拉恩惠轨上的恩惠标记，或者神权制这张研究牌，我可以再给你细讲。

[52]    7.9s  Q: 什么时候游戏结束？
      A: 游戏一共进行四个时代，第四个时代的收入阶段只结算收入和雕像计分，之后就把阶段标记放到终局计分轨上，一格一格往前推，共十一格，依次结算科技、声望、知识、建设、文化、进化、繁荣、人口、扩张这九个类别的分数，再加上控制台的分区和奖励牌分数。走完全轨后比较总分，分数最高的玩家获胜；如果平手，就比谁的模组升级多，还平手就按座次顺序决定。

============================================================
共 52 题，总耗时 393.4s，平均 7.6s
慢于 15s 的 3 题：[41, 44, 51]
