[01]    4.0s  Q: 这个游戏怎么赢？
      A: 想赢就是比谁的分数最高。游戏分四个时代，每个时代八个阶段，第四时代结束后进入终局计分，沿一条十一个格的轨道逐格结算九大类计分，加上控制台两块区域，走完全轨比总分。分数相同的话，先比谁的模组升级得多，还一样就按座次顺序，坐得靠前的赢。

[02]    5.0s  Q: 部落有哪几种状态？
      A: 部落有两种状态：站立和躺倒。站立代表强壮，躺倒代表虚弱。只有站立的部落能迁徙，躺倒的部落到喂养阶段若没喂饱就会死亡。

![部落棋子](http://localhost:5000/games/civolution/assets/components/page-05/tribe.png)

[03]    2.9s  Q: 营地是什么？有什么用？
      A: 营地是大陆地形上的圆形标记位置，用来摆放你的部落。它还有个作用：带数字标记的营地要按玩家人数使用，比如带三的标记在三人及以上局才用，带四的只有四人局用，开局的设置阶段会把用不到的营地用阻挡标记盖掉。你的部落一般就放在营地上。

[04]    3.0s  Q: 大陆上有哪几种地形？
      A: 大陆上一共有七种地形：森林、草原、丘陵、沼泽、山脉、沙漠、海洋。每块领地属于其中一种地形。

[05]    2.1s  Q: 什么叫领地？两个同色相邻的区域算同一个吗？
      A: 领地就是大陆上的一片具体土地，每格按所在板块定一种地形。两个同色相邻的区域规则上算两个不同的领地，不合并成一个。

[06]    7.8s  Q: 我的人口标记是干嘛的？
      A: 你说的应该是部落——大陆上那些米宝形状的棋子，代表你文明在那片大陆上的存在。它们是游戏的核心，靠它们才能迁徙、生产、狩猎、占据领地，而且每个时代计分都会按你在大陆上部落的数量来算分，部落越多分越高。每个部落分站立和躺倒两种状态，站立才能行动，躺倒的如果喂养阶段没喂饱会死。

[07]    2.9s  Q: 游戏一共有几个阶段？按什么顺序进行？
      A: 游戏一共进行四个时代，每个时代都有八个阶段，按顺序走：新的卡牌、新的目标、额外收获、行动阶段、地点阶段、喂养阶段、事件阶段、收入阶段。前三个时代走完收入阶段就回到阶段一开新一轮，第四个时代走完后进入终局计分，比总分和模组升级数定胜负。

[08]    2.8s  Q: 阶段一干什么？
      A: 阶段一是新的卡牌。翻开事件牌堆顶一张放到左边事件牌格，右上角显示本时代的天气变化方向和事件效果，事件到阶段七才结算。然后翻开五个研究牌堆各顶部一张，放到对应正面朝上的堆上，第一时代新建堆，后面就覆盖上一张。做完就推进到阶段二新的目标。

[09]    3.1s  Q: 阶段二每个人都要拿目标芯片吗？
      A: 不用，阶段二不是强制的。从起始玩家开始顺时针轮流，每人可以选择从展示区拿一枚目标芯片放进目标区，也可以选择跳过，不拿也行。所有人都选择完以后，才把展示区的空位补满。

[10]    4.2s  Q: 额外收获是什么意思？我该怎么做？
      A: 额外收获是每个时代第三个阶段的固定环节，跟你的回合行动无关。到这一步时，从起始玩家开始顺时针，每人选一个自己有至少一个部落的领地，从供应堆拿一个标记作为仓库材料，放进你仓库区里对应这个领地地形的那一列的存储格里，哪个格都行。

只按领地地形匹配，跟这个领地材料板块上印的具体是什么材料没关系，你只是按地形类型挑一列放进去。

[11]    4.3s  Q: 行动阶段我要做什么？
      A: 行动阶段每个玩家按顺时针轮流行动，轮到你的回合必须二选一：要么激活一个模组，支付恰好两个点数对应的激活骰，或用计划标记、焦点标记来付；要么执行一次重置，前提是你控制台上的激活骰不超过三个。重置分三步，先把阶段标记沿黄色箭头推到下一个重置格，然后收回用过的骰子全部重掷，最后把最左边的重置标记放进创意格或食物格。一直轮到有人把阶段标记推到红色的重置结束格、所有人再各走一圈，行动阶段才结束。

[12]    3.4s  Q: 地点阶段会发生什么？
      A: 地点阶段是阶段五。依次结算三种已翻开的地点效果，按这个顺序：先狼谷，再冰川，最后神秘橡树，没翻开的地点直接跳过。

狼谷：只要你在和狼谷相邻的领地里有部落，就得从食物格里扣掉一个食物，没有食物就豁免。

冰川：只要你在相邻领地里有站立的强壮部落，就要把其中一个躺倒变成虚弱，躺倒的部落不受影响，没有强壮部落就豁免。

神秘橡树：数你相邻且有你部落的领地，水域沼泽沙漠每个得两分，森林草原丘陵山脉每个得一分。结算完就进入下一阶段的喂养。

[13]    3.9s  Q: 喂养阶段怎么喂？
      A: 喂养阶段分两步。第一步喂部落，大陆上你每个部落都得决定喂不喂：待在营地或船上的部落花一个食物，野外的花两个食物；自己农场所在区域的部落自动算喂饱，野外的也只花一个食物，研究牌还能再减。喂饱就把对应数量的食物从你手边的食物格里还回供应堆。没喂饱的强壮部落躺倒，已经躺倒的部落直接死亡。所有人都喂完后第二步，每个仍站着的强壮部落各得一分。

[14]    3.1s  Q: 事件阶段干什么？
      A: 事件阶段分四步走。第一步调天气，按本时代事件牌右上角的方向把天气标记沿天气轨移动一到两步，然后所有玩家按座次逐一结算当前天气格的效果。第二步结算事件牌下半部分的事件效果，条件成立就给对应文明发奖励。第三步按当前时代的计分板块类别计分，计完把这块拿走。第四步决定新的起始玩家，刚在这类别得分最高的拿起始纪念碑，平局就从现任起始玩家起按座次传给下一个平局者。

[15]    3.2s  Q: 收入阶段做什么？
      A: 收入阶段是阶段八，按顺序做四件事。第一，获得收入：从起始玩家开始顺时针，每位玩家把自己面前已经装好的每个收入芯片各触发一次，顺序自己定。第二，雕像计分：每有一座在大陆上的雕像，按恩惠轨上自己圆盘上方印的分数加分。第三，回收大陆上所有狩猎指示物到展示区。第四，每位玩家从供应堆把空的重置列补满。

收尾看是不是第四时代：前三时代就把阶段标记移回阶段一开新一时代；第四时代就跳过第三第四步，把阶段标记放到终局计分区的起点，进入终局计分。

[16]    2.9s  Q: 怎么激活模组？
      A: 激活就是从你手头可用的效果里挑一个来发动。做法是在你的回合里选择一个当前可用的效果——比如研究牌上的活动能力，或者你玩家面板控制台自带的那个基础活动——激活它。激活只是让这个效果进入待结算状态，不等于立刻结算，后面还要走结算那步才算真正生效。

[17]    5.0s  Q: 重置是什么？怎么操作？
      A: 重置是你在自己回合里可以执行的一个操作，作用是清理行动骰子并推进阶段。它的前提是：激活骰子区里剩下的骰子不超过三颗。

操作分三步走。第一步，把重置列里最靠左的那个重置标记沿列往下推三步，其中推动阶段标记到下一个重置格，如果推到红色格就触发行动阶段结束。第二步，把所有已经用过的激活骰收回重掷，放回对应的点数格。第三步，把这个重置标记放进你的创意格或食物格。

如果四条重置列全是空的，你仍然可以重置，只是第三步改成直接从供应堆拿一个八角柱放进去。收入阶段结束时会把空的重置列重新补满。

[18]    3.5s  Q: 什么时候能重置？
      A: 重置有前提：只有当你的激活骰子区里剩下的骰子少于等于三颗时才能执行。每次重置会把你重置列最左边的标记往下推三步，把阶段标记往前推进、重掷所有用过的激活骰、再把这个标记放进创意格或食物格。

[19]    3.6s  Q: 怎么狩猎？
      A: 狩猎很简单。选一个上面有你部落而且还没有狩猎指示物的领地，把手上全部命运骰一次掷出去，挑一个骰子的点数。可以花创意标记改点数，每个改动一点，一点和六点算相邻。然后按狩猎表查领地形加上点数对应的食物数，从供应堆拿那么多食物放到自己的食物格里。最后从展示区拿一个狩猎指示物放到那块领地上，这个时代内谁都不能再在那里狩猎了。

[20]    3.4s  Q: 怎么迁徙？
      A: 迁徙很简单。选一个站立的部落，把它移动到相邻的领地，然后你做个选择：落定还是继续赶路。

落定的话就进入那个营地，结算迁徙触发——比如目的地是篝火营地就立刻拿分、如果营地里已经有别人的部落就把他们赶到这片地的荒野去，然后你自己变虚弱，同时把这片领地的材料板块翻开发开发领地。继续赶路的话就叫穿越，这个部落本回合会再走一步，但这次不结算任何触发，不占营地、不分、不开发。

要注意，只有站立的健康部落能迁徙，躺倒的虚弱部落不行。

[21]    4.4s  Q: 怎么生产原材料？
      A: 生产原材料是游戏里的一个行动。做法是：选一个有至少一个自己部落站着的领地，从供应堆拿一个八角柱标记，放到那个领地上，就变成对应材料板块类型的一块原材料。要是你的船上也有部落、且船中央凹槽空着，也能在船上生产。注意原材料本身没价值，得再通过运输原材料行动把它运进自己的仓库区，才能变成真正可用的仓库材料。

[22]    3.8s  Q: 原材料怎么变成能用的东西？
      A: 原材料要先放在大陆或船上的材料标记，它还不算你仓库里的东西。要把它变成能用的仓库材料，得靠运输原材料这一步——把它运到自己的仓库区，就按所在领地的类型变成对应颜色的仓库材料。最常见的流程是用生产模组，激活生产后产出原材料，再运输到仓库。生产模组等级越高，产得越多、运得越多，比如一级产两个还能过恩惠检定多运一个，二级产三个运一个，三级产四个运两个。

[23]   12.2s  Q: 怎么建造？能建什么？
      A: 建造是靠激活自己控制台上的建造模组来完成的。在行动阶段你激活它，需要同时支付一个点数四和一个点数六的激活骰，然后完成一个建造项目。模组升级后能做更多：二级可一次完成最多两个同类项目，三级可完成两个不同类项目，或改成从手牌安装建造牌。

能建的共四样。聚落：放到建造点上，付对应材料，最多四个，建后拿一张收入芯片并立即生效。雕像：也放建造点上，从建造点列出的材料里付一种，可以推进任意进程轨一格，之后每个收入阶段按恩惠轨计分。农场：放在有自己部落的陆地上，不用付材料，直接拿一个创意标记，最多三个。船：放在与有自己部落的领地相邻的水域，也不用付材料，立刻把一个站着的部落迁上船，最多两艘。

雕像和聚落都占用建造点，每个建造点你最多放两个建筑，其中聚落至多一个。需要我具体讲某一项的细节吗？

[24]    4.4s  Q: 怎么运输材料？
      A: 运输是你手边的一个主模组，激活它需要同时支付一个点数一的激活骰和一个点数五的激活骰。激活后把大陆上你标记的原材料搬到仓库：一级搬三个、二级搬六个、三级把大陆上所有原材料都搬完。陆地上的原材料按它所在领地的材料类型进对应的仓库格；船上的原材料按船所在水域相邻的已开发领地的材料类型进格，升到三级后船载的可以进任意仓库格。

[25]    8.2s  Q: 怎么获得研究牌？
      A: 想拿研究牌，就执行"获得研究牌"这个行动：选一种类型，建造、洞悉、突变、成就或发明，从那种类型的正面朝上堆顶拿一张，或者直接背面朝下盲抽一张到自己手牌。正面堆拿空时会自动从牌堆补一张翻出来。

[26]    5.0s  Q: 研究牌怎么安装？有什么限制？
      A: 研究牌安装就是把手里的一张研究牌放进层级分区的列里。步骤是：先确定列和层级，再满足对应层级的费用格，然后结算已满足费用格下方印的成功点数进计分轨，接着结算牌下部的即时奖励，可以选择放弃，最后插入牌，只露出上三分之一的能力区，能力从此持续生效。

限制有几个关键点。五类研究牌各占一列，同列里的研究牌必须同色，而且每列必须从低层级连续往上装，不能跳空。费用方面，装的层级对应牌上第几格费用格，至少满足前 N 格里所有非空格，空格自动视为满足；你也可以自愿多满足更高层的费用格，每多满足一格就多拿它下方印的成功点，最多到第五格。列的选择上，如果这类型已经装过就放进同类型列的最低空位；如果还没装过，可以选一个空列，或者只含收入芯片的列。

![研究牌](http://localhost:5000/games/civolution/media/components/research_card.png)

[27]    3.0s  Q: 激活骰和命运骰有什么区别？
      A: 激活骰是白色的，专门用来支付激活模组的费用，激活一个模组要交两颗，且对具体点数有要求。命运骰是粉色的，用来做各种检定和随机，比如恩惠检定、狩猎拿食物、幸运收获拿材料，掷出来的点数决定结果。简单说，激活骰是花钱付账用的，命运骰是碰运气掷点用的。

![激活骰](http://localhost:5000/games/civolution/assets/components/page-04/activation_die.png)
![命运骰](http://localhost:5000/games/civolution/assets/components/page-04/fate_die.png)

[28]    2.3s  Q: 创意标记是干什么的？
      A: 创意标记是放在你面板创意格上的小标记，用来改骰子点数。花一个创意标记，就能把任意一颗激活骰或命运骰的点数加一或减一，一和六算相邻可以互相调。

另外它通常靠建造农场免费获得，比如你的提示栏写着农场无费用，盖一个就奖励一个创意标记。

[29]    4.4s  Q: 计划标记怎么用？
      A: 计划标记是放在骰子区某个格上的标记，激活模组时它当成一颗对应点数的激活骰来用，和那颗骰子完全等价，但不能代替命运骰。用它支付时会直接放回供应堆，不回到你手里。

计划标记来自「计划」这个主模组：激活它的效果时，可以不放目标芯片，改为从供应堆拿两个标记放到同一个骰子格上当计划标记，二级和三级能拿三个。因为它是放在某个点数格上当作那颗点数的骰子，所以想当几点就当几点，把它放哪个格就行。

[30]    2.1s  Q: 焦点标记有什么用？
      A: 焦点标记是一种特殊的计划标记，可以当成任意点数的计划标记来用。当激活模组需要特定点数的激活骰时，你可以把焦点格上的焦点标记放回供应堆，顶替那个点数的骰子来支付费用。

[31]    3.4s  Q: 1和6算相连吗？
      A: 算。调整骰子点数时，1 和 6 是相连的——你花一个创意标记就能在 1 和 6 之间互改，不用绕一圈经过其他点数。

[32]    7.1s  Q: 骰子点数不够怎么办？
      A: 骰子点数不够主要有两招。第一招是用创意标记调整：每个创意标记可以把你一颗激活骰或命运骰的点数加减一点，一和六是连着的，一个标记就能在一和六之间互相改。第二招是用计划标记和焦点标记替代：计划标记只能顶替对应点数的激活骰，焦点标记比较厉害，能顶替任意点数的激活骰。要注意这些都是顶替激活骰，顶不了命运骰。

[33]    5.0s  Q: 喂不饱部落会怎样？
      A: 喂不饱的部落分两种情况：站立（强壮）的部落会躺倒变虚弱；已经躺倒（虚弱）的部落就会死亡。部落死亡时可以看要不要用机械降神来拯救。另外可以提醒你，喂养阶段每个在营地或船上的部落要一个食物，野外没进营地的要两个，有自己农场在的地方能减免。

[34]    4.3s  Q: 什么叫机械降神？什么时候能用？
      A: 机械降神是个保命行动：当你的一个部落即将死亡、也就是部落死亡的结算正要开始那一刻，你可以改用这个行动来改写结算——本来要把那个部落收回供应堆的，现在改成把你恩惠轨上的标记往后移一步，部落就保住了。但要两个前提：一是标记不能在恩惠轨最左格，否则用不了；二是得在部落死亡结算正式开始前用。

[35]    3.2s  Q: 机械降神用了会怎样？
      A: 机械降神是在你有一个部落即将被移除的时候触发的。你可以在移除部落结算前改用它，这样就不移除部落，改为把你的恩惠标记在阿格拉恩惠轨上往后移一步。如果你的标记已经停在轨的最左格，就不能用。

[36]    2.3s  Q: 狼谷是什么效果？
      A: 狼谷是一种效果地点，一共两块，在地点阶段各自独立结算。效果是：只要你在与狼谷相邻的领地里有部落，并且自己食物格里有食物，就失去一个食物；如果你一个食物都没有，就豁免。

[37]    2.7s  Q: 冰川会怎样？
      A: 冰川是效果地点，翻开后在地点阶段结算，每块各自独立处理。结算时，凡是跟冰川相邻的领地上有站立状态强壮部落的玩家，都得把自己那一片里一个强壮部落放倒变成虚弱，弱部落不受影响；要是相邻领地上一个强壮部落都没有，就豁免。要看清这是按每个玩家分开算的。

[38]    2.6s  Q: 神秘橡树怎么计分？
      A: 神秘橡树是效果地点，一共三块，各自独立结算。它在第五阶段地点阶段结算：每块橡树，检查你相邻且有自己的部落的领地——水、沼泽、沙漠每块得两分，森林、草原、丘陵、山脉每块得一分。

[39]    4.9s  Q: 地点怎么翻开？
      A: 地点靠探索模组翻开。执行探索时，先选一个有你部落的领地，支付一个点数一的激活骰和一个点数四的激活骰，然后把它相邻的所有背面朝上的地点一起翻到正面。每翻开一块，你立刻获得它正面左上角标的分，再结算这块地点自己的效果。注意探索还有另一种选择叫幸运收获，二选一，看你需要哪个。

[40]    5.3s  Q: 目标芯片怎么获得？有什么用？
      A: 目标芯片从进程版图右下角的目标芯片展示区拿，正面朝上放到自己面板左上方的目标区；目标区满了就叠在已有芯片上盖住它，拿完再从蓝色袋子补一张上展示区。

到手后把它装进自己控制台的目标列，翻到背面选左或右半侧，放到最低的空位。部分芯片安装要付费用或满足条件。装上后可能揭开升级奖励，而且每个目标区的格子装完一叠就能升级一次主模组。终局时这些已激活层级上的芯片还会按层级分数给你计分。

![目标芯片](http://localhost:5000/games/civolution/media/components/goal_chip.png)

[41]    6.5s  Q: 收入芯片怎么获得？什么时候激活？
      A: 收入芯片可以从进程版图的市场展示区拿取（三格正面朝上，拿了会补满），建造聚落时也会直接获得一枚并触发效果。拿到手的芯片要装到你自己控制台的层级分区里。

芯片装上时不触发效果，只有在你激活它时才结算：激活只发生在收入阶段、温暖天气翻出的奖励、以及进程轨的奖励里。到时你从自己控制台里选一枚已安装的收入芯片执行它的效果就行。

![收入芯片](http://localhost:5000/games/civolution/assets/components/page-04/income_chip.png)

[42]    4.2s  Q: 属性芯片是干嘛的？
      A: 属性芯片是黄色的芯片，从公共版图上的展示区拿取后装到自己控制台的层级分区里。芯片左边是安装费用，右边是条件效果。安装时效果不触发，但到了终局计分，每个已激活层级里装的研究牌和芯片都会按该层的标示给你加分，属性芯片也算在内，装得越多层越高，分就越多。

[43]    2.3s  Q: 事件牌有什么作用？
      A: 事件牌是每个时代翻开一张的卡牌，决定本时代天气变化和事件奖励。它带两个效果：右上角的天气趋势，在阶段七的 A 步让天气标记移动并结算天气效果；下半部分的事件效果，在阶段七的 B 步按条件结算奖励。简单说就是每个时代末尾会触发一次天气变化和一次事件效果。

[44]    8.5s  Q: 模组可以升级吗？怎么升？
      A: 模组可以升级，分三级。升级不是直接花钱做的行动，而是推进进程轨时获得的奖励——你在科技、声望、知识、建设、文化这五条进程轨上推进，越过奖励线时就能触发升级模组的奖励，条件是你要升级的那个模组的两个激活费用点数里有一个跟这条轨对应的骰子点数一致。

升到二级就是把板块翻到背面，效果印在反面；升到三级就把板块放回游戏盒，等级三的效果直接印在你的控制台模组槽底部，常驻生效。设置阶段你还会免费拿到第一次升级，把初始芯片牌上指定的那个模组直接翻到二级。

[45]    3.4s  Q: 睡眠模组是什么？
      A: 睡眠模组是那二十二个模组里比较特殊的一个，它不用匹配特定点数，支付任意两颗激活骰就能激活。激活后二选一：要么从供应堆拿一个焦点标记放到焦点格，要么拿两个创意标记放到创意格。简单说就是拿通用资源补一手的小模组。

[46]    2.8s  Q: 模组激活要什么骰子？
      A: 模组激活用的是激活骰，就是白色六面骰，点数一到六。激活一个模组要支付两颗激活骰，两颗的点数分别要匹配模组板块左下角和右下角标明的费用点数。

[47]    3.9s  Q: 阿格拉恩惠轨是干嘛的？
      A: 阿格拉恩惠轨就放在流程版图正中间，上面有个恩惠标记，用来记当前阿格拉主考官对你的青睐程度。它主要影响三件事：一是恩惠检定——你掷命运骰后，只要有一颗点数落在从一到恩惠轨当前位置这个区间里就算通过，所以恩惠越高越容易过检定；二是收入阶段的雕像计分，每座大陆上的雕像按你标记上方印的分数得分；三是终局计分。整个游戏里提升恩惠、也就是往这轨上推标记，是很重要的路线。

[48]    2.6s  Q: 恩惠检定是什么？
      A: 恩惠检定就是掷出你全部的命运骰，只要你有一颗骰子的点数落在从一到阿格拉恩惠轨当前刻度这个闭区间里就算通过。掷完之后可以花创意标记调点数，一个标记让任意一颗骰子加一或减一，一和六是相连的。

[49]    2.2s  Q: 游戏什么时候结束？
      A: 游戏一共进行四个时代，每个时代八个阶段。第四个时代结束时进入终局计分，沿终局计分轨把十一个格子依次结算完，最后比较总分，分数最高的玩家获胜。如果出现并列，先比升级的模组数量，还并列就比座次顺序。

[50]    2.9s  Q: 终局怎么计分？
      A: 第四时代结束就进入终局计分。你先做完最后收入阶段的拿收入和雕像计分，然后沿终局计分轨一格一格结算：先九个类别——科技、声望、知识、建设、文化、进化、繁荣、人口、扩张，再是控制台 A 结算层级分区，最后控制台 B 结算加分卡，走完就比总分，最高者赢。

终局那九个类别格，每格下面原本印有分值，但游戏开始前会随机抽三张计分板块盖在对应图标格上，覆盖掉原来印的分值——结算时就按板块上的分数来算，没被覆盖的格就按印的分值算。

比总分的时候，平手先比谁升级的模组多，还平就按座次顺序定胜负。

[51]   15.0s  Q: 贵族怎么获得？
      A: 我在规则里没找到叫「贵族」的概念。你说的贵族是指推进声望轨，还是指某个具体的棋子或研究牌？给我说一下指的是哪个，我帮你查怎么获得。

[52]    2.7s  Q: 什么时候游戏结束？
      A: 游戏一共进行四个时代，每个时代有八个阶段。等第四时代的收入阶段结束后，会进入终局计分阶段：把阶段标记放到终局计分轨上，沿轨逐格推进，走完十一个格子后比较总分。先比成功点数，点数并列的比模组升级数，再并列就按座次顺序决定，最高者获胜。

============================================================
共 52 题，总耗时 221.5s，平均 4.3s
慢于 15s 的 1 题：[51]
