[01]    4.8s  Q: 这个游戏怎么赢？
      A: 游戏共进行四个时代，每个时代八个阶段，最后进入终局计分。终局计分沿着一条十一个格子的轨道逐格结算九个计分类别加上层级分区和加分卡，走完全轨后比总分。先比成功点数，点数相同就比谁升级的模组多，还相同就按座次顺序，座次靠前的获胜。

[02]    3.1s  Q: 部落有哪几种状态？
      A: 部落只有两种状态：站立代表强壮，躺倒代表虚弱。只有强壮的部落能迁徙；到喂养阶段如果没被喂饱，强壮的会躺倒变虚弱，已经虚弱的会直接死亡。

[03]    4.3s  Q: 营地是什么？有什么用？
      A: 营地是大陆上领地里的圆形位置，用来放置你的部落。每个营地上通常能站一个部落，而部落站上去后就能在后续阶段进行迁徙、狩猎这类行动。另外部分营地印有人数标记，三人及以上的局才用带三的营地，四人的局才用带四的营地，设置时按玩家人数把用不到的营地用阻挡标记盖掉。

[04]    6.3s  Q: 大陆上有哪几种地形？
      A: 大陆上一共有六种陆地地形，分别是森林、草原、丘陵、沼泽、山脉和沙漠。水域不算陆地地形，是单独一类。

[05]    2.6s  Q: 什么叫领地？两个同色相邻的区域算同一个吗？
      A: 不是，就算两块相邻领地的地形一样，规则上也把它们当成两个不同的领地。领地里能不能生产、狩猎、迁徙，都是按单个领地来算的，不会因为同地形相邻就合并成一个。

[06]    5.4s  Q: 我的人口标记是干嘛的？
      A: 你的人口标记放在分轨上，用来记录你摆在大陆上的部落总数。到了每个时代的计分环节，就会按当前时代计分板块显示的每个分值，算你每有一个在大陆上的部落得多少分。简单说，它就是你部落数量的计分指示。

[07]    3.6s  Q: 游戏一共有几个阶段？按什么顺序进行？
      A: 游戏一共进行四个时代，每个时代都按固定的八个阶段走：一是新的卡牌，翻开事件牌和研究牌；二是新的目标，拿取目标芯片；三是额外收获；四是行动阶段，玩家轮流激活模组或重置；五是地点阶段，结算翻开的地点效果；六是喂养阶段，喂部落并给强壮部落计分；七是事件阶段，调整天气、结算事件、时代计分并定新起始玩家；八是收入阶段，获得收入、雕像计分再回收标记。前三时代结束后回到阶段一开启下一时代，第四时代走完后进入终局计分，比总分定胜者。

[08]    2.9s  Q: 阶段一干什么？
      A: 阶段一叫新的卡牌。先翻开事件牌堆顶一张盖在上时代的牌上，显示本时代的天气变化方向和事件效果，事件到阶段七才结算。然后翻开五个研究牌堆各顶上一张，放到正面朝上的研究牌堆上。做完就推进到阶段二新的目标。

[09]    5.4s  Q: 阶段二每个人都要拿目标芯片吗？
      A: 不是每个人都要拿。阶段二每位玩家按座次选择，你可以从展示区拿一枚目标芯片放进自己目标区，也可以跳过。等所有玩家都做出选择后，再把展示区空位补满。

所以这是自愿的，不想拿就别拿。

[10]    4.3s  Q: 额外收获是什么意思？我该怎么做？
      A: 额外收获是个行动，你做的时候选一个自己有部落的陆地领地，从供应堆拿一个材料标记，放到仓库里跟你那个领地地形对应的那一列的三个存储格里任选一格。注意只看领地地形，跟材料板块上印的具体材料无关。

[11]    3.7s  Q: 行动阶段我要做什么？
      A: 行动阶段从起始玩家开始顺时针轮流，每回合你都要二选一：要么激活一个模组，要么执行一次重置。

激活模组就是挑一个你自己的模组，支付两个点数正好对应的激活骰来触发它当前等级的效果，也可以用计划标记或焦点标记替代骰子，支付前还能花创意标记微调骰子点数。

重置的前提是你激活骰子区剩下的骰子不超过三颗。重置分三步：先沿黄色箭头把阶段标记推到下一个重置格，再把用过的骰子全收回来重掷放回点数格，最后把最左边的重置标记放进创意格或食物格。阶段标记推到红色结束格后，这一轮和下一轮都走完，行动阶段才结束，接着进入地点阶段。

[12]    3.7s  Q: 地点阶段会发生什么？
      A: 地点阶段是阶段五，按顺序结算三种已翻开的地点效果。先看狼谷：和狼谷相邻的领地里有你的部落，且食物格有食物，你就失去一个食物，没食物就豁免。然后是冰川：相邻领地里有站着的强壮部落，就把其中一个躺倒，弱部落不受影响。最后神秘橡树：每块橡树，你相邻且有部落的区域，水域沼泽沙漠每个得两分，森林草原丘陵山脉每个得一分。没翻开的地点直接跳过。

[13]    3.8s  Q: 喂养阶段怎么喂？
      A: 喂养阶段分两步。第一步喂部落：你每个部落都算一下喂食成本，营地或船上的部落要一个食物，野外的要两个食物；如果某个营地所在领地上有你自己的农场，那营地部落自动算吃饱不用喂，野外部落只算一个食物，研究牌能力还能再减免。想喂饱就从你食物格里把对应数量的食物放回供应堆，不喂的强壮部落躺倒变虚弱，已经虚弱的部落直接死亡。所有人喂完后，第二步每位玩家每个站立状态的强壮部落得一分。

[14]    4.3s  Q: 事件阶段干什么？
      A: 事件阶段一共四步。第一步调天气，按本时代事件牌右上角的方向把天气标记沿天气轨挪一到两步，然后按座次逐一结算标记所在格的天气效果，正面效果可以放弃，负面必须执行，越线格会先移除一个部落再推回极端格。第二步结算事件牌下半部分的事件效果，条件成立就给对应文明发奖励。第三步按当前时代计分板块的类别计分，每人都算，算完把板块拿走。第四步把这个类别得分最高的玩家定为新的起始玩家，拿到起始纪念碑。

[15]    3.5s  Q: 收入阶段做什么？
      A: 收入阶段按顺序做四件事。第一，拿收入：按座次从起始玩家开始，每人把自己所有装好的收入芯片各激活一次，顺序自选。第二，雕像计分：大陆上每座雕像，按恩惠轨上自己圆盘上方印的分数得分。第三，回收大陆上所有狩猎指示物放回展示区。第四，每人从供应堆把空的重置列各补一个标记。补完后，前三时代把阶段标记移回阶段一开新时代，第四时代就直接进终局计分，跳过第三第四步。

[16]    4.3s  Q: 怎么激活模组？
      A: 激活模组就是选自己一个模组，付它标的两颗激活骰，然后执行它当前等级的效果。付之前可以选：花创意标记调整骰子点数，每颗创意标记加减一点，一和六是连着的。另外计划标记和焦点标记可以在付骰子时当作对应点数的激活骰用。

[17]    2.8s  Q: 重置是什么？怎么操作？
      A: 重置是个行动。前提是你激活骰子区里剩下的激活骰不超过三颗。操作分三步：把最靠左的那个重置标记沿列往下推，A 步推动阶段标记前进一格，B 步把用过的激活骰全部收回重掷放回，C 步把这个标记放到创意格或食物格选一个。如果四列重置标记都用完了，C 步改成从供应堆拿一个八角柱来放，重置依然可以执行。

[18]    3.7s  Q: 什么时候能重置？
      A: 当你手边激活骰子区剩下的激活骰不超过三颗时，就可以执行重置。

[19]    3.0s  Q: 怎么狩猎？
      A: 狩猎很简单，你选一个自己至少有一个站立或躺倒部落、且还没有狩猎指示物的领地，把手里全部的命运骰都掷了，挑一个骰子点数，按领地类型和点数查狩猎表拿对应数量的食物放到自己面前的食物格。这一步可以花创意标记把点数加减一。最后放一个狩猎指示物到那块领地上，本时代内谁都不能再在这块地狩猎了。

[20]    3.2s  Q: 怎么迁徙？
      A: 迁徙就是把部落移动到相邻领地。部落必须先站起来、保持健康状态才能迁徙。移动到位后你来选：要么落定，落地后会结算迁徙触发；要么继续旅程穿越，这次不结算触发，也不进营地、不得分、不开发领地，但同一回合里这个部落还能再迁徙一次。落定结算触发时，如果目的地营地被别的部落占了，会把它赶到野外，然后你自己变虚弱；要是落在篝火营地上就立即得上面印的分；如果目的地没人驻足过，还会翻开材料板块放一个原材料标记。

[21]    3.3s  Q: 怎么生产原材料？
      A: 生产原材料要靠你手边的生产模组。激活它需要同时付一个点数三和一个点数五的激活骰，然后就能在自己的区域里生产原材料。一级的生产模组可以产两个原材料，可以放在同一个区域也可以分开放，随后过一次恩惠检定，通过的话可以再运输一个原材料。升级后的二级、三级生产模组产出更多。

[22]    2.8s  Q: 原材料怎么变成能用的东西？
      A: 原材料要先经过"运输原材料"这个行动，才能变成仓库区里能用的仓库材料。陆地材料按它所在领地类型运输，船上的材料按相邻已开发领地类型运输。运进仓库之后，它就能用来建聚落、建雕像、付研究牌费用或换钱了。

[23]    8.5s  Q: 怎么建造？能建什么？
      A: 建造要先激活你的建造模组：支付一颗点数四的激活骰和一颗点数六的激活骰，然后二选一——要么完成一个建造项目，要么从手牌安装一张建造牌。

建造项目一共有四种。农场：放在有你部落的陆地，附近不能有翻开的火山，免费，建完得一个创意标记，最多三个。船：放在相邻你部落区域的水域，免费，建完把一个站立的部落迁到船上，最多两艘。雕像：在建造点上从列出的二三种材料里付一种，可顺手推进任意进程轨一格，收入阶段会计分。聚落：在建造点付材料，得一个收入芯片并立即触发效果，最多四个。

雕像和聚落都放在建造点上，每个建造点最多放两个建筑，聚落最多一个。

[24]    5.2s  Q: 怎么运输材料？
      A: 运输是个可升级模组，激活时你要同时支付一颗点数 1 和一颗点数 5 的激活骰，然后把你放在大陆上的原材料搬回自己仓库。一级搬三个，升到二级搬六个，升到三级就把你所有原材料全搬回仓库：陆地上的按所在区域类型放进对应仓库格，船载的可以放进任意仓库格。

[25]   13.2s  Q: 怎么获得研究牌？
      A: 研究牌来自那五堆研究牌堆。开局轮抽时，你每种类型抽两张、各留一张进手牌。游戏里每进入一个新时代，阶段一会从五个牌堆各翻开一张正面朝上摆在场上；在行动阶段，你可以把这些翻出来的研究牌拿到手里，然后安装到自己控制台的层级分区里。安装时还要满足牌上的费用格才能生效。

[26]    7.4s  Q: 研究牌怎么安装？有什么限制？
      A: 研究牌从手牌装到自己面前的发展区网格里，装法是这样：先定列，再定层级。定列有讲究——如果这列已经装过同类型的研究牌，就直接装进那列的最低空位；如果这种类型还没装过，那可以从空列或者只放了收入芯片的列里任选一列，还是装最低空位。层级序号就是你这张牌需要满足的费用格数量。

费用是牌中部那五个费用格：装到第几层，至少满足前几格里所有非空格，空格自动算满足。你也可以自愿多满足更高的格，每多满足一格就拿它下方印的成功点数。费用格分支付型和持有型，持有型只是检查你有没有这么多东西，不用消耗。

安装完结算两步：先拿已满足费用格下方印的成功点数之和，再结算牌下部的即时奖励，不能或不想做可以放弃。装好后只有上面三分之一的能力区露出，那个能力从此持续生效。

限制再提醒一句：同一列里研究牌必须同色同类型，而且每列得从低往高连续装、不能跳格。最左边那列被层级板块占了不能用，层级四和五要等建出第四个聚落才激活。

![研究牌](http://localhost:5000/games/civolution/media/components/research_card.png)

[27]    2.3s  Q: 激活骰和命运骰有什么区别？
      A: 两枚骰子都是六面骰，区别在用途。激活骰是白色的，用来支付模组的激活费用，激活模组要交两颗激活骰，点数正好对上模组角落标的数值。命运骰是粉色的，不拿来付费用，而是用来做随机判定，比如恩惠检定、狩猎、幸运收获，掷出点数去查表或者比对结果。

[28]    2.7s  Q: 创意标记是干什么的？
      A: 创意标记是放在你面板创意格上的标记物，作用是改骰子点数。每消耗一个创意标记，就能把任意一颗激活骰或命运骰的点数加减一，一点和六点首尾相连可以来回调。它主要靠建农场免费拿到。

[29]    2.6s  Q: 计划标记怎么用？
      A: 计划标记是放在激活骰子区对应点数额上的标记，激活模组时点数匹配就可以代替一颗激活骰来支付费用。它只能代替激活骰，不能代替命运骰；用它支付时放回供应堆，不会留到自己手里。

[30]    2.4s  Q: 焦点标记有什么用？
      A: 焦点标记是一种特殊的计划标记，可以当作任意点数的激活骰来用。当你激活某个模组、需要特定点数的激活骰来付费用时，可以把焦点标记从焦点格放回供应堆来顶替那个点数，省得去凑骰子。

[31]   10.0s  Q: 1和6算相连吗？
      A: 算。调骰子点数时每消耗一个创意标记可以把点数加一或减一，六个点围成环，所以一和六相邻，从六加一回到一，从一减一也到六。

[32]    7.0s  Q: 骰子点数不够怎么办？
      A: 点数不够可以用创意标记来改。每花一个创意标记就能把你那颗骰子的点数往上或往下调一点，花几个就调几点，而且一点和六点首尾相连，一个标记就能把一点直接改成六点。注意只能调骰子，计划标记改不了。前提是你创意格里得有创意标记。

[33]    8.5s  Q: 喂不饱部落会怎样？
      A: 喂养阶段每个部落都要喂食：在营地里或船上的部落要一食物，野外的要两食物，自己农场所在区域的营地部落自动算喂饱、野外只需一食物。喂不饱的话，强壮的部落会躺倒变虚弱；已经虚弱的部落直接死亡，从大陆上收回供应堆。这时候如果有机械降神可以救回来。喂饱后每个强壮部落还能得一分。

[34]    3.5s  Q: 什么叫机械降神？什么时候能用？
      A: 机械降神是一个保命行动。当你的部落即将死亡、正要结算移除时，你可以改用这个行动，让那个部落不死，而是把自己在阿格拉恩惠轨上的标记往后移一步作为代价。能用它有两个前提：一是确实有部落正在死亡，二是你的恩惠标记不在轨道最左格；如果标记已经在最左格就没法用了。

[35]    3.2s  Q: 机械降神用了会怎样？
      A: 机械降神是一次行动，作用在你的部落即将死亡的那一刻：原本部落会从大陆移回供应堆，现在改成不移除部落，而是把你的恩惠标记在阿格拉恩惠轨上往后挪一格。前提是那个部落真的即将死亡，而且你的恩惠标记不能已经在轨道最左边，否则不能用。

[36]    2.2s  Q: 狼谷是什么效果？
      A: 狼谷是效果地点，总共有两块。地点阶段结算时，只要你在与狼谷相邻的领地里有部落，而且自己食物格里有食物，就各失去一个食物；没食物的人不用交。

[37]    2.3s  Q: 冰川会怎样？
      A: 冰川是效果地点，一共两块，各自独立结算。地点阶段结算时，凡是与冰川相邻的领地里有站立部落的玩家，要把其中一个站立部落放倒变成虚弱，躺倒的部落不受影响；如果相邻领地没有站立部落就没事。

[38]    2.3s  Q: 神秘橡树怎么计分？
      A: 神秘橡树共三块，在第五阶段地点阶段各自独立结算。每块橡树，你检查与它相邻、且上面有你部落的区域来计分：水域、沼泽、沙漠区域每个得两分，森林、草原、丘陵、山脉区域每个得一分。

[39]    4.5s  Q: 地点怎么翻开？
      A: 地点要靠探索行动来翻开。翻开时把板块翻到正面朝上，你立刻获得印在正面左上角的分数，之后再结算这块地点自己的效果——效果地点结算自身效果，建造点则变成可以放聚落或雕像的建造格。要执行探索，得同时支付一个点数一的激活骰和一个点数四的激活骰。

[40]    2.9s  Q: 目标芯片怎么获得？有什么用？
      A: 目标芯片是蓝色的方片，从进程版图的目标芯片展示区拿取，然后装到你面板的目标列里。每个层级左右各能装一枚。芯片中部写着安装条件，有的要付费用、有的只要满足状态。装上之后可能揭示升级奖励，而且每叠装完一整列，就能给你的主模组升一级。

[41]    4.5s  Q: 收入芯片怎么获得？什么时候激活？
      A: 收入芯片是白色小芯片，装到你控制台上，装上去那一刻不触发效果，要等激活才结算。获取途径主要有两个：一是初始游戏塞进你收入区的那张初始芯片牌，二是完成聚落建造项目，付材料就能拿一枚收入芯片，最多四枚。

激活时机有三个：收入阶段轮到你时，把每个已装好的收入芯片各激活一次，顺序你自选；以及天气表暖位格子、进程轨奖励也会让你激活一枚。激活就是选中它，结算它正面印的效果。

[42]    3.2s  Q: 属性芯片是干嘛的？
      A: 属性芯片是黄色的芯片，左边写着安装它的费用，右边写着装好之后在特定条件下能触发的效果。简单说就是花资源装一个永久强化，满足条件就自动生效，中间那个属性图标只是好看的，不影响规则。

![属性芯片](http://localhost:5000/games/civolution/assets/components/page-04/attribute_chip.png)

[43]    3.1s  Q: 事件牌有什么作用？
      A: 事件牌每个时代翻开一张，它带着两种效果：右上角的天气趋势决定这个时代天气标记往热端还是冷端移动一或两步；下半部分的事件效果则在条件成立时给满足条件的文明发奖励，不同牌的触发条件和奖励各不相同。这两部分都在事件阶段依次结算，先移动天气再发事件奖励。

![事件牌](http://localhost:5000/games/civolution/media/components/event_card.png)

[44]    5.7s  Q: 模组可以升级吗？怎么升？
      A: 能升，但不是所有模组都能升。总共二十二个模组里，十五个主模组可以升到三级，六个特征模组和睡眠模组不能升级。升级是"升级主模组"这个行动：把任意一个未满三级的主模组升一级，一到二级是把板块翻面，二到三级是把板块放回游戏盒，然后控制台上那个三级效果就激活了。

[45]    6.4s  Q: 睡眠模组是什么？
      A: 睡眠是个特殊模组，不能升级。它的效果是：支付任意两颗激活骰，然后从两个选项里选一个执行——要么拿一颗焦点标记放到自己的焦点格，要么拿两颗创意标记放到自己的创意格。就是拿来做行动的辅助资源用的。

[46]    8.0s  Q: 模组激活要什么骰子？
      A: 激活模组要的是激活骰，白色的六面骰，点数一到六。每个模组会声明自己要两个对应点数的激活骰，你付恰好两个点数匹配的骰子就能激活。如果点数不够，可以先用创意标记把骰子点数调一下，一个标记把点数加一或减一，一和六也算相连；也可以用手边的计划标记顶替对应点数的骰子，焦点标记更是能顶任意点数。

![激活骰](http://localhost:5000/games/civolution/assets/components/page-04/activation_die.png)

[47]    3.3s  Q: 阿格拉恩惠轨是干嘛的？
      A: 阿格拉恩惠轨是流程版图中间那条轨，用恩惠标记记录当前恩惠等级，从一到六。它管三件事：恩惠检定成功范围——投命运骰时只要有一颗点数落在从一到你标记位置这个区间就算通过；雕像计分——大陆上每有一座雕像，就得你标记上方印的那个分数；还有终局计分也会看它。总之恩惠等级越高，检定越好过、雕像分越高。

[48]    2.6s  Q: 恩惠检定是什么？
      A: 恩惠检定是一种判定：你投出自己手里的全部命运骰，只要有任何一颗骰子的点数落在从一到阿格拉恩惠轨当前等级这个闭区间内，就算通过。投完后你可以选择消耗创意标记来调整骰子点数，每消耗一个可以给任意一颗命运骰加减一点，而且一和六是相连的，可以直接互改。

[49]    3.8s  Q: 游戏什么时候结束？
      A: 游戏一共进行四个时代。每个时代有八个阶段，走完第四个时代的收入阶段后就进入终局计分，把标记沿终局计分轨逐格推进，结算每一格的分数，最后比较总分，最高者获胜。如果总分并列，再比升级模组的数量，还并列就按座次顺序定胜者。

[50]    6.3s  Q: 终局怎么计分？
      A: 终局计分是这样：第四时代收入阶段做完收入和雕像计分后，把阶段标记放到终局计分轨最左的科技格，沿轨一路往右推进，共十一格。前九格是九个类别，分别按对应轨道结算，科技、声望、知识、建设、文化按圆盘所在格的数字乘该格分值，进化按特征标记数，繁荣按活跃钻石数，人口按大陆上的部落数，扩张按你占有的区域数，每格下面印的分值若被终局计分板块盖住就取板块分数。最后两格分别是层级分区计分和所有研究牌上的分数奖励。走完整个轨后比较总分，最高者获胜；若并列，先比升级的模组数，再并列就按座次从起始玩家起谁靠前谁赢。

[51]   12.8s  Q: 贵族怎么获得？
      A: 我在规则里没找到叫贵族的概念，整套规则里没有这个说法。你是指声望轨、还是某张研究牌、还是别的什么？告诉我具体的名字或者你是在哪个地方看到这个词的，我再帮你查。

[52]    3.6s  Q: 什么时候游戏结束？
      A: 游戏共进行四个时代，每个时代走完八阶段后，在第四时代的收入阶段结束时，计分板块区已经全空，这时就进入终局计分阶段。终局计分沿着终局轨道从科技格一路走到控制台那两个格，共十一个格依次结算，走完全部轨道后比较总分，最高分获胜；如果平手，再比谁升级的主模组多，还是平手就按座次顺序定胜者。

[53]    9.8s  Q: 就是这个...白色的那个骰子是干嘛的？
      A: 你手里那颗白色六面骰是激活骰，点数一到六，专门用来支付模组的激活费用。每个模组板块左下和右下各有一个费用格，上面标着需要的点数，你得用两颗激活骰分别对上这两个点数，才能把模组激活使用。

![激活骰](http://localhost:5000/games/civolution/assets/components/page-04/activation_die.png)

[54]    6.0s  Q: 我想问一下，就这个，模组怎么升级？
      A: 升级靠升级主模组这个行动：选一个还没到三级的可升级模组，升一级。从一级升到二级就是把板块翻到背面，二级升到三级就把板块放回游戏盒，控制台对应槽位底部的三级效果直接生效。只有十五个可升级模组能升，特征模组和睡眠模组不行。

[55]    3.6s  Q: 嗯，呃，那个阿格拉恩惠是啥玩意儿？
      A: 阿格拉恩惠就是流程版图中部那条轨，用恩惠标记记录当前恩惠等级。它决定两件事：恩惠检定投骰子的成功范围，以及雕像计分时你每个雕像能拿几分。恩惠等级越高，你检定越容易过，雕像也越值钱。

[56]    6.6s  Q: 我要是喂不饱部落了会怎样？
      A: 喂不饱的后果分两种：还站着的部落会躺倒变虚弱，本来就已经躺倒的虚弱部落会直接死亡。另外有个保命手段，部落死亡那一刻可以用机械降神救回来。喂食成本是营地或船上的部落一个食物、野外部落两个食物，自己农场所在领地的营地部落算自动喂饱。

[57]    4.7s  Q: 呃...怎么建造来着？
      A: 建造是个可升级模组，激活费用是同时支付点数四和点数六各一颗激活骰。一级效果二选一：完成一个建造项目，也就是农场、船、雕像或聚落；或者从手牌安装一张建造牌。升到二级可以一次完成最多两个同类型建造项目，三级能完成最多两个不同类型的。

[58]    2.8s  Q: 那个篝火营地，就是那个有火的营地，有啥用？
      A: 篝火营地就是一种特殊营地，上面印着篝火图标。当你的部落定居在这个营地上时，会立刻拿到它上面印的分数，推动分轨前进。有黄色火边标记的营地就是能得分的这种。

[59]    5.3s  Q: 诶，等一下，这个回合我能干几件事？
      A: 现在处于行动阶段，每个回合你只干一件事：要么激活一个模组，要么执行一次重置，二选一，必须选一个。激活模组要支付恰好两个点数匹配的激活骰，重置则要求你手里剩余激活骰不超过三个。

[60]    4.2s  Q: 那啥，命运骰子和激活骰子，就是白色和粉色的，有啥区别？
      A: 两颗都是六面骰，但用处完全不同。白色激活骰每个人有六颗，放在自己面板的骰子区，用来支付激活模组的费用，激活模组时要拿出两颗点数匹配的激活骰。粉色命运骰每人只有一颗，放在面板旁边，用来做恩惠检定、狩猎和幸运收获这些判定，投出后看结果落在恩惠轨的哪个区间来判定通不通过。

[61]   10.1s  Q: 我还有四个骰子，能重置吗？
      A: 重置的前提是你激活骰子区剩下的激活骰不超过三个。你现在手里还有四个骰子，已经超过三个，所以这回合不能重置，只能选择激活模组。

[62]    8.9s  Q: 骰子区空了还能重置吗？
      A: 可以。重置的前提是激活骰子区里剩下的骰子不超过三个，空了正好满足这个条件。重置会执行三步：先推阶段标记，再把用掉的骰子全部收回重掷放回，最后把重置标记放进创意格或食物格。即使重置列全空了也还能重置，只是最后一步改成从供应堆拿一个八角柱。

[63]    2.6s  Q: 我能不能在行动阶段同时激活两个模组？
      A: 不能。行动阶段里每个玩家回合只能二选一，要么激活一个模组，要么执行重置，不能同时激活两个模组。你要是想激活两个模组，得分别在自己的回合里做。

[64]    5.6s  Q: 研究牌能装到已经有属性芯片的列里吗？
      A: 不行。研究牌只能装进三类位置：已有同类型研究牌的列、完全空的列、或只装了收入芯片的列。装过属性芯片的列不属于这三类，所以不能把研究牌装进去。而且研究牌本身有自己的专属列，每种颜色各占一列，不会和属性芯片混在同一列里。

[65]    4.6s  Q: 恩惠轨满格了我还能拿恩惠吗？
      A: 恩惠轨有六格，推到第六格就是顶了。这条轨没有声明溢出补偿，所以标记已经到顶时再推进恩惠，就什么都不发生，拿不到额外的恩惠，只能停在第六格。

[66]    2.8s  Q: 行动阶段之后是什么阶段？
      A: 行动阶段结束后进入地点阶段，也就是第五阶段。具体是等触发结束的那一轮和最终的最后一轮都跑完，再把阶段标记推到地点阶段。

[67]    3.8s  Q: 事件阶段里先天气还是先结算事件牌？
      A: 先天气，后结算事件牌。事件阶段里第一步 A 是先调整天气并结算天气效果，把天气标记按事件牌右上角的天数趋势移动，再按座位顺序结算天气轨当前格的效果；之后才进入 B 步结算事件牌本身的事件奖励。

[68]    3.4s  Q: 收入阶段结束以后回到哪？
      A: 看是第几个时代。前三个时代，收入阶段走完会回到阶段一，开启新时代。如果是第四时代，时代计分区已经空了，就直接进入终局计分。

[69]    2.5s  Q: 喂养阶段和事件阶段哪个先？
      A: 喂养阶段在前，是第六阶段；事件阶段在后，是第七阶段。

[70]    6.6s  Q: 如果我分数轨走完一圈会怎样？
      A: 分轨是环形轨，没有终点。分数标记推到九十九再前进就自然回绕到零继续走，每越过九十九这一圈就从一个展示区拿一个一百分指示物放自己控制台旁，实际总分就是指示物数乘一百再加上标记所在位置。

[71]    4.8s  Q: 仓库能装多少材料？
      A: 仓库区共十八格，按六列三行排列，每列对应一种领地出产的材料、每行对应稀有度。每格只放同一类材料，同类的可以往上堆叠。所以仓库最多能存十八种材料，每种各占一格。

[72]    3.8s  Q: 创意标记最多能存几个？
      A: 创意标记最多能存十二个。超过十二个不会再获得，但已有的不会丢掉。

[73]    4.6s  Q: 我最多能造几艘船？
      A: 每位玩家最多能造两艘船。每艘船上最多放两个你自己的部落和一个原材料标记。

[74]    1.9s  Q: 聚落最多能建几个？
      A: 每位玩家最多只能建四个聚落。建成聚落后会立刻拿一个收入芯片并当场结算效果，而且建到第四个的时候可以激活层级四或层级五的板块。

[75]    6.8s  Q: 起始玩家是谁先行动？
      A: 游戏开始前的设置阶段会随机选出一名玩家作为起始玩家，他拿到起始纪念碑，由他最先行动。之后每个时代结束时，起始玩家会换成刚在时代计分中得分最高的人，平局时从现任起始玩家按座次传给下一位平局者。

[76]    6.5s  Q: 时代计分的时候平局怎么办？
      A: 时代计分是每位玩家按自己的数量各自得分，没有排名竞争，所以不存在平局要处理的情况。如果你问的是终局游戏结束后的胜负平局，那是另一条终局规则，需要单独确认。

[77]    2.3s  Q: 雕像怎么计分？
      A: 雕像的计分在收入阶段进行。每座你建在大陆上的雕像，按阿格拉恩惠轨上你自己圆盘上方印的分数得分。另外建造雕像时会推进任意一条进程轨一格，建好之后每个收入阶段都会按恩惠轨位置给你计分。

[78]    4.9s  Q: 船上的部落要喂吗？
      A: 要喂。喂养阶段里，营地和船上的部落每个都要喂一食物，野外要喂两食物；你农场所在领地的营地部落自动算喂饱、野外的只要一食物。没喂饱的话，站着的部落会躺下变虚弱，已经躺着的会直接死亡。

[79]    5.3s  Q: 材料板块翻面是什么意思？
      A: 材料板块就是放在大陆每个领地上的那块小板块，决定这块地能产出哪种材料。背面朝上表示这块地还没开发；开发领地时把板块翻到正面朝上，这块地就解锁了，能产出对应的材料。另外游戏开始时标着 Start 的材料格，板块会直接正面朝上放着。

[80]    1.3s  Q: 你好，你能陪我聊聊天吗？
      A: 当然可以。我是《Civolution》的桌游讲师，你想聊聊游戏，还是想先了解这个游戏是怎么玩的？

[81]    1.3s  Q: 今天天气怎么样？
      A: 天气这个我可说不上来，我只负责讲解《civolution》的规则。您想了解游戏的哪个部分？比如怎么开始、怎么行动、怎么算分，或者具体某个机制，直接问我。

============================================================
共 81 题，总耗时 375.7s，平均 4.6s
慢于 15s 的 0 题：[]
