[01]    5.8s  Q: 这个游戏怎么赢？
      A: 游戏一共进行四个时代，每个时代走完八个阶段后，进入终局计分。终局计分沿着计分轨一格一格结算九大类分数和额外加分，全部结算完后比较总分，分数最高的人获胜。如果出现平分，就先比谁升级的模组多，还是平手的话，从起始玩家顺时针数，排在最前面的那位获胜。

[02]    5.7s  Q: 部落有哪几种状态？
      A: 部落一共有两种状态。站立，也就是强壮状态，可以正常迁徙和执行行动；躺倒，也就是虚弱状态，不能迁徙，而且在喂养阶段如果没喂饱就会死亡。强化部落这个行动可以把躺倒的部落扶起来。

[03]    6.4s  Q: 营地是什么？有什么用？
      A: 营地就是大陆地图上印的圆形标记位置，用来放你的部落米宝。你的部落站上去就算占了这个营地。还有一种印着篝火图标的篝火营地，部落定居上去能立刻拿上面印的分数。另外营地上有的标着三或四的数字，那是人数标记，人少的局里用不到的营地会被阻挡标记盖住，开局时就能看出来。

[04]    4.4s  Q: 大陆上有哪几种地形？
      A: 大陆上一共有六种地形：森林、草原、丘陵、沼泽、山脉和沙漠。每种地形都会产出三种不同的原材料，比如森林出木头、蜂蜡和油，草原出纸莎草、药草和黄金，沙漠出沙子、盐和铜。

[05]    5.1s  Q: 什么叫领地？两个同色相邻的区域算同一个吗？
      A: 领地就是大陆上一块具体的土地，每块领地的地形由它所在的大陆板块决定，一共七种：森林、草原、丘陵、沼泽、山脉、沙漠和水域。就算两块相邻的领地地形完全一样，规则上也把它们当成两个不同的领地，各自独立。

[06]   11.4s  Q: 我的人口标记是干嘛的？
      A: 你的人口标记就是你的部落米宝，代表你的文明在大陆上的存在。部落有站立和躺倒两种状态，站立的才是健康状态、可以迁徙，躺倒的是虚弱状态，喂养阶段没喂饱就会死亡。你的部落越多，能占地、迁徙、得分的机会就越多，计分时每个在大陆上的部落都会给你加分，最多可以有二十个。

[07]    4.7s  Q: 游戏一共有几个阶段？按什么顺序进行？
      A: 游戏一共进行四个时代，每个时代固定有八个阶段，顺序依次是：一、翻开新的卡牌；二、拿新的目标芯片；三、额外收获，从自己有人占领的领地拿一个材料；四、行动阶段，轮流激活模组或重置；五、地点阶段，结算已翻开地点的效果；六、喂养阶段，喂部落并给强壮部落计分；七、事件阶段，结算天气、事件牌、时代计分并确定新起始玩家；八、收入阶段，获得收入、雕像计分再补满重置列。前三时代结束后回到阶段一开启新时代，第四时代结束后进入终局计分，走完终局计分轨后比较总分定胜负。

[08]    3.7s  Q: 阶段一干什么？
      A: 阶段一叫新的卡牌。先翻开事件牌堆顶上一张，告诉大家这个时代的天气会往热还是往冷变、事件效果是什么；然后从五个研究牌堆各翻一张放到桌面上。第一时代是新建堆，后面的时代直接盖在上一张上面。

[09]    5.0s  Q: 阶段二每个人都要拿目标芯片吗？
      A: 不是必须的。阶段二每个玩家从起始玩家开始顺时针轮流，可以选择从展示区拿一枚目标芯片放进自己的目标区，也可以选择跳过。所有人都选择完之后，才把展示区补满。

[10]    7.7s  Q: 额外收获是什么意思？我该怎么做？
      A: 额外收获是游戏里一个拿材料的行动。做法是：选一个有自己部落的领地，看这个领地是什么地形，然后从供应堆拿一个材料标记，放到自己面前仓库区里对应地形的那一列存储格里。注意只按领地地形来匹配，跟这块地上印的具体材料没关系。

[11]    4.7s  Q: 行动阶段我要做什么？
      A: 行动阶段就是大家轮流做事的阶段。轮到你时，你必须二选一：要么激活一个模组，就是支付两个点数正好匹配的激活骰子，或者用计划标记和焦点标记来代替；要么执行重置，前提是你骰子区剩下的激活骰不超过三个。重置分三步：先把阶段标记沿黄色箭头推到下一个重置格，再把用过的骰子收回来全部重掷，最后把最左边一个重置标记放进创意格或食物格。轮转一直持续到有人把标记推到重置结束格，那一轮和下一轮都结束后，行动阶段才结束。

[12]    5.4s  Q: 地点阶段会发生什么？
      A: 地点阶段是阶段五，依次结算三种已经翻开的地点：先结算狼谷，跟狼谷相邻的区域里有你的部落而且你手边食物格有食物，就失去一个食物；再结算冰川，相邻区域里有站着的强壮部落，就躺倒一个；最后结算神秘橡树，每块橡树按你相邻区域计分，水、沼泽、沙漠区域各两分，森林、草原、丘陵、山脉各一分。没有翻开的地点类型直接跳过。

[13]    6.3s  Q: 喂养阶段怎么喂？
      A: 喂养阶段分两步。第一步喂部落：大陆上每个部落都要喂，在营地或船上的部落每个要一个食物，在野外的部落每个要两个食物，从你手边的食物格拿食物放回供应堆。如果你在某个领地建了农场，那这个领地营地里的部落自动算喂饱，野外的部落也只要一个食物，研究牌的能力还能再减免。没喂饱的部落，强壮的会躺倒变弱，本来就弱的直接死亡。第二步，所有部落喂完后，你每个还站着的强壮部落得一分。

[14]    5.6s  Q: 事件阶段干什么？
      A: 事件阶段是每个时代的第七个阶段，一共做四件事。第一，先按本时代翻开的事件牌把天气标记往热或冷的方向移动，然后结算天气轨当前格的效果。第二，结算这张事件牌下半部分写的事件效果，通常是给满足条件的文明发奖励。第三，按本时代计分板块显示的类别给所有玩家计分，比如人口、扩张、科技轨这些，计完分把板块移走。第四，刚在这个类别得分最高的玩家拿到起始纪念碑，成为新的起始玩家。

[15]    5.2s  Q: 收入阶段做什么？
      A: 收入阶段是每个时代的最后一个阶段，按顺序做四件事。第一，按座次从起始玩家开始轮流，每人把自己已安装的收入芯片各执行一次，顺序自己定。第二，雕像计分，大陆上每有一座雕像，就按恩惠轨上自己圆片上方印的分数得分。第三，把大陆上所有狩猎指示物收回到展示区。第四，每人从自己的供应堆把空的重置列补满。最后收尾，前三时代把阶段标记移回阶段一开新时代，第四时代跳过回收和补满两步，直接进入终局计分。

[16]    6.5s  Q: 怎么激活模组？
      A: 激活模组是个行动：从你自己面前选一个模组，支付恰好两颗对应点数的激活骰，然后执行它当前等级的效果。骰子点数不够时，可以用计划标记或焦点标记顶替支付。

[17]    5.6s  Q: 重置是什么？怎么操作？
      A: 重置是行动阶段里的一种行动。当你的激活骰子区剩下不超过三个激活骰时，你可以执行重置：把控制台右侧重置列里最左边那个重置标记往下推三步。第一步，把阶段标记沿轨道推进到下一个重置格；第二步，收回所有已经用过的激活骰，重新掷过放回点数格；第三步，把这个重置标记放进自己的创意格或食物格里。如果四个重置列全空了，你仍然可以执行重置，但第三步改成直接从供应堆拿一个八角柱放过去。

[18]    5.2s  Q: 什么时候能重置？
      A: 当你手边的激活骰子区里剩下的激活骰不超过三颗时，就可以执行重置。重置会做三件事：把阶段标记往前推一格，把所有用过的骰子收回来重掷放回点数格，再把一个重置标记放进创意格或食物格。就算四列重置标记都用完了，也还能继续重置，只是第三步改成从供应堆拿一个八角柱放进去。

[19]    4.5s  Q: 怎么狩猎？
      A: 狩猎很简单。先选一块领地上有你自己的部落、而且还没有放狩猎指示物，然后掷出你全部的命运骰，挑一个点数，对照狩猎表按领地类型和点数确定食物数量，从供应堆拿对应食物放到控制台的食物格上，点数可以用创意标记修改。最后从展示区拿一个狩猎指示物放到那块领地上，本时代内谁都不能再在那块领地狩猎了。

[20]    5.0s  Q: 怎么迁徙？
      A: 迁徙就是把一个站立的部落，从当前领地移动到相邻的领地。移动完之后你要决定是落定还是继续走：落定就结算迁徙触发的各种效果，进入营地安顿下来；如果选择穿越继续走，那么这个部落本回合还可以再迁徙一次，但穿越不结算触发、不进营地、也拿不到篝火营地分。只有站立的部落才能迁徙，躺倒的弱部落不行。

[21]    7.8s  Q: 怎么生产原材料？
      A: 生产原材料是个行动。选一个有你至少一个部落的领地，从供应堆拿一个八角柱标记放到那块领地上，它就变成该领地材料板块上印的那种原材料。如果你的船上有部落、而且船中央的凹槽空着，也可以直接在船上生产。注意原材料本身不能直接用，得先运输到自己面前的仓库区，变成仓库材料才能拿来建造或者付卡牌费用。

[22]   11.3s  Q: 原材料怎么变成能用的东西？
      A: 原材料要先用生产行动产到领地上，再通过运输行动把原材料从大陆搬回你自己面前的仓库区，变成仓库材料，这才算真正到手能用。仓库材料可以用来建造聚落和雕像、支付研究牌的费用，或者卖掉换钱。简单说就是两步：生产，然后运输进仓库。

[23]   11.9s  Q: 怎么建造？能建什么？
      A: 游戏里的建造分四种，选一种执行。建农场：选一个有自己部落的陆地，那里不能已有农场也不能挨着已翻开的火山，免费放一个农场，立刻得一个创意标记，最多三个。建船：选一个与自己有部落的领地相邻的水域，那里不能已有自己的船，免费放一艘船并让一个部落登船，最多两艘。建雕像：选一个建造点，从建造点上列出的两三种材料里挑一种交掉，放一个雕像，可立刻推任意进程轨一格，每个建造点最多两个建筑且聚落至多一个。建聚落：选一个建造点，从聚落区挑一个未建的聚落，付它的材料费放上去，立刻得一个收入芯片并触发效果，建第四个时还能翻面一个层级板块，每人最多四个。

[24]    9.5s  Q: 怎么运输材料？
      A: 运输材料就是把原材料从大陆上或船上搬进你的仓库区。原材料放在外面时不能使用，得先运输这一步。选大陆上任意一个你自己的原材料标记，直接按它所在领地出产的材料类型，放到仓库区对应那一格里，就变成可用的仓库材料了。如果材料在船上，就按船所在水域旁边已经开发的领地的材料类型来决定放哪一格。这是一次行动，一次运一个。

[25]   10.6s  Q: 怎么获得研究牌？
      A: 研究牌主要通过执行你的「研究」行动获得。执行时你要同时支付一颗点数一的激活骰和一颗点数二的激活骰，然后从五种类型里选一种，从正面朝上的研究牌堆顶拿一张，或者抽两张盲牌选一张留下。正面堆被拿空会自动从背面堆补一张，升级研究模组后拿牌数量还会增加。另外，一些研究牌自带的即时奖励和其他效果也能让你获得研究牌。

[26]   16.0s  Q: 研究牌怎么安装？有什么限制？
      A: 从手牌选一张研究牌，先定列再定层。列方面，同类型的研究牌必须放在同一列，这一列里已经有同类型的，就装到它最低的空位；还没装过这个类型的，就选一个空列，或者只放了收入芯片的列。

层方面，装在该列最低的空位。你装在哪个层级，就要满足这张牌中部对应格数的费用，比如装到第三层，就要满足前三格里的所有非空格。你也可以自愿多满足到更高层，最多满足到第五格，每多满足一格就拿它下面印的成功点数。费用格有两种，一种是要从仓库把东西交回供应堆，一种只要手上持有足够数量就行，空格自动算满足。

之后结算成功点数，再结算即时奖励，奖励可以放弃。最后把牌插进去，只露出上面三分之一的能力区，这个能力从此持续生效。

限制有几点：同一列只能放同一类型的研究牌，每列必须从低到高连续往上放，不能跳空。层级一只有四列可用，层级二有六列，层级三有八列，层级四及以上每层九列，最左边一列被层级四和层级五的板块挡住，不能装牌。

![研究牌](http://localhost:5000/games/civolution/media/components/research_card.png)

[27]    7.2s  Q: 激活骰和命运骰有什么区别？
      A: 两种骰子干的活完全不同。激活骰是白色的，点数一到六，用来支付激活模组的费用，也就是你激活模组时要交出符合点数要求的两颗激活骰。命运骰是粉色的，不拿来付钱，而是用来做判定，比如恩惠检定、狩猎、幸运收获这类要掷骰子看运气的场合。简单说，一个管花钱，一个管运气。

[28]    5.2s  Q: 创意标记是干什么的？
      A: 创意标记是放在你控制台创意格上的标记，用来调整骰子点数。每花一个创意标记，就可以把任意一颗激活骰或命运骰的点数加一或减一，一点和六点首尾相连，也就是说一个标记就能把一点改成六点。要获得创意标记，最常见的办法是建造农场，每建一个农场立刻得到一个创意标记。

[29]    7.5s  Q: 计划标记怎么用？
      A: 计划标记就是你放在激活骰子区格子上的小木块。激活模组需要支付两颗对应点数的激活骰，这时计划标记可以顶替其中一颗，前提是它所在的格子的点数正好符合要求。注意它只能替代白色的激活骰，替代不了粉色的命运骰，用掉之后就放回供应堆。计划标记靠激活"计划"模组获得，一级放两个，二三级放三个，全都放在同一个骰子格上。

[30]    6.5s  Q: 焦点标记有什么用？
      A: 焦点标记是一种特殊的计划标记，放在你控制台的焦点格上。激活模组需要支付对应点数的激活骰时，如果凑不齐，可以把焦点标记放回供应堆，当作任意点数的激活骰来支付，相当于一个万能的补位骰。注意它只在激活模组付钱这一步生效，一次用一个。

[31]    8.8s  Q: 1和6算相连吗？
      A: 算。骰子点数调整时，一点和六点是相连的，消耗一个创意标记就能把一点改成六点，或者反过来，六点改一点。这个规则适用于激活骰和命运骰。

[32]    6.0s  Q: 骰子点数不够怎么办？
      A: 骰子点数不够可以用创意标记来调。每消耗一个创意标记，就能把你自己的一颗激活骰或命运骰点数加一或减一，一点和六点是连着的，所以一个标记就能把一点改成六点。注意只能调骰子，不能调计划标记。

[33]    8.8s  Q: 喂不饱部落会怎样？
      A: 喂养阶段如果部落没喂饱：站着的部落会躺倒变成虚弱状态，本来就躺倒的虚弱部落会直接死亡，从大陆上移回你的供应堆。另外如果你有机械降神这个手段，可以在部落即将死亡时救它，代价是把恩惠轨上的标记往后移一步。

[34]    5.4s  Q: 什么叫机械降神？什么时候能用？
      A: 机械降神是一个改写死亡的行动。当你自己的一个部落即将死亡时，就是喂养阶段没喂饱的躺倒部落，或者事件阶段被负面效果点名移除的部落，你可以发动它：部落不用死了，改为把你在阿格拉恩惠轨上的标记往后移一格。注意，如果你的恩惠标记已经在轨的最左边，就不能使用。

[35]    6.2s  Q: 机械降神用了会怎样？
      A: 机械降神是个救场行动。当你的一个部落即将死亡时，可以用它来改写结算：部落不用被移除，改把你阿格拉恩惠轨上的恩惠标记往后移一步。如果标记已经在轨最左端，就不能用了。

[36]    5.4s  Q: 狼谷是什么效果？
      A: 狼谷是一块效果地点，一共两块。在每轮的地点阶段结算：只要你在与狼谷相邻的领地上有自己的部落，而你手边的食物格里有食物，就要丢掉一个食物；没有食物就不受影响。两块狼谷各自独立结算。

[37]    5.0s  Q: 冰川会怎样？
      A: 冰川是一块地点，一共两块，各自独立结算。在地点阶段结算，效果是：只要和它相邻的领地里有站着的部落，那个玩家就要把其中一个站着的部落放倒；躺倒的部落不受影响，如果根本没有站着的部落，就什么事都不发生。

[38]    5.3s  Q: 神秘橡树怎么计分？
      A: 神秘橡树一共三块，各自独立结算。到了地点阶段，每块橡树看它周围相邻、而且有你部落驻扎的领地：水域、沼泽、沙漠每种得两分，森林、草原、丘陵、山脉每种得一分。

[39]    8.1s  Q: 地点怎么翻开？
      A: 翻开地点靠的是探索模组。激活探索模组要同时支付一个点数一的激活骰和一个点数四的激活骰。激活后选一个有你部落的领地，把它相邻的所有背面朝上的地点全部翻开，翻开时你立刻获得该地点正面左上角印的分数，然后结算这个地点的效果，效果地点会触发自身效果，建造点则会变成可以建造的区域。

[40]   13.1s  Q: 目标芯片怎么获得？有什么用？
      A: 目标芯片就是进程版图右下角展示区里正面朝上的蓝色小方块。拿法是：从展示区选一枚，正面朝上放进自己面板左上角的目标区。目标区只有三格，满了就叠在已有芯片上盖住它，然后从蓝色袋子里随机补一张到展示区。开局设置时，轮抽初始芯片牌也会连带选走牌上的目标芯片。

用处是把它安装到自己控制台的目标列：翻到背面，选左半侧或右半侧，放在最低的空位。装上去可能揭示升级奖励；更重要的是，目标区某一叠的最后一枚被安装完时，你立刻可以升级一个主模组。终局计分时，每枚装好的芯片还会按所在层级的标示分数给你加分。

![目标芯片](http://localhost:5000/games/civolution/media/components/goal_chip.png)

[41]   15.3s  Q: 收入芯片怎么获得？什么时候激活？
      A: 收入芯片主要有两个来源：一是从进程版图上的展示区拿取，拿完会从袋子里补一张；二是建造聚落时立刻获得一个并当场触发效果。游戏开始时塞在收入区的那张初始芯片牌就是你的第一个收入芯片。至于激活时机，安装时不触发效果，只有在收入阶段每个已安装的芯片各激活一次、天气轨走到温暖格时、以及推进进程轨触发奖励时才会被选中结算。

[42]    6.8s  Q: 属性芯片是干嘛的？
      A: 属性芯片是黄色的芯片，放在进程版图的展示区里，你可以花钱把它买到手。芯片左侧印的是安装费用，右侧印的是一个条件效果，满足条件就能触发。买回来后把它安装到控制台的层级分区里，如果某列已经有芯片就继续往上摞，没有就开一列新的。到了终局，每个已激活层级上每装一张芯片或研究牌都能拿到对应的分数，所以它是你叠分和构建效果引擎的一部分。

[43]    4.9s  Q: 事件牌有什么作用？
      A: 事件牌每个时代翻开一张，作用有两个。第一是右上角的天气趋势，决定本时代天气标记在天气轨上向热还是向冷移动一到两步；第二是牌面下半部分的事件效果，在事件阶段结算，条件满足的文明可以获得奖励，条件不同奖励也不一样。两张效果都在事件阶段依次结算。

![事件牌](http://localhost:5000/games/civolution/media/components/event_card.png)

[44]   12.5s  Q: 模组可以升级吗？怎么升？
      A: 可以。游戏里只有十五个主模组能升级，特征模组和睡眠模组不行。升级主要靠推进程轨：每条轨的奖励线上印着一个点数，你的标记推过那条线时，就选一个激活费用里含这个点数的主模组升一级。一级升二级是翻板块面，二级升三级是把板块放回游戏盒，三级效果直接印在控制台上激活。另外每装完一叠目标芯片，也可以触发一次升级。

[45]    5.6s  Q: 睡眠模组是什么？
      A: 睡眠模组是游戏里唯一一个不能升级的模组，激活它时先支付任意两颗激活骰，然后二选一：要么从供应堆拿一个焦点标记放到你的焦点格，要么拿两个创意标记放到创意格。说白了就是一个用骰子换标记的小行动，用来补你需要的规划资源。

[46]    6.6s  Q: 模组激活要什么骰子？
      A: 激活模组用的是激活骰，就是白色的六面骰，点数一到六。激活一个模组要支付恰好两颗对应点数的激活骰，也就是模组上标明的那个点数，两颗都得是那个点数。

[47]    8.5s  Q: 阿格拉恩惠轨是干嘛的？
      A: 阿格拉恩惠轨就是流程版图中部那条一到六格的轨，代表主考官阿格拉对你的青睐程度。它的等级主要有三个作用：一是恩惠检定更容易过，你掷命运骰时，只要任意一颗点数落在从一到你当前等级这个范围内就算通过，等级越高越容易过；二是每座雕像在收入阶段计分时，按你圆片上方印的分值得分；三是在终局计分里也有影响。平时很多奖励都能让你把这条轨往上推，所以它是游戏里很重要的目标。

[48]    4.9s  Q: 恩惠检定是什么？
      A: 恩惠检定是一种判定，你要把自己手里的所有命运骰全部投出去。只要有任何一颗骰子掷出的点数落在从一到阿格拉恩惠轨当前位置的区间内，就算通过。如果你对结果不满意，可以花创意标记调整骰子点数，每花一个创意标记就能把任意一颗骰子的点数加一或减一，注意一和六是连着的。

[49]    4.1s  Q: 游戏什么时候结束？
      A: 游戏一共进行四个时代，每个时代有八个阶段。第四个时代的收入阶段结束后进入终局计分，沿终局计分轨走完十一个格子，最后比较总分，分数最高的人获胜；如果平手，就比谁升级的模组多，还平手就按座次顺序，靠前的赢。

[50]    5.6s  Q: 终局怎么计分？
      A: 终局计分在第四时代的收入阶段之后进行。第四时代结束时跳过回收狩猎标记和补满重置列这两步，直接进入终局计分：把阶段标记放到终局计分轨的起点，然后一格一格向右推，总共十一格。前九格是九个计分类别，分别是科技、声望、知识、建设、文化、演化、繁荣、人口和扩张，每格按设置时放的计分板块上的分数结算，没被板块覆盖的格按印好的分值算。第十格是层级分区计分，第十一格是 bonus 卡计分。走完全轨后比较总分，分数最高者获胜；如果平局，先比升级过的模组数量，还平就按座次顺序，从起始玩家顺时针先到者赢。

[51]   22.8s  Q: 贵族怎么获得？
      A: 游戏里没有叫"贵族"的东西，您问的应该是声望轨吧。声望轨是五条进程轨之一，玩家通过推进进程轨来提升它，推进的动作通常来自研究牌、模组效果这类途径；推进时越过奖励阈值还会结算一次进程轨奖励。您是想问声望轨怎么推进吗？

[52]    4.6s  Q: 什么时候游戏结束？
      A: 游戏一共进行四个时代。第四个时代的收入阶段结束后，跳过两个收尾步骤，进入终局计分：沿着终局计分轨从科技格开始逐格推进，一共十一格，每格结算一个计分项目。走完全轨后比较总分，分数最高的玩家获胜。如果平分，再比较谁升级的模组更多，还平就按座次顺序决出胜者。

============================================================
共 52 题，总耗时 381.6s，平均 7.3s
慢于 15s 的 3 题：[26, 41, 51]
