[01]    5.6s  Q: 这个游戏怎么赢？
      A: 这个游戏比的是分数，分数最高的玩家获胜。游戏一共进行四个时代，每个时代末会按抽出的计分板块结算一次分数，第四时代结束后进入终局计分，把计分轨上所有类别再结算一遍。最后按总分排名，总分最高的人赢；如果打平，就看谁升级的模组更多，还平就看座次靠前的赢。

[02]    3.6s  Q: 部落有哪几种状态？
      A: 部落有站立和躺倒两种状态。站立也叫强壮，躺倒叫虚弱；只有站立的部落能迁徙，躺倒的部落在喂养阶段没喂饱就会死掉。

[03]    5.9s  Q: 营地是什么？有什么用？
      A: 营地是印在大陆领地里的圆形位置，用来放你的部落。你的部落通过迁徙落到营地上，就算在那里安家了。有一种带篝火图标的篝火营地，部落定居上去的瞬间能立刻拿到印在上面的分数。注意营地是印死的固定位置，不同的营地在不同人数局里才使用，人少的时候有些营地会被阻挡标记盖住不能用。

[04]    4.3s  Q: 大陆上有哪几种地形？
      A: 大陆上一共有七种地形，分别是森林、草原、丘陵、沼泽、山脉、沙漠和海洋。每种地形产出对应的原材料，比如森林产木头、山脉产石头、沙漠产沙子。

[05]    4.2s  Q: 什么叫领地？两个同色相邻的区域算同一个吗？
      A: 领地就是大陆板块上的一片具体土地。关键在于：就算两块领地紧挨着、地形也完全一样，规则上它们仍然是两个不同的领地，不会合成一个。每块领地都有它自己的地形，可能带营地，生产、狩猎、迁徙这些动作都是按单块领地来算的。

[06]    5.8s  Q: 我的人口标记是干嘛的？
      A: 人口说的就是你放在大陆上的那些部落棋子。每到计分的时候，你在大陆上每放 1 个部落，就得当前时代计分板块上显示的那个分值，加到你计分轨上。所以人口标记就是用来数你在大陆上有多少个部落、按这个来算分的。

[07]    2.6s  Q: 游戏一共有几个阶段？按什么顺序进行？
      A: 游戏一共进行四个时代，每个时代内部有八个阶段，按顺序依次是：新的卡牌、新的目标、额外收获、行动阶段、地点阶段、喂养阶段、事件阶段、收入阶段。第四时代的收入阶段收尾后，就进入终局计分，走完终局计分轨后比总分，最高者获胜。

[08]    3.8s  Q: 阶段一干什么？
      A: 阶段一叫"新的卡牌"，做两件事。先翻开事件牌堆顶上一张，盖在上一时代的事件牌上，牌的右上角显示本时代的天气变化方向和事件效果，事件要到阶段七才结算。然后从五个研究牌堆各翻开顶上一张，放到对应的正面朝上堆上。做完就进入阶段二。

[09]    3.7s  Q: 阶段二每个人都要拿目标芯片吗？
      A: 不是必须拿。阶段二是新的目标阶段，从起始玩家开始按顺时针每人轮一次，你可以从展示区拿一枚目标芯片放进自己面前的目标区，也可以直接跳过不拿。等所有人都选完，再把展示区补满。

[10]    3.7s  Q: 额外收获是什么意思？我该怎么做？
      A: 额外收获是游戏阶段三的一个行动。轮到你时，你选一个有自己至少一个部落的领地，从供应堆拿一个八角柱标记，放进仓库区里和那块领地地形类型对应的存储格。注意只看领地地形，跟上面印的材料没关系，同类型那三个格任选一个放就行。

[11]    4.7s  Q: 行动阶段我要做什么？
      A: 行动阶段是阶段四，从起始玩家开始顺时针轮流，每回合必须二选一。

第一种是激活模组：支付恰好两颗点数对应的激活骰，或者用计划标记和焦点标记来顶替，让某个模组发挥效果。

第二种是重置：前提是你骰子区里的激活骰不超过三颗。执行重置分三步——先把阶段标记沿黄色箭头推到下一个重置格，然后回收你已用过的骰子全部重掷，最后把最左边的重置标记放进创意格或食物格。

行动阶段一直持续到有人把阶段标记推到末尾的红色重置结束格，那一轮加上再下一轮走完后才结束。

[12]    4.5s  Q: 地点阶段会发生什么？
      A: 地点阶段要按顺序结算三种已经翻开的地点，没翻开的跳过。

先是狼谷：凡是旁边领地有自己部落、而且你食物格里还有食物的，扣一个食物，没有食物就不用扣。

接着是冰川：旁边领地有自己强壮部落的，要把其中一个强壮部落躺倒，已经躺倒的不受影响，没有强壮部落的就不用管。

最后是神秘橡树：按每块橡树旁边你放了部落的领地计分，水域、沼泽、沙漠每块得两分，森林、草原、丘陵、山脉每块得一分。

[13]    3.8s  Q: 喂养阶段怎么喂？
      A: 喂养阶段分两步。第一步喂部落：大陆上每个部落都要喂，营地或船上的部落要一份食物，野外没有营地的部落要两份；你自己有农场的领地，营地部落算自动喂饱，野外部落只需一份。喂饱就把食物从食物格放回供应堆，不喂的话强壮部落躺倒变弱，已经躺倒的部落直接死亡。第二步所有玩家喂完后，每个还站着的强壮部落给你加一分。

[14]    3.8s  Q: 事件阶段干什么？
      A: 事件阶段是每个时代的第七阶段，按顺序做四步。第一步先按本时代事件牌右上角的方向移动天气标记，然后按座次结算当前天气格的效果。第二步结算事件牌的奖励效果，条件满足就给对应文明发奖励。第三步按当前时代计分板块的类别给所有玩家计分，比如技术轨、人口这些，计完把板块移除。第四步把起始纪念碑交给这个类别得分最高的玩家，作为新的起始玩家。

[15]    4.0s  Q: 收入阶段做什么？
      A: 收入阶段是每个时代的最后一步，按顺序做四件事：先每人把每个已装上的收入芯片各执行一次，顺序自选；然后给每座在大陆上的雕像按你恩惠标记上方印的分数计分；再把大陆上所有狩猎标记收回展示区；最后每人从供应堆给空的四根重置列补满。前三时代做完就把阶段标记移回阶段一开启新时代，第四时代跳过后面两步，直接进入终局计分。

[16]    4.7s  Q: 怎么激活模组？
      A: 激活模组是游戏里的一个行动。做法是选一个你自己的可升级模组或特征模组，支付它标明的费用，也就是恰好两颗对应点数的激活骰，然后执行它当前等级的效果。如果你有计划标记或焦点标记，它们可以在支付环节顶替对应点数的激活骰来用。

[17]    5.4s  Q: 重置是什么？怎么操作？
      A: 重置是行动阶段里的一个推进动作。前提是你激活骰区里剩下的激活骰不超过三个，就可以做。

具体分三步：第一步，把阶段标记沿重置轨往前推一格，如果推到红色格就触发行动阶段结束；第二步，把所有用过的激活骰收回来重掷，放回点数格；第三步，把最左边那个重置标记移进创意格或食物格。

如果你的四条重置列全都空了，仍然可以重置，只是第三步改成直接从供应堆拿一个八角柱。

每轮收入阶段结束时，所有空的重置列都会重新补满标记。

[18]    4.7s  Q: 什么时候能重置？
      A: 执行重置的前提是：你手边的激活骰子区里剩下的激活骰不超过三个。条件满足时就能执行，把所有列都重置空了也还能继续重置，只是那一步改成从供应堆拿一个八角柱放上。每次重置会推进阶段标记，推到红色格就会结束行动阶段。

[19]    4.3s  Q: 怎么狩猎？
      A: 狩猎就是你选一个有自己部落、且还没有狩猎标记的领地，把全部命运骰一起掷，选其中一个骰子的点数，对照进程版图上的狩猎表，按领地的地形类型和点数得出拿多少食物，放到自己控制台的食物格。最后从公共区取一个狩猎指示物放到那块领地，这个时代内谁都不能再在那块地狩猎了。

[20]    5.7s  Q: 怎么迁徙？
      A: 迁徙就是把一个站立的部落移动到相邻的领地。移动过去之后你有两个选择：一是落定，这时会结算迁徙触发，比如进入营地、获得篝火营地分或开发领地；二是选择继续旅程，也就是穿越，这个部落本回合还会再迁徙一次，但穿越不结算触发、不进营地、不得分。要注意只有站立的部落能迁徙，躺倒的不能。另外有船的话，也能让部落迁徙到相邻水域的船上。

[21]    3.8s  Q: 怎么生产原材料？
      A: 生产原材料要选一个有自己部落的领地，从供应堆拿一个标记放到这块领地上，标记类型就是这块领地材料板块上显示的那种。原材料本身没有价值，只有用船把它运回自己的仓库区，才能变成可用的仓库材料，用来建造或支付卡牌费用。船上有部落、且中央凹槽空着的时候也能在船上生产，那时再确定运的材料类型。

[22]   12.5s  Q: 原材料怎么变成能用的东西？
      A: 原材料生产出来后是放在大陆上的，还不是你的。要把它变成你能用的东西，关键是运输：通过生产模组或者运输行动，把这个标记搬回你面前的仓库区，放进仓库区就变成你能用的仓库材料了。生产模组每一级都能生产原材料，还能顺带运输一两个回仓库，等级越高能运越多。

[23]    5.1s  Q: 怎么建造？能建什么？
      A: 你能建四种东西：农场、船、雕像和聚落。

农场是放在有自己部落的陆地上，免费建，建完拿一个创意标记，最多三个，旁边不能有翻开的火山。船是放在和自己领地相邻的水域，免费，造完马上把一个部落迁到船上，最多两艘。雕像和聚落都放在建造点上，雕像要支付该建造点上印的某种仓库材料，建完推进任意进程轨一格；聚落要付它的材料费用，建完拿一个收入芯片并立即触发。每名玩家最多四个聚落，建到第四个还能翻面激活一个层级板块。每个建造点最多一个聚落加一个雕像，或者两个雕像。

[24]    5.6s  Q: 怎么运输材料？
      A: 运输材料就是把摆在大陆上或船上的原材料标记搬到你的仓库区，变成能用的仓库材料。分两种情况：陆地上的原材料，直接选大陆上任意一个你自己的原材料标记，不用管那片领地有没有你的部落，按它所在领地的材料板块类型放到对应仓库格就行；船上的原材料，选船上的一个材料标记，默认放到和船所在水域相邻的、已经开发的那片领地的材料类型对应的仓库格，如果开了运输模组第三级还能放宽放到任意仓库格。

[25]    4.5s  Q: 怎么获得研究牌？
      A: 研究牌一共五种类型，建造、洞悉、突变、成就、发明，每种独占一列。获得的方式是通过获得研究牌这个行动：先选一种类型，然后从对应的正面朝上牌堆顶或背面牌堆顶拿一张到手里；正面堆被拿空时会自动从背面堆翻一张补上。

[26]    8.3s  Q: 研究牌怎么安装？有什么限制？
      A: 研究牌安装很简单，流程是：先确定列和层级，然后满足费用格，结算成功点数，结算即时奖励，最后插进层级分区——只露出上三分之一，它的能力自此持续生效。

几个关键限制你要记住。第一，研究牌分建造、洞悉、突变、成就、发明五种，每种类型在分区里独占一列。如果你已经装过同类型的研究牌，就只能装到那一列的最低空位；还没装过的话，可以任选一个空列，或者选一个只放了收入芯片的列。第二，层级决定了你要满足哪几个费用格：安装在那一层，至少得满足前 N 格里所有非空格，费用格分支付型和持有型，支付型要交东西，持有型只要你有那么多东西就行，空格自动算满足。你也可以自愿多满足更高层的费用格，每多满足一格就多拿那格下方印的成功点数。另外层级四和五一开始没激活，要造第四个聚落才会解锁。

[27]    4.5s  Q: 激活骰和命运骰有什么区别？
      A: 两种骰子分工完全不同。激活骰是白色的六面骰，投出后按点数放在你控制台的骰子区，用来支付模组激活的费用，是你执行行动的"钱"；命运骰是粉色的六面骰，用在恩惠检定、狩猎、幸运收获这类靠运气判定的场合，掷出结果好坏决定能否通过。

[28]    3.1s  Q: 创意标记是干什么的？
      A: 创意标记放在你控制台的创意格上，主要用途是修改骰子点数。每消耗一个创意标记，可以把任意一颗激活骰或命运骰的点数加减一，而且一和六是相连的，也就是一个标记就能在一和六之间互改。另外建造农场会立刻送你一个创意标记。

[29]    4.6s  Q: 计划标记怎么用？
      A: 计划标记就是放在你控制台激活骰子区的小标记。玩法是：从供应堆取几个八角柱，放到控制台激活骰子区任意一个骰子格上，必须放同一格。激活模组时，如果模组需要某个点数的激活骰，你可以用放在对应点数格上的计划标记来顶替它付这笔费用，用完就放回供应堆。注意它只能顶替白色激活骰，不能顶替命运骰。

[30]    3.2s  Q: 焦点标记有什么用？
      A: 焦点标记是个特殊的计划标记，可以当作任意点数的计划标记用。激活模组时如果缺某个点数的激活骰，就把焦点格上的焦点标记放回供应堆，替代那个点数的激活骰来支付费用。

[31]    4.4s  Q: 1和6算相连吗？
      A: 是的。用创意标记调整骰子点数时，加减 1 是连成一圈的，1 和 6 相连，也就是说 6 加 1 会变成 1，1 减 1 会变成 6。恩惠检定里调整命运骰也遵循同样规则。

[32]    5.2s  Q: 骰子点数不够怎么办？
      A: 骰子点数不够的时候，你可以花创意标记来调点数。规则是这样：每支付一个创意标记，就能把自己手里一颗激活骰或命运骰的点数加一或减一，一颗标记就是一点。而且一和六是相连的，所以一个标记就能在一和六之间来回改。注意只能调骰子，不能调计划标记。

[33]    5.4s  Q: 喂不饱部落会怎样？
      A: 喂养阶段你没喂饱的话：站着的部落会躺倒变成虚弱，已经躺倒的虚弱部落就会直接死掉，从大陆上移除放回供应堆。除非你手上有机械降神能救一下。

[34]    3.8s  Q: 什么叫机械降神？什么时候能用？
      A: 机械降神是当你的一个部落即将死亡、也就是移除部落那个结算马上就要执行的时候才能用的行动。用了之后那个部落不死了，改成把你恩惠轨上的恩惠标记往后移一步。要是你的标记已经在轨的最左边，那就不能用了。

[35]    5.0s  Q: 机械降神用了会怎样？
      A: 机械降神是一个改写的行动。当你的一个部落即将死亡时，你可以不把它移除回供应堆，改把你阿格拉恩惠轨上的恩惠标记往后退一格。注意只有你的标记没到最左边那一格时才能用，不然用不了。

[36]    3.8s  Q: 狼谷是什么效果？
      A: 狼谷是地点阶段结算的持续效果：地点阶段时，你的部落若在狼谷相邻的领地上，且你的食物格里有食物，就失去一个食物；要是食物格空的，则不受影响。游戏里一共两块。

[37]    5.4s  Q: 冰川会怎样？
      A: 冰川是一块地点，一共两块，各自独立结算。地点阶段会结算它：你和冰川相邻的领地里，如果有站着的强壮部落，冰川会把其中一个强壮部落放倒变虚弱。已经躺倒的弱部落不受影响，要是你根本没有强壮部落，那就完全没事。

[38]    3.5s  Q: 神秘橡树怎么计分？
      A: 神秘橡树共三块，各自独立结算。在地点阶段，检查每块橡树相邻且有自己的部落的领地：水域、沼泽、沙漠区域每块得两分，森林、草原、丘陵、山脉区域每块得一分。

[39]    7.2s  Q: 地点怎么翻开？
      A: 地点板块开局是背面朝上随机放在大陆的格子上。当有部落第一次走到某块地点并开发时，如果那里不是水流区、而且材料板块还是背面朝上，就把这块板块翻到正面朝上，同时从供应堆放一个八角柱上去当原材料。翻过来之后就表示这块地已开发，能产出对应的仓库材料了。

[40]    5.7s  Q: 目标芯片怎么获得？有什么用？
      A: 目标芯片是蓝色的方形小板块，比收入芯片和属性芯片小一半。

怎么获得：进程版图右下角有个目标芯片展示区，牌面朝上摆着几枚，你从那里选一枚拿回自己面板左上角的目标区，目标区一共三格，满了一个格就叠在已有芯片上盖住它，拿完之后从袋子里随机补一枚回展示区。

有什么用：目标芯片代表你要完成的建设目标。把它从目标区装到面板左侧的目标列上，翻到背面选左半或右半安装到最低空位。安装时要满足芯片上印的费用条件，有的要付资源、有的只要求达成某种状态。装完一叠之后就能给一个主模组升级，而且目标区同一格的三枚都装完也会触发一次升级。

![目标芯片](http://localhost:5000/games/civolution/media/components/goal_chip.png)

[41]    5.3s  Q: 收入芯片怎么获得？什么时候激活？
      A: 收入芯片主要有几种拿法：从公共展示区正面朝上的三格里拿取，建造聚落时也会立刻送一枚并马上结算效果，另外一些奖励效果也能直接给你。安装到层级分区时效果不触发，真正激活结算是在收入阶段、天气为暖、以及进程轨奖励里你主动选中它时。

[42]    5.3s  Q: 属性芯片是干嘛的？
      A: 属性芯片是黄色的小芯片，从版图的市场区拿取，安装到你控制台的层级分区里。芯片左侧印的是安装费用，右侧印的是触发条件效果，中间那个图标只是装饰不参与规则。它主要通过激活时的效果给你好处，而且安装到层级分区后，终局时每层会按层级标示的分值给你计分，所以多装芯片也能推高终局分。

![属性芯片](http://localhost:5000/games/civolution/assets/components/page-04/attribute_chip.png)

[43]    2.6s  Q: 事件牌有什么作用？
      A: 事件牌每个时代翻开一张，作用有两部分。上半部分决定本时代天气变化方向，会移动天气标记；下半部分是事件效果，在事件阶段结算，满足条件就发放对应奖励。每张牌的条件和奖励都不一样。

[44]    6.9s  Q: 模组可以升级吗？怎么升？
      A: 可以升级。每当你推进进程轨越过奖励线时，会触发升级奖励：选一个未达等级三的主模组，只要它激活需要的两个骰子点数里有一个和你推进的那条轨对应的骰点一致，就能升一级。一级升二级是把板块翻面，二级升三级是把板块放回游戏盒，直接启用控制台上印着的三级效果。一共三级，只能升到三级为止。

[45]    4.4s  Q: 睡眠模组是什么？
      A: 睡眠模组是游戏里的一个特殊模组。激活它需要支付任意两颗激活骰，然后你可以二选一：拿一个焦点标记放到焦点格，或者拿两个创意标记放到创意格。它是没法升级的那种模组，属于所有模组里唯一的睡眠类型。

[46]    4.9s  Q: 模组激活要什么骰子？
      A: 激活模组用的是激活骰，就是那种白色的六面骰。每次激活一个模组，要支付恰好两颗对应点数的激活骰。另外计划标记可以替代等点数的激活骰来用，但只有激活骰能这样替代。

[47]    4.7s  Q: 阿格拉恩惠轨是干嘛的？
      A: 阿格拉恩惠轨就是记录主考官阿格拉对你青睐程度的轨，一格到六格。它管三件事：一是恩惠检定，你投命运骰，只要有一颗骰子点数落在从一到你当前格数的范围内就算通过，所以位置越靠后越容易过；二是雕像计分，每座雕像按你标记上方印的分数得；三是终局计分也会参考它。轨上只有六格，一般只能推进，不会倒退。

[48]    3.0s  Q: 恩惠检定是什么？
      A: 恩惠检定就是扔你手上所有的命运骰，可以花创意标记来调整骰子点数，骰子的点和六是连着的。只要有一颗骰子落在从一到你当前恩惠轨等级这个区间里，检定就算通过。

[49]    3.4s  Q: 游戏什么时候结束？
      A: 游戏一共进行四个时代。第四时代的收入阶段走完收入拿钱和雕像计分两步后，不再回收狩猎标记和补重置列，直接把阶段标记放到终局计分轨上，沿着科技、声望、知识、建设、文化、进化、繁荣、人口、扩张、控制台A、控制台B共十一个格子逐格结算。走完全部格子后比较总分，分数最高的玩家获胜。

[50]    5.1s  Q: 终局怎么计分？
      A: 终局计分在第四时代结束后进行。把标记放到终局计分区最左的科技格，然后沿六角格轨道一格一格向右推进，共十一个格：先是科技、声望、知识、建设、文化、进化、繁荣、人口、扩张这九个类别格，按每格对应图标下的计分板块类别计分，被板块覆盖的格取板块上的分数；接着是控制台Ａ格，结算层级分区；最后控制台Ｂ格，结算加分卡。走完全轨后比总分，最高者获胜，平手比模组升级数，再平比座次顺序。

[51]    7.8s  Q: 贵族怎么获得？
      A: 这个游戏里没有叫"贵族"的机制，我查了整个规则库都没有这个词。你是不是想问声望轨，或者某个特定卡牌或建筑的效果？你再确认下具体是指哪个东西，我好帮你查。

[52]    2.6s  Q: 什么时候游戏结束？
      A: 游戏共四个时代，每个时代八个阶段走完就结束。第四个时代的收入阶段只执行收入和雕像计分，随后进入终局计分，把阶段标记沿终局计分轨从科技格一路推到控制台格，走完十一格后比较总分，谁的成功点数最高谁获胜。

============================================================
共 52 题，总耗时 249.4s，平均 4.8s
慢于 15s 的 0 题：[]
